2026-05-26 11:20:21,275 [INFO] Activator:176 - 


2026-05-26 11:20:21,282 [INFO] Activator:177 - !SESSION log4j initialized
2026-05-26 11:20:29,924 [INFO] LogOutputStream:77 - [STDOUT_REDIRECT] 
2026-05-26 11:20:31,058 [INFO] ApplicationProperties:184 - Using Application install path: /opt/st/stm32cubeide_1.17.0_2/plugins/com.st.stm32cube.common.mx_6.13.0.202411220809
2026-05-26 11:20:31,087 [INFO] DbMcusXml:78 - Set database path to: /opt/st/stm32cubeide_1.17.0_2/plugins/com.st.stm32cube.common.mx_6.13.0.202411220809//db//mcu/
2026-05-26 11:20:31,088 [INFO] ApiDb:274 - Set plugin database path to: /opt/st/stm32cubeide_1.17.0_2/plugins/com.st.stm32cube.common.mx_6.13.0.202411220809//db//plugins/boardmanager/
2026-05-26 11:20:31,089 [WARN] ApiDb:259 - Overriding images path with different value:  => /opt/st/stm32cubeide_1.17.0_2/plugins/com.st.stm32cube.common.mx_6.13.0.202411220809//db//plugins/mcufinder/images/
2026-05-26 11:20:31,105 [INFO] ApiDb:250 - Set database path to: /home/santiago/.stmcufinder/plugins/mcufinder//mcu/
2026-05-26 11:20:31,107 [INFO] DbMcusAds:125 - Set database path to: /home/santiago/.stmcufinder/plugins/mcufinder//mcu/
2026-05-26 11:20:31,112 [INFO] CrossReferenceDbSqlite:203 - Set database path to: /home/santiago/.stmcufinder/plugins/mcufinder//mcu/cs/
2026-05-26 11:20:31,327 [INFO] RulesReader:64 - Compatibility file has been processed (297 Rules)
2026-05-26 11:20:31,430 [INFO] DbMcusXml:78 - Set database path to: /opt/st/stm32cubeide_1.17.0_2/plugins/com.st.stm32cube.common.mx_6.13.0.202411220809//db//mcu/
2026-05-26 11:20:31,430 [INFO] ApiDb:274 - Set plugin database path to: /opt/st/stm32cubeide_1.17.0_2/plugins/com.st.stm32cube.common.mx_6.13.0.202411220809//db//plugins/boardmanager/
2026-05-26 11:20:31,430 [INFO] ApiDb:261 - Set plugin images path to: /opt/st/stm32cubeide_1.17.0_2/plugins/com.st.stm32cube.common.mx_6.13.0.202411220809//db//plugins/mcufinder/images/
2026-05-26 11:20:31,431 [WARN] DbFile:41 - Overriding database path with different value: /home/santiago/.stmcufinder/plugins/mcufinder/ => /home/santiago/.stmcufinder/plugins/mcufinder
2026-05-26 11:20:31,431 [INFO] ApiDb:250 - Set database path to: /home/santiago/.stmcufinder/plugins/mcufinder//mcu/
2026-05-26 11:20:31,431 [WARN] DbFile:41 - Overriding database path with different value: /home/santiago/.stmcufinder/plugins/mcufinder/ => /home/santiago/.stmcufinder/plugins/mcufinder
2026-05-26 11:20:31,431 [INFO] DbMcusAds:125 - Set database path to: /home/santiago/.stmcufinder/plugins/mcufinder//mcu/
2026-05-26 11:20:31,431 [WARN] DbFile:41 - Overriding database path with different value: /home/santiago/.stmcufinder/plugins/mcufinder/ => /home/santiago/.stmcufinder/plugins/mcufinder
2026-05-26 11:20:31,431 [WARN] DbFile:41 - Overriding database path with different value: /home/santiago/.stmcufinder/plugins/mcufinder/ => /home/santiago/.stmcufinder/plugins/mcufinder
2026-05-26 11:20:31,432 [INFO] CrossReferenceDbSqlite:203 - Set database path to: /home/santiago/.stmcufinder/plugins/mcufinder//mcu/cs/
2026-05-26 11:20:31,539 [INFO] MainPanel:272 - HeapMemory: 268435456
2026-05-26 11:20:31,749 [INFO] DbMcusXml:78 - Set database path to: /opt/st/stm32cubeide_1.17.0_2/plugins/com.st.stm32cube.common.mx_6.13.0.202411220809//db//mcu/
2026-05-26 11:20:31,749 [INFO] ApiDb:274 - Set plugin database path to: /opt/st/stm32cubeide_1.17.0_2/plugins/com.st.stm32cube.common.mx_6.13.0.202411220809//db//plugins/boardmanager/
2026-05-26 11:20:31,749 [INFO] ApiDb:261 - Set plugin images path to: /opt/st/stm32cubeide_1.17.0_2/plugins/com.st.stm32cube.common.mx_6.13.0.202411220809//db//plugins/mcufinder/images/
2026-05-26 11:20:31,750 [WARN] DbFile:41 - Overriding database path with different value: /home/santiago/.stmcufinder/plugins/mcufinder/ => /home/santiago/.stmcufinder/plugins/mcufinder
2026-05-26 11:20:31,750 [INFO] ApiDb:250 - Set database path to: /home/santiago/.stmcufinder/plugins/mcufinder//mcu/
2026-05-26 11:20:31,750 [WARN] DbFile:41 - Overriding database path with different value: /home/santiago/.stmcufinder/plugins/mcufinder/ => /home/santiago/.stmcufinder/plugins/mcufinder
2026-05-26 11:20:31,751 [INFO] DbMcusAds:125 - Set database path to: /home/santiago/.stmcufinder/plugins/mcufinder//mcu/
2026-05-26 11:20:31,751 [WARN] DbFile:41 - Overriding database path with different value: /home/santiago/.stmcufinder/plugins/mcufinder/ => /home/santiago/.stmcufinder/plugins/mcufinder
2026-05-26 11:20:31,751 [WARN] DbFile:41 - Overriding database path with different value: /home/santiago/.stmcufinder/plugins/mcufinder/ => /home/santiago/.stmcufinder/plugins/mcufinder
2026-05-26 11:20:31,751 [INFO] CrossReferenceDbSqlite:203 - Set database path to: /home/santiago/.stmcufinder/plugins/mcufinder//mcu/cs/
2026-05-26 11:20:31,778 [INFO] ApplicationProperties:184 - Using Application install path: /opt/st/stm32cubeide_1.17.0_2/plugins/com.st.stm32cube.common.mx_6.13.0.202411220809
2026-05-26 11:20:31,780 [INFO] PluginManage:196 - Search for loadable plugins [exclusion list=, ]
2026-05-26 11:20:31,783 [INFO] PluginManage:310 - Check plugin analytics
2026-05-26 11:20:32,102 [INFO] AnalyticsPlugin:253 - Accepted Software Licenses: 
2026-05-26 11:20:32,102 [INFO] AnalyticsPlugin:255 - Accepted CMSIS Pack Licenses: 
2026-05-26 11:20:32,102 [INFO] AnalyticsPlugin:257 - Accepted Firmware Licenses: FW.F4.1.28.0
2026-05-26 11:20:32,111 [INFO] PluginManage:359 - Loaded plugin analytics (category:tool,tabindex:-1)
2026-05-26 11:20:32,112 [INFO] PluginManage:310 - Check plugin cadmodel
2026-05-26 11:20:32,120 [INFO] CADModel:105 - Init CAD model plugin
2026-05-26 11:20:32,120 [INFO] PluginManage:359 - Loaded plugin cadmodel (category:power,tabindex:5)
2026-05-26 11:20:32,121 [INFO] PluginManage:310 - Check plugin clock
2026-05-26 11:20:32,140 [INFO] PluginManage:359 - Loaded plugin clock (category:base,tabindex:2)
2026-05-26 11:20:32,140 [INFO] PluginManage:310 - Check plugin ddr
2026-05-26 11:20:32,144 [INFO] PluginManage:359 - Loaded plugin ddr (category:tool,tabindex:6)
2026-05-26 11:20:32,145 [INFO] PluginManage:310 - Check plugin filemanager
2026-05-26 11:20:32,511 [INFO] PluginManage:359 - Loaded plugin filemanager (category:base,tabindex:10)
2026-05-26 11:20:32,511 [INFO] PluginManage:310 - Check plugin ipmanager
2026-05-26 11:20:32,527 [INFO] PluginManage:359 - Loaded plugin ipmanager (category:base,tabindex:5)
2026-05-26 11:20:32,528 [INFO] PluginManage:310 - Check plugin lpbam
2026-05-26 11:20:32,550 [INFO] PluginManage:359 - Loaded plugin lpbam (category:base,tabindex:0)
2026-05-26 11:20:32,550 [INFO] PluginManage:310 - Check plugin memorymap
2026-05-26 11:20:32,579 [INFO] PluginManage:359 - Loaded plugin memorymap (category:base,tabindex:4)
2026-05-26 11:20:32,580 [INFO] PluginManage:310 - Check plugin pinoutandconfiguration
2026-05-26 11:20:32,599 [INFO] PluginManage:359 - Loaded plugin pinoutandconfiguration (category:base,tabindex:1)
2026-05-26 11:20:32,599 [INFO] PluginManage:310 - Check plugin pinoutconfig
2026-05-26 11:20:32,814 [WARN] SupportedApi:132 - Cannot load RTOS API schema: s4s-elt-must-match.1: The content of 'definitions' must match (annotation?, (simpleType | complexType)?, (unique | key | keyref)*)). A problem was found starting at: attribute.
2026-05-26 11:20:33,092 [INFO] PluginManage:359 - Loaded plugin pinoutconfig (category:base,tabindex:0)
2026-05-26 11:20:33,093 [INFO] PluginManage:310 - Check plugin power
2026-05-26 11:20:33,111 [INFO] PluginManage:359 - Loaded plugin power (category:power,tabindex:4)
2026-05-26 11:20:33,111 [INFO] PluginManage:310 - Check plugin projectmanager
2026-05-26 11:20:33,145 [INFO] PluginManage:359 - Loaded plugin projectmanager (category:projectmanager,tabindex:4)
2026-05-26 11:20:33,145 [INFO] PluginManage:310 - Check plugin rif
2026-05-26 11:20:33,161 [INFO] PluginManage:359 - Loaded plugin rif (category:base,tabindex:3)
2026-05-26 11:20:33,162 [INFO] PluginManage:310 - Check plugin thirdparty
2026-05-26 11:20:33,425 [INFO] PluginManage:359 - Loaded plugin thirdparty (category:base,tabindex:-1)
2026-05-26 11:20:33,425 [WARN] IntegrityCheckThread:84 - waiting for thirdparty lock release [integrity check]
2026-05-26 11:20:33,426 [INFO] PluginManage:310 - Check plugin tools
2026-05-26 11:20:33,426 [INFO] IntegrityCheckThread:86 - entering critical section [integrity check]
2026-05-26 11:20:33,427 [INFO] ThirdPartyUpdaterWithRetryManager:70 - Updater plugin not ready yet. [1/15]
2026-05-26 11:20:33,430 [INFO] PluginManage:359 - Loaded plugin tools (category:base,tabindex:7)
2026-05-26 11:20:33,431 [INFO] PluginManage:310 - Check plugin tutovideos
2026-05-26 11:20:33,864 [INFO] PluginManage:359 - Loaded plugin tutovideos (category:base,tabindex:-1)
2026-05-26 11:20:33,865 [INFO] PluginManage:310 - Check plugin updater
2026-05-26 11:20:33,924 [INFO] PluginManage:359 - Loaded plugin updater (category:base,tabindex:12)
2026-05-26 11:20:33,924 [INFO] PluginManage:310 - Check plugin userauth
2026-05-26 11:20:33,931 [INFO] UserAuth:118 - Init User Auth plugin
2026-05-26 11:20:33,933 [INFO] PluginManage:359 - Loaded plugin userauth (category:base,tabindex:14)
2026-05-26 11:20:33,935 [INFO] PluginManage:283 - PluginManage : Loaded plugins [18]
2026-05-26 11:20:34,436 [INFO] PinOutPanel:1589 - setPackage(No Configuration,No Configuration)
2026-05-26 11:20:34,593 [INFO] CADModel:165 - CPN selected for project level
2026-05-26 11:20:34,593 [INFO] CADModel:114 - Register for checkConnection events
2026-05-26 11:20:34,620 [INFO] IPUIPlugin:80 - create IPUIPlugin
2026-05-26 11:20:34,620 [INFO] PluginManager:220 - loadIPPluginJar : add ipddr
2026-05-26 11:20:34,625 [INFO] IPUIPlugin:80 - create IPUIPlugin
2026-05-26 11:20:34,626 [INFO] PluginManager:220 - loadIPPluginJar : add gtzc
2026-05-26 11:20:34,631 [INFO] IPUIPlugin:80 - create IPUIPlugin
2026-05-26 11:20:34,632 [INFO] PluginManager:220 - loadIPPluginJar : add usbx
2026-05-26 11:20:34,637 [INFO] IPUIPlugin:80 - create IPUIPlugin
2026-05-26 11:20:34,637 [INFO] PluginManager:220 - loadIPPluginJar : add openamp
2026-05-26 11:20:34,641 [INFO] IPUIPlugin:80 - create IPUIPlugin
2026-05-26 11:20:34,642 [INFO] PluginManager:220 - loadIPPluginJar : add can
2026-05-26 11:20:34,655 [INFO] IPUIPlugin:80 - create IPUIPlugin
2026-05-26 11:20:34,655 [INFO] PluginManager:220 - loadIPPluginJar : add linkedlist
2026-05-26 11:20:34,658 [INFO] IPUIPlugin:80 - create IPUIPlugin
2026-05-26 11:20:34,658 [INFO] PluginManager:220 - loadIPPluginJar : add tim
2026-05-26 11:20:34,673 [INFO] IPUIPlugin:80 - create IPUIPlugin
2026-05-26 11:20:34,674 [INFO] PluginManager:220 - loadIPPluginJar : add fmc
2026-05-26 11:20:34,678 [INFO] IPUIPlugin:80 - create IPUIPlugin
2026-05-26 11:20:34,678 [INFO] PluginManager:220 - loadIPPluginJar : add i2s
2026-05-26 11:20:34,684 [INFO] IPUIPlugin:80 - create IPUIPlugin
2026-05-26 11:20:34,684 [INFO] PluginManager:220 - loadIPPluginJar : add cryp
2026-05-26 11:20:34,694 [INFO] IPUIPlugin:80 - create IPUIPlugin
2026-05-26 11:20:34,694 [INFO] PluginManager:220 - loadIPPluginJar : add stm32_wpan
2026-05-26 11:20:34,699 [INFO] IPUIPlugin:80 - create IPUIPlugin
2026-05-26 11:20:34,700 [INFO] PluginManager:220 - loadIPPluginJar : add i3c
2026-05-26 11:20:34,703 [INFO] IPUIPlugin:80 - create IPUIPlugin
2026-05-26 11:20:34,703 [INFO] PluginManager:220 - loadIPPluginJar : add quadspi
2026-05-26 11:20:34,714 [INFO] IPUIPlugin:80 - create IPUIPlugin
2026-05-26 11:20:34,715 [INFO] PluginManager:220 - loadIPPluginJar : add dma
2026-05-26 11:20:34,717 [INFO] IPUIPlugin:80 - create IPUIPlugin
2026-05-26 11:20:34,717 [INFO] PluginManager:220 - loadIPPluginJar : add ltdc
2026-05-26 11:20:34,724 [INFO] IPUIPlugin:80 - create IPUIPlugin
2026-05-26 11:20:34,724 [INFO] PluginManager:220 - loadIPPluginJar : add nvic
2026-05-26 11:20:34,731 [INFO] IPUIPlugin:80 - create IPUIPlugin
2026-05-26 11:20:34,731 [INFO] PluginManager:220 - loadIPPluginJar : add opamp
2026-05-26 11:20:34,741 [INFO] IPUIPlugin:80 - create IPUIPlugin
2026-05-26 11:20:34,742 [INFO] PluginManager:220 - loadIPPluginJar : add freertos
2026-05-26 11:20:34,747 [INFO] IPUIPlugin:80 - create IPUIPlugin
2026-05-26 11:20:34,748 [INFO] PluginManager:220 - loadIPPluginJar : add hash
2026-05-26 11:20:34,757 [INFO] IPUIPlugin:80 - create IPUIPlugin
2026-05-26 11:20:34,757 [INFO] PluginManager:220 - loadIPPluginJar : add touchsensing
2026-05-26 11:20:34,762 [INFO] IPUIPlugin:80 - create IPUIPlugin
2026-05-26 11:20:34,762 [INFO] PluginManager:220 - loadIPPluginJar : add spi
2026-05-26 11:20:34,766 [INFO] IPUIPlugin:80 - create IPUIPlugin
2026-05-26 11:20:34,766 [INFO] PluginManager:220 - loadIPPluginJar : add comp
2026-05-26 11:20:34,770 [INFO] IPUIPlugin:80 - create IPUIPlugin
2026-05-26 11:20:34,770 [INFO] PluginManager:220 - loadIPPluginJar : add ucpd
2026-05-26 11:20:34,776 [INFO] IPUIPlugin:80 - create IPUIPlugin
2026-05-26 11:20:34,776 [INFO] PluginManager:220 - loadIPPluginJar : add ddr_ctrl_phy
2026-05-26 11:20:34,780 [INFO] IPUIPlugin:80 - create IPUIPlugin
2026-05-26 11:20:34,780 [INFO] PluginManager:220 - loadIPPluginJar : add fatfs
2026-05-26 11:20:34,786 [INFO] IPUIPlugin:80 - create IPUIPlugin
2026-05-26 11:20:34,786 [INFO] PluginManager:220 - loadIPPluginJar : add dma3
2026-05-26 11:20:34,793 [INFO] IPUIPlugin:80 - create IPUIPlugin
2026-05-26 11:20:34,793 [INFO] PluginManager:220 - loadIPPluginJar : add sai
2026-05-26 11:20:34,799 [INFO] IPUIPlugin:80 - create IPUIPlugin
2026-05-26 11:20:34,799 [INFO] PluginManager:220 - loadIPPluginJar : add extmemmanager
2026-05-26 11:20:34,804 [INFO] IPUIPlugin:80 - create IPUIPlugin
2026-05-26 11:20:34,805 [INFO] PluginManager:220 - loadIPPluginJar : add i2c
2026-05-26 11:20:34,808 [INFO] IPUIPlugin:80 - create IPUIPlugin
2026-05-26 11:20:34,808 [INFO] PluginManager:220 - loadIPPluginJar : add tracer_emb
2026-05-26 11:20:34,811 [INFO] IPUIPlugin:80 - create IPUIPlugin
2026-05-26 11:20:34,811 [INFO] PluginManager:220 - loadIPPluginJar : add ts
2026-05-26 11:20:34,818 [INFO] IPUIPlugin:80 - create IPUIPlugin
2026-05-26 11:20:34,819 [INFO] PluginManager:220 - loadIPPluginJar : add resmgrutility
2026-05-26 11:20:34,827 [INFO] IPUIPlugin:80 - create IPUIPlugin
2026-05-26 11:20:34,827 [INFO] PluginManager:220 - loadIPPluginJar : add gic
2026-05-26 11:20:34,831 [INFO] IPUIPlugin:80 - create IPUIPlugin
2026-05-26 11:20:34,831 [INFO] PluginManager:220 - loadIPPluginJar : add usart
2026-05-26 11:20:34,834 [INFO] IPUIPlugin:80 - create IPUIPlugin
2026-05-26 11:20:34,834 [INFO] PluginManager:220 - loadIPPluginJar : add tsc
2026-05-26 11:20:34,837 [INFO] IPUIPlugin:80 - create IPUIPlugin
2026-05-26 11:20:34,838 [INFO] PluginManager:220 - loadIPPluginJar : add gfxmmu
2026-05-26 11:20:34,847 [INFO] IPUIPlugin:80 - create IPUIPlugin
2026-05-26 11:20:34,848 [INFO] PluginManager:220 - loadIPPluginJar : add mdma
2026-05-26 11:20:34,852 [INFO] IPUIPlugin:80 - create IPUIPlugin
2026-05-26 11:20:34,852 [INFO] PluginManager:220 - loadIPPluginJar : add lorawan
2026-05-26 11:20:34,862 [INFO] IPUIPlugin:80 - create IPUIPlugin
2026-05-26 11:20:34,863 [INFO] PluginManager:220 - loadIPPluginJar : add adc
2026-05-26 11:20:34,865 [INFO] IPUIPlugin:80 - create IPUIPlugin
2026-05-26 11:20:34,865 [INFO] PluginManager:220 - loadIPPluginJar : add genericplugin
2026-05-26 11:20:34,869 [INFO] IPUIPlugin:80 - create IPUIPlugin
2026-05-26 11:20:34,870 [INFO] PluginManager:220 - loadIPPluginJar : add pdm2pcm
2026-05-26 11:20:34,876 [INFO] IPUIPlugin:80 - create IPUIPlugin
2026-05-26 11:20:34,877 [INFO] PluginManager:220 - loadIPPluginJar : add radio
2026-05-26 11:20:34,881 [INFO] IPUIPlugin:80 - create IPUIPlugin
2026-05-26 11:20:34,881 [INFO] PluginManager:220 - loadIPPluginJar : add aes
2026-05-26 11:20:34,891 [INFO] IPUIPlugin:80 - create IPUIPlugin
2026-05-26 11:20:34,896 [INFO] PluginManager:220 - loadIPPluginJar : add plateformsettings
2026-05-26 11:20:34,903 [INFO] IPUIPlugin:80 - create IPUIPlugin
2026-05-26 11:20:34,904 [INFO] PluginManager:220 - loadIPPluginJar : add gpio
2026-05-26 11:20:34,907 [INFO] IPUIPlugin:80 - create IPUIPlugin
2026-05-26 11:20:34,908 [INFO] PluginManager:220 - loadIPPluginJar : add dfsdm
2026-05-26 11:20:35,051 [FATAL] Updater:351 - Updater called before beeing initialized
2026-05-26 11:20:35,131 [INFO] RulesReader:64 - Compatibility file has been processed (297 Rules)
2026-05-26 11:20:35,163 [INFO] RulesReader:64 - Compatibility file has been processed (297 Rules)
2026-05-26 11:20:35,178 [INFO] CADModel:165 - CPN selected for project level
2026-05-26 11:20:35,178 [INFO] CADModel:114 - Register for checkConnection events
2026-05-26 11:20:35,178 [FATAL] Updater:351 - Updater called before beeing initialized
2026-05-26 11:20:35,179 [ERROR] CADModel:125 - Updater not yet initialized, retry later 
2026-05-26 11:20:35,418 [FATAL] Updater:351 - Updater called before beeing initialized
2026-05-26 11:20:35,421 [INFO] CADModel:165 - CPN selected for project level
2026-05-26 11:20:35,422 [INFO] CADModel:114 - Register for checkConnection events
2026-05-26 11:20:35,422 [FATAL] Updater:351 - Updater called before beeing initialized
2026-05-26 11:20:35,422 [ERROR] CADModel:125 - Updater not yet initialized, retry later 
2026-05-26 11:20:35,428 [FATAL] Updater:351 - Updater called before beeing initialized
2026-05-26 11:20:35,584 [FATAL] Updater:351 - Updater called before beeing initialized
2026-05-26 11:20:35,592 [INFO] DbMcusAds:53 - JSON generation date=Mon Apr 27 03:14:29 COT 2026 (1777277669577)
2026-05-26 11:20:35,592 [FATAL] Updater:351 - Updater called before beeing initialized
2026-05-26 11:20:35,699 [WARN] DetailPanel:346 - Failed to get advertising image, set to default
2026-05-26 11:20:36,290 [FATAL] Updater:351 - Updater called before beeing initialized
2026-05-26 11:20:36,293 [FATAL] Updater:351 - Updater called before beeing initialized
2026-05-26 11:20:36,293 [FATAL] Updater:351 - Updater called before beeing initialized
2026-05-26 11:20:36,293 [WARN] DetailPanel:346 - Failed to get advertising image, set to default
2026-05-26 11:20:36,295 [FATAL] Updater:351 - Updater called before beeing initialized
2026-05-26 11:20:36,362 [ERROR] Updater:1198 - MainUpdater not yet initialized. External WinMGr cannot be set.
2026-05-26 11:20:36,365 [INFO] Updater:1134 - Updater Version found : 6.13.0
2026-05-26 11:20:36,397 [INFO] ApplicationProperties:184 - Using Application install path: /opt/st/stm32cubeide_1.17.0_2/plugins/com.st.stm32cube.common.mx_6.13.0.202411220809
2026-05-26 11:20:36,427 [INFO] ThirdPartyUpdaterWithRetryManager:70 - Updater plugin not ready yet. [2/15]
2026-05-26 11:20:36,806 [INFO] MainUpdater:2872 - connection check result : 10
2026-05-26 11:20:36,806 [INFO] MainUpdater:3566 - Updater definition file requires update
2026-05-26 11:20:36,807 [INFO] MainUpdater:289 - Updater Check For Update Now.
2026-05-26 11:20:36,807 [INFO] MicroXplorer:498 - Change Database Version : DB.6.0.130
2026-05-26 11:20:36,815 [INFO] McuFinderGlobals:63 - Set McuFinder mode to 2 (CubeIDE integrated)
2026-05-26 11:20:36,818 [INFO] UserAuth:486 - Internet connection configuration mode: 1
2026-05-26 11:20:36,841 [INFO] ServerAccessManage:473 - Download File updaters.zip
2026-05-26 11:20:36,842 [INFO] JxBrowserEngine:152 - Initiate JxBrowser Engine with user profile folder
2026-05-26 11:20:37,028 [INFO] FileExtend:240 - Unzip File : updaters.zip
2026-05-26 11:20:37,029 [INFO] FileExtend:255 - Standard Zip Deflate
2026-05-26 11:20:37,417 [INFO] ServerAccessManage:473 - Download File PacksControlFlags.xml
2026-05-26 11:20:37,580 [INFO] ServerAccessManage:473 - Download File cubemx.pidx
2026-05-26 11:20:38,888 [INFO] WebApp:168 - Instantiating new browser for Auth
2026-05-26 11:20:39,428 [WARN] MainUpdater:1193 - Updater busy. Cannot search thirdparties
2026-05-26 11:20:39,429 [INFO] ThirdPartyUpdaterWithRetryManager:96 - Updater plugin is busy. [1/15]
2026-05-26 11:20:39,849 [INFO] ServerAccessManage:473 - Download File STMicroelectronics.X-CUBE-ALGOBUILD.pdsc
2026-05-26 11:20:40,695 [INFO] WebApp:449 - Apply proxy settings
2026-05-26 11:20:40,695 [INFO] WebApp:534 - Chromium requires no authentication
2026-05-26 11:20:40,711 [INFO] WebApp:477 - Direct internet connection detected
2026-05-26 11:20:40,757 [INFO] WebApp:880 - Register for checkConnection events
2026-05-26 11:20:40,758 [INFO] WebApp:449 - Apply proxy settings
2026-05-26 11:20:40,758 [INFO] WebApp:534 - Chromium requires no authentication
2026-05-26 11:20:40,759 [INFO] WebApp:477 - Direct internet connection detected
2026-05-26 11:20:41,136 [INFO] WebApp:221 - Starting web application
2026-05-26 11:20:41,137 [INFO] WebApp:579 - Web application path used /opt/st/stm32cubeide_1.17.0_2/plugins/com.st.stm32cube.common.mx_6.13.0.202411220809/db/plugins/mcufinder/reactClient1/index.html
2026-05-26 11:20:41,134 [INFO] WebApp:187 - Connection restablished
2026-05-26 11:20:41,438 [INFO] UserAuth:486 - Internet connection configuration mode: 1
2026-05-26 11:20:42,430 [WARN] MainUpdater:1193 - Updater busy. Cannot search thirdparties
2026-05-26 11:20:42,430 [INFO] ThirdPartyUpdaterWithRetryManager:96 - Updater plugin is busy. [2/15]
2026-05-26 11:20:45,431 [WARN] MainUpdater:1193 - Updater busy. Cannot search thirdparties
2026-05-26 11:20:45,431 [INFO] ThirdPartyUpdaterWithRetryManager:96 - Updater plugin is busy. [3/15]
2026-05-26 11:20:47,025 [INFO] ServerAccessManage:473 - Download File Cesanta.I-CUBE-Mongoose.pdsc
2026-05-26 11:20:48,432 [WARN] MainUpdater:1193 - Updater busy. Cannot search thirdparties
2026-05-26 11:20:48,433 [INFO] ThirdPartyUpdaterWithRetryManager:96 - Updater plugin is busy. [4/15]
2026-05-26 11:20:51,434 [WARN] MainUpdater:1193 - Updater busy. Cannot search thirdparties
2026-05-26 11:20:51,435 [INFO] ThirdPartyUpdaterWithRetryManager:96 - Updater plugin is busy. [5/15]
2026-05-26 11:20:53,078 [WARN] PackLoader:240 - Cannot read IP mode file for STMicroelectronics.X-CUBE-ALGOBUILD.1.5.0
2026-05-26 11:20:53,103 [WARN] PackLoader:240 - Cannot read IP mode file for Cesanta.I-CUBE-Mongoose.7.21.7
2026-05-26 11:20:53,104 [INFO] PopulateThirdPartyThread:66 - Ending populate Thread
2026-05-26 11:20:53,110 [INFO] ThirdParty:1030 - CMSIS Pack Vendor :STMicroelectronics X-CUBE-ALGOBUILD 1.5.0
2026-05-26 11:20:53,110 [INFO] ThirdParty:1030 - CMSIS Pack Vendor :Cesanta I-CUBE-Mongoose 7.21.7
2026-05-26 11:20:53,111 [INFO] LoadServerUpdatesThread:375 - End of LoadServerUpdate Thread
2026-05-26 11:20:53,227 [INFO] CheckServerUpdateThread:120 - End of CheckServer Thread
2026-05-26 11:20:54,810 [WARN] PackLoader:240 - Cannot read IP mode file for STMicroelectronics.X-CUBE-AZRTOS-H7.3.5.0
2026-05-26 11:20:54,832 [WARN] PackLoader:240 - Cannot read IP mode file for STMicroelectronics.FP-SNS-MOTENVWB1.1.4.0
2026-05-26 11:20:54,844 [WARN] PackLoader:240 - Cannot read IP mode file for STMicroelectronics.X-CUBE-SMBUS.2.1.0
2026-05-26 11:20:54,889 [WARN] PackLoader:240 - Cannot read IP mode file for STMicroelectronics.X-CUBE-AZRTOS-F7.1.1.0
2026-05-26 11:20:54,904 [ERROR] Engine:466 - /home/santiago/.stm32cubemx/thirdparties/pdsc/WES.I-CUBE-Cesium.1.4.0.pdsc: PDSC version is not supported
2026-05-26 11:20:54,917 [WARN] PackLoader:240 - Cannot read IP mode file for STMicroelectronics.X-CUBE-DISPLAY.3.0.0
2026-05-26 11:20:54,938 [WARN] PackLoader:240 - Cannot read IP mode file for STMicroelectronics.X-CUBE-GNSS1.7.1.1
2026-05-26 11:20:54,945 [ERROR] Engine:466 - /home/santiago/.stm32cubemx/thirdparties/pdsc/STMicroelectronics.FP-SNS-MOTENVWB1.1.5.0.pdsc: PDSC version is not supported
2026-05-26 11:20:54,951 [WARN] PackLoader:240 - Cannot read IP mode file for wolfSSL.I-CUBE-wolfSSL.5.9.1
2026-05-26 11:20:54,964 [WARN] PackLoader:240 - Cannot read IP mode file for STMicroelectronics.X-CUBE-NFC10.1.0.0
2026-05-26 11:20:54,978 [WARN] PackLoader:240 - Cannot read IP mode file for STMicroelectronics.X-CUBE-ST60.1.1.0
2026-05-26 11:20:54,989 [WARN] PackLoader:240 - Cannot read IP mode file for emotas.I-CUBE-CANOPEN.1.3.0
2026-05-26 11:20:54,999 [WARN] PackLoader:240 - Cannot read IP mode file for STMicroelectronics.FP-SNS-SMARTAG2.1.2.0
2026-05-26 11:20:55,019 [INFO] LogOutputStream:77 - [STDOUT_REDIRECT] 1 : Invalid condition id : UX_CORESTACK_Condition cause : null
2026-05-26 11:20:55,020 [INFO] LogOutputStream:77 - [STDOUT_REDIRECT] 1 : Invalid condition id : UX_CORESTACK_Condition cause : null
2026-05-26 11:20:55,020 [INFO] LogOutputStream:77 - [STDOUT_REDIRECT] 1 : Invalid condition id : UX_CORESTACK_Condition cause : null
2026-05-26 11:20:55,021 [INFO] LogOutputStream:77 - [STDOUT_REDIRECT] 1 : Invalid condition id : UX_CORESTACK_Condition cause : null
2026-05-26 11:20:55,022 [INFO] LogOutputStream:77 - [STDOUT_REDIRECT] 1 : Invalid condition id : UX_CORESTACK_Condition cause : null
2026-05-26 11:20:55,030 [WARN] PackLoader:240 - Cannot read IP mode file for STMicroelectronics.X-CUBE-AZRTOS-WL.2.0.0
2026-05-26 11:20:55,083 [WARN] PackLoader:240 - Cannot read IP mode file for STMicroelectronics.X-CUBE-AZRTOS-H7RS.1.2.0
2026-05-26 11:20:55,104 [WARN] PackLoader:240 - Cannot read IP mode file for STMicroelectronics.X-CUBE-BLE2.3.3.0
2026-05-26 11:20:55,168 [WARN] PackLoader:240 - Cannot read IP mode file for Infineon.AIROC-Wi-Fi-Bluetooth-STM32.1.8.0
2026-05-26 11:20:55,194 [WARN] PackLoader:240 - Cannot read IP mode file for STMicroelectronics.X-CUBE-NFC9.1.0.0
2026-05-26 11:20:55,205 [WARN] PackLoader:240 - Cannot read IP mode file for wolfSSL.I-CUBE-wolfMQTT.1.19.2
2026-05-26 11:20:55,209 [ERROR] Engine:466 - /home/santiago/.stm32cubemx/thirdparties/pdsc/STMicroelectronics.FP-SNS-STAIOTCFT.1.1.0.pdsc: PDSC version is not supported
2026-05-26 11:20:55,239 [WARN] PackLoader:240 - Cannot read IP mode file for STMicroelectronics.X-CUBE-AZRTOS-G0.1.1.0
2026-05-26 11:20:55,251 [WARN] PackLoader:240 - Cannot read IP mode file for STMicroelectronics.X-CUBE-NFC4.3.0.0
2026-05-26 11:20:55,267 [WARN] PackLoader:240 - Cannot read IP mode file for EmbeddedOffice.I-CUBE-FS-RTOS.1.0.1
2026-05-26 11:20:55,273 [WARN] PackLoader:240 - Cannot read IP mode file for wolfSSL.I-CUBE-wolfTPM.3.8.0
2026-05-26 11:20:55,281 [WARN] PackLoader:240 - Cannot read IP mode file for STMicroelectronics.X-CUBE-TCPP.4.2.0
2026-05-26 11:20:55,294 [WARN] PackLoader:240 - Cannot read IP mode file for RealThread.X-CUBE-RT-Thread_Nano.4.1.1
2026-05-26 11:20:55,300 [WARN] PackLoader:240 - Cannot read IP mode file for STMicroelectronics.FP-ATR-SIGFOX1.3.2.0
2026-05-26 11:20:55,304 [ERROR] Engine:466 - /home/santiago/.stm32cubemx/thirdparties/pdsc/STMicroelectronics.X-CUBE-FREERTOS.1.5.0.pdsc: PDSC version is not supported
2026-05-26 11:20:55,310 [WARN] PackLoader:240 - Cannot read IP mode file for ITTIA_DB.I-CUBE-ITTIADB.8.9.0
2026-05-26 11:20:55,314 [WARN] PackLoader:240 - Cannot read IP mode file for Cesanta.I-CUBE-Mongoose.7.21.7
2026-05-26 11:20:55,356 [WARN] PackLoader:240 - Cannot read IP mode file for STMicroelectronics.X-CUBE-NFC6.3.2.0
2026-05-26 11:20:55,487 [WARN] PackLoader:240 - Cannot read IP mode file for STMicroelectronics.X-CUBE-MEMS1.12.1.0
2026-05-26 11:20:55,782 [WARN] PackLoader:240 - Cannot read IP mode file for SEGGER.I-CUBE-embOS.1.3.1
2026-05-26 11:20:55,890 [WARN] PackLoader:240 - Cannot read IP mode file for STMicroelectronics.X-CUBE-ALGOBUILD.1.4.0
2026-05-26 11:20:55,896 [WARN] PackLoader:240 - Cannot read IP mode file for STMicroelectronics.X-CUBE-PM33A1.1.0.0
2026-05-26 11:20:55,928 [WARN] PackLoader:240 - Cannot read IP mode file for STMicroelectronics.X-CUBE-AZRTOS-F4.1.1.0
2026-05-26 11:20:55,941 [WARN] PackLoader:240 - Cannot read IP mode file for STMicroelectronics.X-CUBE-ISPU.2.1.0
2026-05-26 11:20:55,951 [ERROR] Engine:466 - /home/santiago/.stm32cubemx/thirdparties/pdsc/STMicroelectronics.X-CUBE-IPS.3.2.0.pdsc: PDSC version is not supported
2026-05-26 11:20:55,954 [WARN] PackLoader:240 - Cannot read IP mode file for STMicroelectronics.eDS-WB_DPC_TT-BIDIR.2.1.1
2026-05-26 11:20:55,964 [WARN] PackLoader:240 - Cannot read IP mode file for STMicroelectronics.X-CUBE-NFC12.1.0.0
2026-05-26 11:20:56,001 [WARN] PackLoader:240 - Cannot read IP mode file for STMicroelectronics.X-CUBE-AZRTOS-L5.2.0.0
2026-05-26 11:20:56,020 [WARN] PackLoader:240 - Cannot read IP mode file for STMicroelectronics.X-CUBE-ALGOBUILD.1.5.0
2026-05-26 11:20:56,025 [WARN] PackLoader:240 - Cannot read IP mode file for STMicroelectronics.eDS-WB_DPC_VIENNA.1.2.0
2026-05-26 11:20:56,028 [WARN] PackLoader:240 - Cannot read IP mode file for STMicroelectronics.eDS-WB_DPC_3PH2L-BIDIR.1.1.1
2026-05-26 11:20:56,034 [ERROR] Engine:466 - /home/santiago/.stm32cubemx/thirdparties/pdsc/STMicroelectronics.X-CUBE-ST67W61.1.3.0.pdsc: PDSC version is not supported
2026-05-26 11:20:56,038 [WARN] PackLoader:240 - Cannot read IP mode file for STMicroelectronics.X-CUBE-TOUCHGFX.4.26.1
2026-05-26 11:20:56,044 [WARN] PackLoader:240 - Cannot read IP mode file for STMicroelectronics.FP-SNS-STAIOTCFT.1.0.0
2026-05-26 11:20:56,079 [WARN] ConditionMgr:438 - getConditionDescription Invalid condition id : LAN8742 Phy interface Condition cause : null
2026-05-26 11:20:56,082 [WARN] PackLoader:240 - Cannot read IP mode file for STMicroelectronics.X-CUBE-AZRTOS-L4.2.0.0
2026-05-26 11:20:56,085 [WARN] ConditionMgr:1044 - genDependencies : Invalid condition id : LAN8742 Phy interface Condition cause : null
2026-05-26 11:20:56,086 [WARN] ConditionMgr:1044 - genDependencies : Invalid condition id : LAN8742 Phy interface Condition cause : null
2026-05-26 11:20:56,088 [WARN] ConditionMgr:1044 - genDependencies : Invalid condition id : LAN8742 Phy interface Condition cause : null
2026-05-26 11:20:56,105 [WARN] PackLoader:240 - Cannot read IP mode file for STMicroelectronics.X-CUBE-SFXS2LP1.4.0.0
2026-05-26 11:20:56,119 [WARN] PackLoader:240 - Cannot read IP mode file for STMicroelectronics.X-CUBE-WB05N.2.1.0
2026-05-26 11:20:56,148 [WARN] ConditionMgr:438 - getConditionDescription Invalid condition id : UX DEVICE CLASS RTOS Condition cause : null
2026-05-26 11:20:56,148 [WARN] ConditionMgr:438 - getConditionDescription Invalid condition id : UX DEVICE CLASS RTOS Condition cause : null
2026-05-26 11:20:56,155 [WARN] PackLoader:240 - Cannot read IP mode file for STMicroelectronics.X-CUBE-AZRTOS-WB.2.0.0
2026-05-26 11:20:56,157 [WARN] ConditionMgr:1044 - genDependencies : Invalid condition id : UX DEVICE CLASS RTOS Condition cause : null
2026-05-26 11:20:56,157 [WARN] ConditionMgr:1044 - genDependencies : Invalid condition id : UX DEVICE CLASS RTOS Condition cause : null
2026-05-26 11:20:56,158 [WARN] ConditionMgr:1044 - genDependencies : Invalid condition id : UX DEVICE CLASS RTOS Condition cause : null
2026-05-26 11:20:56,159 [WARN] ConditionMgr:1044 - genDependencies : Invalid condition id : UX DEVICE CLASS RTOS Condition cause : null
2026-05-26 11:20:56,160 [WARN] ConditionMgr:1044 - genDependencies : Invalid condition id : UX DEVICE CLASS RTOS Condition cause : null
2026-05-26 11:20:56,167 [WARN] ConditionMgr:438 - getConditionDescription Invalid condition id : Cortex-A Device cause : null
2026-05-26 11:20:56,178 [WARN] ConditionMgr:1044 - genDependencies : Invalid condition id : Cortex-A Device cause : null
2026-05-26 11:20:56,178 [WARN] ConditionMgr:1044 - genDependencies : Invalid condition id : Cortex-A Device cause : null
2026-05-26 11:20:56,179 [WARN] ConditionMgr:1044 - genDependencies : Invalid condition id : Cortex-A Device cause : null
2026-05-26 11:20:56,204 [WARN] PackLoader:240 - Cannot read IP mode file for STMicroelectronics.X-CUBE-STSE01.2.0.0
2026-05-26 11:20:56,247 [WARN] PackLoader:240 - Cannot read IP mode file for STMicroelectronics.X-CUBE-SUBG2.5.0.0
2026-05-26 11:20:56,297 [WARN] PackLoader:240 - Cannot read IP mode file for STMicroelectronics.X-CUBE-AZRTOS-G4.2.0.0
2026-05-26 11:20:56,307 [WARN] PackLoader:240 - Cannot read IP mode file for wolfSSL.I-CUBE-wolfSSH.1.4.20
2026-05-26 11:20:56,318 [WARN] PackLoader:240 - Cannot read IP mode file for STMicroelectronics.X-CUBE-NFC7.2.0.0
2026-05-26 11:20:56,328 [WARN] PackLoader:240 - Cannot read IP mode file for STMicroelectronics.X-CUBE-ALS.1.0.2
2026-05-26 11:20:56,358 [WARN] PackLoader:240 - Cannot read IP mode file for STMicroelectronics.X-CUBE-TOF1.3.4.3
2026-05-26 11:20:56,400 [INFO] ThirdParty:978 - Integrity check success = true
2026-05-26 11:20:56,400 [INFO] IntegrityCheckThread:100 - exiting critical section [integrity check]
2026-05-26 11:20:56,401 [INFO] IntegrityCheckThread:103 - End integrity checks thread
2026-05-26 11:22:33,327 [INFO] WebApp:190 - Connection lost
2026-05-26 11:22:33,996 [INFO] WebApp:187 - Connection restablished
2026-05-26 11:23:48,223 [ERROR] ConfigurationRetriever:142 - IOException on connection: Connect timed out
2026-05-26 11:25:20,363 [ERROR] AdobePublisher:162 - Exception while opening the connection: java.net.SocketTimeoutException: Read timed out
2026-05-26 11:26:22,638 [ERROR] ConfigurationRetriever:142 - IOException on connection: sw-center.st.com
2026-05-26 11:26:22,640 [ERROR] ConfigurationRetriever:142 - IOException on connection: sw-center.st.com
2026-05-26 11:26:22,641 [ERROR] ConfigurationRetriever:142 - IOException on connection: sw-center.st.com
2026-05-26 11:29:08,472 [INFO] WebApp:190 - Connection lost
2026-05-26 11:29:09,182 [INFO] WebApp:187 - Connection restablished
2026-05-26 11:29:11,207 [INFO] WebApp:190 - Connection lost
2026-05-26 11:29:11,810 [INFO] WebApp:187 - Connection restablished
2026-05-26 11:58:29,920 [INFO] WebApp:190 - Connection lost
2026-05-26 11:59:04,752 [INFO] WebApp:187 - Connection restablished
2026-05-26 11:59:06,950 [INFO] WebApp:190 - Connection lost
2026-05-26 11:59:07,198 [INFO] WebApp:187 - Connection restablished
2026-05-26 14:58:50,769 [INFO] WebApp:190 - Connection lost
2026-05-26 14:58:55,406 [INFO] WebApp:187 - Connection restablished
2026-05-26 14:58:57,211 [INFO] WebApp:190 - Connection lost
2026-05-26 14:59:26,155 [INFO] WebApp:187 - Connection restablished
2026-05-26 16:46:06,837 [INFO] WebApp:190 - Connection lost
2026-05-26 16:46:11,419 [INFO] WebApp:187 - Connection restablished
2026-05-26 16:46:12,862 [INFO] WebApp:190 - Connection lost
2026-05-26 16:46:13,441 [INFO] WebApp:187 - Connection restablished
2026-05-26 16:47:58,320 [ERROR] LogOutputStream:75 - [STDERR_REDIRECT] 
