2026-05-19 18:25:13,569 [INFO] Activator:176 - 


2026-05-19 18:25:13,575 [INFO] Activator:177 - !SESSION log4j initialized
2026-05-19 18:25:17,274 [INFO] LogOutputStream:77 - [STDOUT_REDIRECT] 
2026-05-19 18:25:19,981 [INFO] ApplicationProperties:184 - Using Application install path: /opt/st/stm32cubeide_1.17.0_2/plugins/com.st.stm32cube.common.mx_6.13.0.202411220809
2026-05-19 18:25:19,997 [INFO] DbMcusXml:78 - Set database path to: /opt/st/stm32cubeide_1.17.0_2/plugins/com.st.stm32cube.common.mx_6.13.0.202411220809//db//mcu/
2026-05-19 18:25:19,997 [INFO] ApiDb:274 - Set plugin database path to: /opt/st/stm32cubeide_1.17.0_2/plugins/com.st.stm32cube.common.mx_6.13.0.202411220809//db//plugins/boardmanager/
2026-05-19 18:25:19,998 [WARN] ApiDb:259 - Overriding images path with different value:  => /opt/st/stm32cubeide_1.17.0_2/plugins/com.st.stm32cube.common.mx_6.13.0.202411220809//db//plugins/mcufinder/images/
2026-05-19 18:25:20,006 [INFO] ApiDb:250 - Set database path to: /home/santiago/.stmcufinder/plugins/mcufinder//mcu/
2026-05-19 18:25:20,007 [INFO] DbMcusAds:125 - Set database path to: /home/santiago/.stmcufinder/plugins/mcufinder//mcu/
2026-05-19 18:25:20,009 [INFO] CrossReferenceDbSqlite:203 - Set database path to: /home/santiago/.stmcufinder/plugins/mcufinder//mcu/cs/
2026-05-19 18:25:20,180 [INFO] RulesReader:64 - Compatibility file has been processed (297 Rules)
2026-05-19 18:25:20,237 [INFO] DbMcusXml:78 - Set database path to: /opt/st/stm32cubeide_1.17.0_2/plugins/com.st.stm32cube.common.mx_6.13.0.202411220809//db//mcu/
2026-05-19 18:25:20,237 [INFO] ApiDb:274 - Set plugin database path to: /opt/st/stm32cubeide_1.17.0_2/plugins/com.st.stm32cube.common.mx_6.13.0.202411220809//db//plugins/boardmanager/
2026-05-19 18:25:20,238 [INFO] ApiDb:261 - Set plugin images path to: /opt/st/stm32cubeide_1.17.0_2/plugins/com.st.stm32cube.common.mx_6.13.0.202411220809//db//plugins/mcufinder/images/
2026-05-19 18:25:20,238 [WARN] DbFile:41 - Overriding database path with different value: /home/santiago/.stmcufinder/plugins/mcufinder/ => /home/santiago/.stmcufinder/plugins/mcufinder
2026-05-19 18:25:20,238 [INFO] ApiDb:250 - Set database path to: /home/santiago/.stmcufinder/plugins/mcufinder//mcu/
2026-05-19 18:25:20,238 [WARN] DbFile:41 - Overriding database path with different value: /home/santiago/.stmcufinder/plugins/mcufinder/ => /home/santiago/.stmcufinder/plugins/mcufinder
2026-05-19 18:25:20,238 [INFO] DbMcusAds:125 - Set database path to: /home/santiago/.stmcufinder/plugins/mcufinder//mcu/
2026-05-19 18:25:20,238 [WARN] DbFile:41 - Overriding database path with different value: /home/santiago/.stmcufinder/plugins/mcufinder/ => /home/santiago/.stmcufinder/plugins/mcufinder
2026-05-19 18:25:20,238 [WARN] DbFile:41 - Overriding database path with different value: /home/santiago/.stmcufinder/plugins/mcufinder/ => /home/santiago/.stmcufinder/plugins/mcufinder
2026-05-19 18:25:20,238 [INFO] CrossReferenceDbSqlite:203 - Set database path to: /home/santiago/.stmcufinder/plugins/mcufinder//mcu/cs/
2026-05-19 18:25:20,290 [INFO] MainPanel:272 - HeapMemory: 268435456
2026-05-19 18:25:20,402 [INFO] DbMcusXml:78 - Set database path to: /opt/st/stm32cubeide_1.17.0_2/plugins/com.st.stm32cube.common.mx_6.13.0.202411220809//db//mcu/
2026-05-19 18:25:20,402 [INFO] ApiDb:274 - Set plugin database path to: /opt/st/stm32cubeide_1.17.0_2/plugins/com.st.stm32cube.common.mx_6.13.0.202411220809//db//plugins/boardmanager/
2026-05-19 18:25:20,402 [INFO] ApiDb:261 - Set plugin images path to: /opt/st/stm32cubeide_1.17.0_2/plugins/com.st.stm32cube.common.mx_6.13.0.202411220809//db//plugins/mcufinder/images/
2026-05-19 18:25:20,402 [WARN] DbFile:41 - Overriding database path with different value: /home/santiago/.stmcufinder/plugins/mcufinder/ => /home/santiago/.stmcufinder/plugins/mcufinder
2026-05-19 18:25:20,402 [INFO] ApiDb:250 - Set database path to: /home/santiago/.stmcufinder/plugins/mcufinder//mcu/
2026-05-19 18:25:20,403 [WARN] DbFile:41 - Overriding database path with different value: /home/santiago/.stmcufinder/plugins/mcufinder/ => /home/santiago/.stmcufinder/plugins/mcufinder
2026-05-19 18:25:20,403 [INFO] DbMcusAds:125 - Set database path to: /home/santiago/.stmcufinder/plugins/mcufinder//mcu/
2026-05-19 18:25:20,403 [WARN] DbFile:41 - Overriding database path with different value: /home/santiago/.stmcufinder/plugins/mcufinder/ => /home/santiago/.stmcufinder/plugins/mcufinder
2026-05-19 18:25:20,403 [WARN] DbFile:41 - Overriding database path with different value: /home/santiago/.stmcufinder/plugins/mcufinder/ => /home/santiago/.stmcufinder/plugins/mcufinder
2026-05-19 18:25:20,403 [INFO] CrossReferenceDbSqlite:203 - Set database path to: /home/santiago/.stmcufinder/plugins/mcufinder//mcu/cs/
2026-05-19 18:25:20,417 [INFO] ApplicationProperties:184 - Using Application install path: /opt/st/stm32cubeide_1.17.0_2/plugins/com.st.stm32cube.common.mx_6.13.0.202411220809
2026-05-19 18:25:20,418 [INFO] PluginManage:196 - Search for loadable plugins [exclusion list=, ]
2026-05-19 18:25:20,419 [INFO] PluginManage:310 - Check plugin analytics
2026-05-19 18:25:20,612 [INFO] AnalyticsPlugin:253 - Accepted Software Licenses: 
2026-05-19 18:25:20,613 [INFO] AnalyticsPlugin:255 - Accepted CMSIS Pack Licenses: 
2026-05-19 18:25:20,613 [INFO] AnalyticsPlugin:257 - Accepted Firmware Licenses: FW.F4.1.28.0
2026-05-19 18:25:20,616 [INFO] PluginManage:359 - Loaded plugin analytics (category:tool,tabindex:-1)
2026-05-19 18:25:20,617 [INFO] PluginManage:310 - Check plugin cadmodel
2026-05-19 18:25:20,622 [INFO] CADModel:105 - Init CAD model plugin
2026-05-19 18:25:20,623 [INFO] PluginManage:359 - Loaded plugin cadmodel (category:power,tabindex:5)
2026-05-19 18:25:20,623 [INFO] PluginManage:310 - Check plugin clock
2026-05-19 18:25:20,632 [INFO] PluginManage:359 - Loaded plugin clock (category:base,tabindex:2)
2026-05-19 18:25:20,632 [INFO] PluginManage:310 - Check plugin ddr
2026-05-19 18:25:20,635 [INFO] PluginManage:359 - Loaded plugin ddr (category:tool,tabindex:6)
2026-05-19 18:25:20,635 [INFO] PluginManage:310 - Check plugin filemanager
2026-05-19 18:25:20,782 [INFO] PluginManage:359 - Loaded plugin filemanager (category:base,tabindex:10)
2026-05-19 18:25:20,782 [INFO] PluginManage:310 - Check plugin ipmanager
2026-05-19 18:25:20,787 [INFO] PluginManage:359 - Loaded plugin ipmanager (category:base,tabindex:5)
2026-05-19 18:25:20,787 [INFO] PluginManage:310 - Check plugin lpbam
2026-05-19 18:25:20,796 [INFO] PluginManage:359 - Loaded plugin lpbam (category:base,tabindex:0)
2026-05-19 18:25:20,796 [INFO] PluginManage:310 - Check plugin memorymap
2026-05-19 18:25:20,805 [INFO] PluginManage:359 - Loaded plugin memorymap (category:base,tabindex:4)
2026-05-19 18:25:20,805 [INFO] PluginManage:310 - Check plugin pinoutandconfiguration
2026-05-19 18:25:20,812 [INFO] PluginManage:359 - Loaded plugin pinoutandconfiguration (category:base,tabindex:1)
2026-05-19 18:25:20,812 [INFO] PluginManage:310 - Check plugin pinoutconfig
2026-05-19 18:25:20,887 [WARN] SupportedApi:132 - Cannot load RTOS API schema: s4s-elt-must-match.1: The content of 'definitions' must match (annotation?, (simpleType | complexType)?, (unique | key | keyref)*)). A problem was found starting at: attribute.
2026-05-19 18:25:20,997 [INFO] PluginManage:359 - Loaded plugin pinoutconfig (category:base,tabindex:0)
2026-05-19 18:25:20,997 [INFO] PluginManage:310 - Check plugin power
2026-05-19 18:25:21,008 [INFO] PluginManage:359 - Loaded plugin power (category:power,tabindex:4)
2026-05-19 18:25:21,008 [INFO] PluginManage:310 - Check plugin projectmanager
2026-05-19 18:25:21,024 [INFO] PluginManage:359 - Loaded plugin projectmanager (category:projectmanager,tabindex:4)
2026-05-19 18:25:21,024 [INFO] PluginManage:310 - Check plugin rif
2026-05-19 18:25:21,036 [INFO] PluginManage:359 - Loaded plugin rif (category:base,tabindex:3)
2026-05-19 18:25:21,037 [INFO] PluginManage:310 - Check plugin thirdparty
2026-05-19 18:25:21,155 [WARN] IntegrityCheckThread:84 - waiting for thirdparty lock release [integrity check]
2026-05-19 18:25:21,155 [INFO] PluginManage:359 - Loaded plugin thirdparty (category:base,tabindex:-1)
2026-05-19 18:25:21,155 [INFO] IntegrityCheckThread:86 - entering critical section [integrity check]
2026-05-19 18:25:21,155 [INFO] PluginManage:310 - Check plugin tools
2026-05-19 18:25:21,156 [INFO] ThirdPartyUpdaterWithRetryManager:70 - Updater plugin not ready yet. [1/15]
2026-05-19 18:25:21,157 [INFO] PluginManage:359 - Loaded plugin tools (category:base,tabindex:7)
2026-05-19 18:25:21,158 [INFO] PluginManage:310 - Check plugin tutovideos
2026-05-19 18:25:21,300 [INFO] PluginManage:359 - Loaded plugin tutovideos (category:base,tabindex:-1)
2026-05-19 18:25:21,300 [INFO] PluginManage:310 - Check plugin updater
2026-05-19 18:25:21,320 [INFO] PluginManage:359 - Loaded plugin updater (category:base,tabindex:12)
2026-05-19 18:25:21,320 [INFO] PluginManage:310 - Check plugin userauth
2026-05-19 18:25:21,324 [INFO] UserAuth:118 - Init User Auth plugin
2026-05-19 18:25:21,324 [INFO] PluginManage:359 - Loaded plugin userauth (category:base,tabindex:14)
2026-05-19 18:25:21,325 [INFO] PluginManage:283 - PluginManage : Loaded plugins [18]
2026-05-19 18:25:21,476 [INFO] PinOutPanel:1589 - setPackage(No Configuration,No Configuration)
2026-05-19 18:25:21,539 [INFO] CADModel:165 - CPN selected for project level
2026-05-19 18:25:21,539 [INFO] CADModel:114 - Register for checkConnection events
2026-05-19 18:25:21,554 [INFO] IPUIPlugin:80 - create IPUIPlugin
2026-05-19 18:25:21,555 [INFO] PluginManager:220 - loadIPPluginJar : add ipddr
2026-05-19 18:25:21,557 [INFO] IPUIPlugin:80 - create IPUIPlugin
2026-05-19 18:25:21,557 [INFO] PluginManager:220 - loadIPPluginJar : add gtzc
2026-05-19 18:25:21,560 [INFO] IPUIPlugin:80 - create IPUIPlugin
2026-05-19 18:25:21,560 [INFO] PluginManager:220 - loadIPPluginJar : add usbx
2026-05-19 18:25:21,563 [INFO] IPUIPlugin:80 - create IPUIPlugin
2026-05-19 18:25:21,563 [INFO] PluginManager:220 - loadIPPluginJar : add openamp
2026-05-19 18:25:21,565 [INFO] IPUIPlugin:80 - create IPUIPlugin
2026-05-19 18:25:21,566 [INFO] PluginManager:220 - loadIPPluginJar : add can
2026-05-19 18:25:21,571 [INFO] IPUIPlugin:80 - create IPUIPlugin
2026-05-19 18:25:21,572 [INFO] PluginManager:220 - loadIPPluginJar : add linkedlist
2026-05-19 18:25:21,573 [INFO] IPUIPlugin:80 - create IPUIPlugin
2026-05-19 18:25:21,574 [INFO] PluginManager:220 - loadIPPluginJar : add tim
2026-05-19 18:25:21,579 [INFO] IPUIPlugin:80 - create IPUIPlugin
2026-05-19 18:25:21,579 [INFO] PluginManager:220 - loadIPPluginJar : add fmc
2026-05-19 18:25:21,581 [INFO] IPUIPlugin:80 - create IPUIPlugin
2026-05-19 18:25:21,581 [INFO] PluginManager:220 - loadIPPluginJar : add i2s
2026-05-19 18:25:21,583 [INFO] IPUIPlugin:80 - create IPUIPlugin
2026-05-19 18:25:21,583 [INFO] PluginManager:220 - loadIPPluginJar : add cryp
2026-05-19 18:25:21,587 [INFO] IPUIPlugin:80 - create IPUIPlugin
2026-05-19 18:25:21,587 [INFO] PluginManager:220 - loadIPPluginJar : add stm32_wpan
2026-05-19 18:25:21,589 [INFO] IPUIPlugin:80 - create IPUIPlugin
2026-05-19 18:25:21,589 [INFO] PluginManager:220 - loadIPPluginJar : add i3c
2026-05-19 18:25:21,591 [INFO] IPUIPlugin:80 - create IPUIPlugin
2026-05-19 18:25:21,591 [INFO] PluginManager:220 - loadIPPluginJar : add quadspi
2026-05-19 18:25:21,595 [INFO] IPUIPlugin:80 - create IPUIPlugin
2026-05-19 18:25:21,596 [INFO] PluginManager:220 - loadIPPluginJar : add dma
2026-05-19 18:25:21,597 [INFO] IPUIPlugin:80 - create IPUIPlugin
2026-05-19 18:25:21,597 [INFO] PluginManager:220 - loadIPPluginJar : add ltdc
2026-05-19 18:25:21,599 [INFO] IPUIPlugin:80 - create IPUIPlugin
2026-05-19 18:25:21,599 [INFO] PluginManager:220 - loadIPPluginJar : add nvic
2026-05-19 18:25:21,601 [INFO] IPUIPlugin:80 - create IPUIPlugin
2026-05-19 18:25:21,602 [INFO] PluginManager:220 - loadIPPluginJar : add opamp
2026-05-19 18:25:21,606 [INFO] IPUIPlugin:80 - create IPUIPlugin
2026-05-19 18:25:21,606 [INFO] PluginManager:220 - loadIPPluginJar : add freertos
2026-05-19 18:25:21,607 [INFO] IPUIPlugin:80 - create IPUIPlugin
2026-05-19 18:25:21,607 [INFO] PluginManager:220 - loadIPPluginJar : add hash
2026-05-19 18:25:21,609 [INFO] IPUIPlugin:80 - create IPUIPlugin
2026-05-19 18:25:21,610 [INFO] PluginManager:220 - loadIPPluginJar : add touchsensing
2026-05-19 18:25:21,611 [INFO] IPUIPlugin:80 - create IPUIPlugin
2026-05-19 18:25:21,611 [INFO] PluginManager:220 - loadIPPluginJar : add spi
2026-05-19 18:25:21,613 [INFO] IPUIPlugin:80 - create IPUIPlugin
2026-05-19 18:25:21,613 [INFO] PluginManager:220 - loadIPPluginJar : add comp
2026-05-19 18:25:21,615 [INFO] IPUIPlugin:80 - create IPUIPlugin
2026-05-19 18:25:21,615 [INFO] PluginManager:220 - loadIPPluginJar : add ucpd
2026-05-19 18:25:21,617 [INFO] IPUIPlugin:80 - create IPUIPlugin
2026-05-19 18:25:21,618 [INFO] PluginManager:220 - loadIPPluginJar : add ddr_ctrl_phy
2026-05-19 18:25:21,619 [INFO] IPUIPlugin:80 - create IPUIPlugin
2026-05-19 18:25:21,619 [INFO] PluginManager:220 - loadIPPluginJar : add fatfs
2026-05-19 18:25:21,620 [INFO] IPUIPlugin:80 - create IPUIPlugin
2026-05-19 18:25:21,621 [INFO] PluginManager:220 - loadIPPluginJar : add dma3
2026-05-19 18:25:21,622 [INFO] IPUIPlugin:80 - create IPUIPlugin
2026-05-19 18:25:21,623 [INFO] PluginManager:220 - loadIPPluginJar : add sai
2026-05-19 18:25:21,625 [INFO] IPUIPlugin:80 - create IPUIPlugin
2026-05-19 18:25:21,625 [INFO] PluginManager:220 - loadIPPluginJar : add extmemmanager
2026-05-19 18:25:21,626 [INFO] IPUIPlugin:80 - create IPUIPlugin
2026-05-19 18:25:21,627 [INFO] PluginManager:220 - loadIPPluginJar : add i2c
2026-05-19 18:25:21,628 [INFO] IPUIPlugin:80 - create IPUIPlugin
2026-05-19 18:25:21,628 [INFO] PluginManager:220 - loadIPPluginJar : add tracer_emb
2026-05-19 18:25:21,629 [INFO] IPUIPlugin:80 - create IPUIPlugin
2026-05-19 18:25:21,630 [INFO] PluginManager:220 - loadIPPluginJar : add ts
2026-05-19 18:25:21,632 [INFO] IPUIPlugin:80 - create IPUIPlugin
2026-05-19 18:25:21,632 [INFO] PluginManager:220 - loadIPPluginJar : add resmgrutility
2026-05-19 18:25:21,636 [INFO] IPUIPlugin:80 - create IPUIPlugin
2026-05-19 18:25:21,637 [INFO] PluginManager:220 - loadIPPluginJar : add gic
2026-05-19 18:25:21,639 [INFO] IPUIPlugin:80 - create IPUIPlugin
2026-05-19 18:25:21,639 [INFO] PluginManager:220 - loadIPPluginJar : add usart
2026-05-19 18:25:21,641 [INFO] IPUIPlugin:80 - create IPUIPlugin
2026-05-19 18:25:21,641 [INFO] PluginManager:220 - loadIPPluginJar : add tsc
2026-05-19 18:25:21,642 [INFO] IPUIPlugin:80 - create IPUIPlugin
2026-05-19 18:25:21,643 [INFO] PluginManager:220 - loadIPPluginJar : add gfxmmu
2026-05-19 18:25:21,648 [INFO] IPUIPlugin:80 - create IPUIPlugin
2026-05-19 18:25:21,648 [INFO] PluginManager:220 - loadIPPluginJar : add mdma
2026-05-19 18:25:21,650 [INFO] IPUIPlugin:80 - create IPUIPlugin
2026-05-19 18:25:21,650 [INFO] PluginManager:220 - loadIPPluginJar : add lorawan
2026-05-19 18:25:21,655 [INFO] IPUIPlugin:80 - create IPUIPlugin
2026-05-19 18:25:21,655 [INFO] PluginManager:220 - loadIPPluginJar : add adc
2026-05-19 18:25:21,656 [INFO] IPUIPlugin:80 - create IPUIPlugin
2026-05-19 18:25:21,657 [INFO] PluginManager:220 - loadIPPluginJar : add genericplugin
2026-05-19 18:25:21,659 [INFO] IPUIPlugin:80 - create IPUIPlugin
2026-05-19 18:25:21,659 [INFO] PluginManager:220 - loadIPPluginJar : add pdm2pcm
2026-05-19 18:25:21,660 [INFO] IPUIPlugin:80 - create IPUIPlugin
2026-05-19 18:25:21,661 [INFO] PluginManager:220 - loadIPPluginJar : add radio
2026-05-19 18:25:21,663 [INFO] IPUIPlugin:80 - create IPUIPlugin
2026-05-19 18:25:21,663 [INFO] PluginManager:220 - loadIPPluginJar : add aes
2026-05-19 18:25:21,668 [INFO] IPUIPlugin:80 - create IPUIPlugin
2026-05-19 18:25:21,670 [INFO] PluginManager:220 - loadIPPluginJar : add plateformsettings
2026-05-19 18:25:21,673 [INFO] IPUIPlugin:80 - create IPUIPlugin
2026-05-19 18:25:21,673 [INFO] PluginManager:220 - loadIPPluginJar : add gpio
2026-05-19 18:25:21,675 [INFO] IPUIPlugin:80 - create IPUIPlugin
2026-05-19 18:25:21,675 [INFO] PluginManager:220 - loadIPPluginJar : add dfsdm
2026-05-19 18:25:21,775 [FATAL] Updater:351 - Updater called before beeing initialized
2026-05-19 18:25:21,806 [INFO] RulesReader:64 - Compatibility file has been processed (297 Rules)
2026-05-19 18:25:21,821 [INFO] RulesReader:64 - Compatibility file has been processed (297 Rules)
2026-05-19 18:25:21,829 [INFO] CADModel:165 - CPN selected for project level
2026-05-19 18:25:21,829 [INFO] CADModel:114 - Register for checkConnection events
2026-05-19 18:25:21,829 [FATAL] Updater:351 - Updater called before beeing initialized
2026-05-19 18:25:21,829 [ERROR] CADModel:125 - Updater not yet initialized, retry later 
2026-05-19 18:25:21,951 [FATAL] Updater:351 - Updater called before beeing initialized
2026-05-19 18:25:21,952 [INFO] CADModel:165 - CPN selected for project level
2026-05-19 18:25:21,952 [INFO] CADModel:114 - Register for checkConnection events
2026-05-19 18:25:21,953 [FATAL] Updater:351 - Updater called before beeing initialized
2026-05-19 18:25:21,953 [ERROR] CADModel:125 - Updater not yet initialized, retry later 
2026-05-19 18:25:21,955 [FATAL] Updater:351 - Updater called before beeing initialized
2026-05-19 18:25:22,036 [FATAL] Updater:351 - Updater called before beeing initialized
2026-05-19 18:25:22,040 [INFO] DbMcusAds:53 - JSON generation date=Mon Apr 27 03:14:29 COT 2026 (1777277669577)
2026-05-19 18:25:22,040 [FATAL] Updater:351 - Updater called before beeing initialized
2026-05-19 18:25:22,071 [WARN] DetailPanel:346 - Failed to get advertising image, set to default
2026-05-19 18:25:22,301 [FATAL] Updater:351 - Updater called before beeing initialized
2026-05-19 18:25:22,303 [FATAL] Updater:351 - Updater called before beeing initialized
2026-05-19 18:25:22,303 [FATAL] Updater:351 - Updater called before beeing initialized
2026-05-19 18:25:22,303 [WARN] DetailPanel:346 - Failed to get advertising image, set to default
2026-05-19 18:25:22,303 [FATAL] Updater:351 - Updater called before beeing initialized
2026-05-19 18:25:22,329 [ERROR] Updater:1198 - MainUpdater not yet initialized. External WinMGr cannot be set.
2026-05-19 18:25:22,330 [INFO] Updater:1134 - Updater Version found : 6.13.0
2026-05-19 18:25:22,343 [INFO] ApplicationProperties:184 - Using Application install path: /opt/st/stm32cubeide_1.17.0_2/plugins/com.st.stm32cube.common.mx_6.13.0.202411220809
2026-05-19 18:25:22,616 [INFO] MainUpdater:2872 - connection check result : 10
2026-05-19 18:25:22,617 [INFO] MainUpdater:3566 - Updater definition file requires update
2026-05-19 18:25:22,617 [INFO] MainUpdater:289 - Updater Check For Update Now.
2026-05-19 18:25:22,617 [INFO] MicroXplorer:498 - Change Database Version : DB.6.0.130
2026-05-19 18:25:22,622 [INFO] McuFinderGlobals:63 - Set McuFinder mode to 2 (CubeIDE integrated)
2026-05-19 18:25:22,623 [INFO] UserAuth:486 - Internet connection configuration mode: 1
2026-05-19 18:25:22,634 [INFO] JxBrowserEngine:152 - Initiate JxBrowser Engine with user profile folder
2026-05-19 18:25:22,644 [INFO] ServerAccessManage:473 - Download File updaters.zip
2026-05-19 18:25:22,797 [INFO] FileExtend:240 - Unzip File : updaters.zip
2026-05-19 18:25:22,797 [INFO] FileExtend:255 - Standard Zip Deflate
2026-05-19 18:25:23,005 [INFO] ServerAccessManage:473 - Download File PacksControlFlags.xml
2026-05-19 18:25:23,097 [INFO] ServerAccessManage:473 - Download File cubemx.pidx
2026-05-19 18:25:23,248 [INFO] LoadServerUpdatesThread:375 - End of LoadServerUpdate Thread
2026-05-19 18:25:23,450 [INFO] CheckServerUpdateThread:120 - End of CheckServer Thread
2026-05-19 18:25:23,636 [INFO] WebApp:168 - Instantiating new browser for Auth
2026-05-19 18:25:24,448 [INFO] WebApp:449 - Apply proxy settings
2026-05-19 18:25:24,448 [INFO] WebApp:534 - Chromium requires no authentication
2026-05-19 18:25:24,463 [INFO] WebApp:477 - Direct internet connection detected
2026-05-19 18:25:24,484 [WARN] PackLoader:240 - Cannot read IP mode file for STMicroelectronics.X-CUBE-AZRTOS-H7.3.5.0
2026-05-19 18:25:24,499 [INFO] WebApp:880 - Register for checkConnection events
2026-05-19 18:25:24,500 [INFO] WebApp:449 - Apply proxy settings
2026-05-19 18:25:24,500 [INFO] WebApp:534 - Chromium requires no authentication
2026-05-19 18:25:24,501 [INFO] WebApp:477 - Direct internet connection detected
2026-05-19 18:25:24,511 [WARN] PackLoader:240 - Cannot read IP mode file for STMicroelectronics.FP-SNS-MOTENVWB1.1.4.0
2026-05-19 18:25:24,524 [WARN] PackLoader:240 - Cannot read IP mode file for STMicroelectronics.X-CUBE-SMBUS.2.1.0
2026-05-19 18:25:24,577 [WARN] PackLoader:240 - Cannot read IP mode file for STMicroelectronics.X-CUBE-AZRTOS-F7.1.1.0
2026-05-19 18:25:24,594 [ERROR] Engine:466 - /home/santiago/.stm32cubemx/thirdparties/pdsc/WES.I-CUBE-Cesium.1.4.0.pdsc: PDSC version is not supported
2026-05-19 18:25:24,609 [WARN] PackLoader:240 - Cannot read IP mode file for STMicroelectronics.X-CUBE-DISPLAY.3.0.0
2026-05-19 18:25:24,626 [WARN] PackLoader:240 - Cannot read IP mode file for STMicroelectronics.X-CUBE-GNSS1.7.1.1
2026-05-19 18:25:24,631 [ERROR] Engine:466 - /home/santiago/.stm32cubemx/thirdparties/pdsc/STMicroelectronics.FP-SNS-MOTENVWB1.1.5.0.pdsc: PDSC version is not supported
2026-05-19 18:25:24,634 [WARN] PackLoader:240 - Cannot read IP mode file for wolfSSL.I-CUBE-wolfSSL.5.9.1
2026-05-19 18:25:24,642 [WARN] PackLoader:240 - Cannot read IP mode file for STMicroelectronics.X-CUBE-NFC10.1.0.0
2026-05-19 18:25:24,651 [WARN] PackLoader:240 - Cannot read IP mode file for STMicroelectronics.X-CUBE-ST60.1.1.0
2026-05-19 18:25:24,658 [WARN] PackLoader:240 - Cannot read IP mode file for emotas.I-CUBE-CANOPEN.1.3.0
2026-05-19 18:25:24,662 [WARN] PackLoader:240 - Cannot read IP mode file for STMicroelectronics.FP-SNS-SMARTAG2.1.2.0
2026-05-19 18:25:24,671 [INFO] LogOutputStream:77 - [STDOUT_REDIRECT] 1 : Invalid condition id : UX_CORESTACK_Condition cause : null
2026-05-19 18:25:24,672 [INFO] LogOutputStream:77 - [STDOUT_REDIRECT] 1 : Invalid condition id : UX_CORESTACK_Condition cause : null
2026-05-19 18:25:24,672 [INFO] LogOutputStream:77 - [STDOUT_REDIRECT] 1 : Invalid condition id : UX_CORESTACK_Condition cause : null
2026-05-19 18:25:24,672 [INFO] LogOutputStream:77 - [STDOUT_REDIRECT] 1 : Invalid condition id : UX_CORESTACK_Condition cause : null
2026-05-19 18:25:24,673 [INFO] LogOutputStream:77 - [STDOUT_REDIRECT] 1 : Invalid condition id : UX_CORESTACK_Condition cause : null
2026-05-19 18:25:24,678 [WARN] PackLoader:240 - Cannot read IP mode file for STMicroelectronics.X-CUBE-AZRTOS-WL.2.0.0
2026-05-19 18:25:24,700 [WARN] PackLoader:240 - Cannot read IP mode file for STMicroelectronics.X-CUBE-AZRTOS-H7RS.1.2.0
2026-05-19 18:25:24,708 [WARN] PackLoader:240 - Cannot read IP mode file for STMicroelectronics.X-CUBE-BLE2.3.3.0
2026-05-19 18:25:24,742 [WARN] PackLoader:240 - Cannot read IP mode file for Infineon.AIROC-Wi-Fi-Bluetooth-STM32.1.8.0
2026-05-19 18:25:24,759 [INFO] WebApp:221 - Starting web application
2026-05-19 18:25:24,759 [INFO] WebApp:579 - Web application path used /opt/st/stm32cubeide_1.17.0_2/plugins/com.st.stm32cube.common.mx_6.13.0.202411220809/db/plugins/mcufinder/reactClient1/index.html
2026-05-19 18:25:24,768 [WARN] PackLoader:240 - Cannot read IP mode file for STMicroelectronics.X-CUBE-NFC9.1.0.0
2026-05-19 18:25:24,777 [WARN] PackLoader:240 - Cannot read IP mode file for wolfSSL.I-CUBE-wolfMQTT.1.19.2
2026-05-19 18:25:24,782 [ERROR] Engine:466 - /home/santiago/.stm32cubemx/thirdparties/pdsc/STMicroelectronics.FP-SNS-STAIOTCFT.1.1.0.pdsc: PDSC version is not supported
2026-05-19 18:25:24,814 [WARN] PackLoader:240 - Cannot read IP mode file for STMicroelectronics.X-CUBE-AZRTOS-G0.1.1.0
2026-05-19 18:25:24,828 [WARN] PackLoader:240 - Cannot read IP mode file for STMicroelectronics.X-CUBE-NFC4.3.0.0
2026-05-19 18:25:24,845 [WARN] PackLoader:240 - Cannot read IP mode file for EmbeddedOffice.I-CUBE-FS-RTOS.1.0.1
2026-05-19 18:25:24,855 [WARN] PackLoader:240 - Cannot read IP mode file for wolfSSL.I-CUBE-wolfTPM.3.8.0
2026-05-19 18:25:24,864 [WARN] PackLoader:240 - Cannot read IP mode file for STMicroelectronics.X-CUBE-TCPP.4.2.0
2026-05-19 18:25:24,887 [WARN] PackLoader:240 - Cannot read IP mode file for RealThread.X-CUBE-RT-Thread_Nano.4.1.1
2026-05-19 18:25:24,894 [WARN] PackLoader:240 - Cannot read IP mode file for STMicroelectronics.FP-ATR-SIGFOX1.3.2.0
2026-05-19 18:25:24,893 [INFO] WebApp:187 - Connection restablished
2026-05-19 18:25:24,898 [ERROR] Engine:466 - /home/santiago/.stm32cubemx/thirdparties/pdsc/STMicroelectronics.X-CUBE-FREERTOS.1.5.0.pdsc: PDSC version is not supported
2026-05-19 18:25:24,906 [WARN] PackLoader:240 - Cannot read IP mode file for ITTIA_DB.I-CUBE-ITTIADB.8.9.0
2026-05-19 18:25:24,918 [WARN] PackLoader:240 - Cannot read IP mode file for STMicroelectronics.X-CUBE-NFC6.3.2.0
2026-05-19 18:25:25,010 [INFO] UserAuth:486 - Internet connection configuration mode: 1
2026-05-19 18:25:25,014 [WARN] PackLoader:240 - Cannot read IP mode file for STMicroelectronics.X-CUBE-MEMS1.12.1.0
2026-05-19 18:25:25,263 [WARN] PackLoader:240 - Cannot read IP mode file for SEGGER.I-CUBE-embOS.1.3.1
2026-05-19 18:25:25,350 [WARN] PackLoader:240 - Cannot read IP mode file for STMicroelectronics.X-CUBE-ALGOBUILD.1.4.0
2026-05-19 18:25:25,358 [WARN] PackLoader:240 - Cannot read IP mode file for STMicroelectronics.X-CUBE-PM33A1.1.0.0
2026-05-19 18:25:25,391 [WARN] PackLoader:240 - Cannot read IP mode file for STMicroelectronics.X-CUBE-AZRTOS-F4.1.1.0
2026-05-19 18:25:25,401 [WARN] PackLoader:240 - Cannot read IP mode file for STMicroelectronics.X-CUBE-ISPU.2.1.0
2026-05-19 18:25:25,414 [ERROR] Engine:466 - /home/santiago/.stm32cubemx/thirdparties/pdsc/STMicroelectronics.X-CUBE-IPS.3.2.0.pdsc: PDSC version is not supported
2026-05-19 18:25:25,417 [WARN] PackLoader:240 - Cannot read IP mode file for STMicroelectronics.eDS-WB_DPC_TT-BIDIR.2.1.1
2026-05-19 18:25:25,428 [WARN] PackLoader:240 - Cannot read IP mode file for STMicroelectronics.X-CUBE-NFC12.1.0.0
2026-05-19 18:25:25,458 [WARN] PackLoader:240 - Cannot read IP mode file for STMicroelectronics.X-CUBE-AZRTOS-L5.2.0.0
2026-05-19 18:25:25,475 [WARN] PackLoader:240 - Cannot read IP mode file for STMicroelectronics.eDS-WB_DPC_VIENNA.1.2.0
2026-05-19 18:25:25,479 [WARN] PackLoader:240 - Cannot read IP mode file for STMicroelectronics.eDS-WB_DPC_3PH2L-BIDIR.1.1.1
2026-05-19 18:25:25,484 [ERROR] Engine:466 - /home/santiago/.stm32cubemx/thirdparties/pdsc/STMicroelectronics.X-CUBE-ST67W61.1.3.0.pdsc: PDSC version is not supported
2026-05-19 18:25:25,493 [WARN] PackLoader:240 - Cannot read IP mode file for STMicroelectronics.X-CUBE-TOUCHGFX.4.26.1
2026-05-19 18:25:25,500 [WARN] PackLoader:240 - Cannot read IP mode file for STMicroelectronics.FP-SNS-STAIOTCFT.1.0.0
2026-05-19 18:25:25,532 [WARN] ConditionMgr:438 - getConditionDescription Invalid condition id : LAN8742 Phy interface Condition cause : null
2026-05-19 18:25:25,533 [WARN] PackLoader:240 - Cannot read IP mode file for STMicroelectronics.X-CUBE-AZRTOS-L4.2.0.0
2026-05-19 18:25:25,536 [WARN] ConditionMgr:1044 - genDependencies : Invalid condition id : LAN8742 Phy interface Condition cause : null
2026-05-19 18:25:25,538 [WARN] ConditionMgr:1044 - genDependencies : Invalid condition id : LAN8742 Phy interface Condition cause : null
2026-05-19 18:25:25,540 [WARN] ConditionMgr:1044 - genDependencies : Invalid condition id : LAN8742 Phy interface Condition cause : null
2026-05-19 18:25:25,550 [WARN] PackLoader:240 - Cannot read IP mode file for STMicroelectronics.X-CUBE-SFXS2LP1.4.0.0
2026-05-19 18:25:25,560 [WARN] PackLoader:240 - Cannot read IP mode file for STMicroelectronics.X-CUBE-WB05N.2.1.0
2026-05-19 18:25:25,581 [WARN] ConditionMgr:438 - getConditionDescription Invalid condition id : UX DEVICE CLASS RTOS Condition cause : null
2026-05-19 18:25:25,582 [WARN] ConditionMgr:438 - getConditionDescription Invalid condition id : UX DEVICE CLASS RTOS Condition cause : null
2026-05-19 18:25:25,587 [WARN] PackLoader:240 - Cannot read IP mode file for STMicroelectronics.X-CUBE-AZRTOS-WB.2.0.0
2026-05-19 18:25:25,589 [WARN] ConditionMgr:1044 - genDependencies : Invalid condition id : UX DEVICE CLASS RTOS Condition cause : null
2026-05-19 18:25:25,589 [WARN] ConditionMgr:1044 - genDependencies : Invalid condition id : UX DEVICE CLASS RTOS Condition cause : null
2026-05-19 18:25:25,590 [WARN] ConditionMgr:1044 - genDependencies : Invalid condition id : UX DEVICE CLASS RTOS Condition cause : null
2026-05-19 18:25:25,591 [WARN] ConditionMgr:1044 - genDependencies : Invalid condition id : UX DEVICE CLASS RTOS Condition cause : null
2026-05-19 18:25:25,591 [WARN] ConditionMgr:1044 - genDependencies : Invalid condition id : UX DEVICE CLASS RTOS Condition cause : null
2026-05-19 18:25:25,600 [WARN] ConditionMgr:438 - getConditionDescription Invalid condition id : Cortex-A Device cause : null
2026-05-19 18:25:25,613 [WARN] ConditionMgr:1044 - genDependencies : Invalid condition id : Cortex-A Device cause : null
2026-05-19 18:25:25,613 [WARN] ConditionMgr:1044 - genDependencies : Invalid condition id : Cortex-A Device cause : null
2026-05-19 18:25:25,613 [WARN] ConditionMgr:1044 - genDependencies : Invalid condition id : Cortex-A Device cause : null
2026-05-19 18:25:25,627 [WARN] PackLoader:240 - Cannot read IP mode file for STMicroelectronics.X-CUBE-STSE01.2.0.0
2026-05-19 18:25:25,644 [WARN] PackLoader:240 - Cannot read IP mode file for STMicroelectronics.X-CUBE-SUBG2.5.0.0
2026-05-19 18:25:25,668 [WARN] PackLoader:240 - Cannot read IP mode file for STMicroelectronics.X-CUBE-AZRTOS-G4.2.0.0
2026-05-19 18:25:25,676 [WARN] PackLoader:240 - Cannot read IP mode file for wolfSSL.I-CUBE-wolfSSH.1.4.20
2026-05-19 18:25:25,680 [WARN] PackLoader:240 - Cannot read IP mode file for STMicroelectronics.X-CUBE-NFC7.2.0.0
2026-05-19 18:25:25,691 [WARN] PackLoader:240 - Cannot read IP mode file for STMicroelectronics.X-CUBE-ALS.1.0.2
2026-05-19 18:25:25,706 [WARN] PackLoader:240 - Cannot read IP mode file for STMicroelectronics.X-CUBE-TOF1.3.4.3
2026-05-19 18:25:25,727 [INFO] ThirdParty:978 - Integrity check success = true
2026-05-19 18:25:25,728 [INFO] IntegrityCheckThread:100 - exiting critical section [integrity check]
2026-05-19 18:25:25,728 [INFO] IntegrityCheckThread:103 - End integrity checks thread
2026-05-19 18:25:49,399 [ERROR] LogOutputStream:75 - [STDERR_REDIRECT] 
