2026-05-28 08:10:38,710 [INFO] Activator:176 - 


2026-05-28 08:10:38,717 [INFO] Activator:177 - !SESSION log4j initialized
2026-05-28 08:10:45,392 [INFO] LogOutputStream:77 - [STDOUT_REDIRECT] 
2026-05-28 08:10:46,379 [INFO] ApplicationProperties:184 - Using Application install path: /opt/st/stm32cubeide_1.17.0_2/plugins/com.st.stm32cube.common.mx_6.13.0.202411220809
2026-05-28 08:10:46,408 [INFO] DbMcusXml:78 - Set database path to: /opt/st/stm32cubeide_1.17.0_2/plugins/com.st.stm32cube.common.mx_6.13.0.202411220809//db//mcu/
2026-05-28 08:10:46,408 [INFO] ApiDb:274 - Set plugin database path to: /opt/st/stm32cubeide_1.17.0_2/plugins/com.st.stm32cube.common.mx_6.13.0.202411220809//db//plugins/boardmanager/
2026-05-28 08:10:46,409 [WARN] ApiDb:259 - Overriding images path with different value:  => /opt/st/stm32cubeide_1.17.0_2/plugins/com.st.stm32cube.common.mx_6.13.0.202411220809//db//plugins/mcufinder/images/
2026-05-28 08:10:46,423 [INFO] ApiDb:250 - Set database path to: /home/santiago/.stmcufinder/plugins/mcufinder//mcu/
2026-05-28 08:10:46,425 [INFO] DbMcusAds:125 - Set database path to: /home/santiago/.stmcufinder/plugins/mcufinder//mcu/
2026-05-28 08:10:46,428 [INFO] CrossReferenceDbSqlite:203 - Set database path to: /home/santiago/.stmcufinder/plugins/mcufinder//mcu/cs/
2026-05-28 08:10:46,641 [INFO] RulesReader:64 - Compatibility file has been processed (297 Rules)
2026-05-28 08:10:46,759 [INFO] DbMcusXml:78 - Set database path to: /opt/st/stm32cubeide_1.17.0_2/plugins/com.st.stm32cube.common.mx_6.13.0.202411220809//db//mcu/
2026-05-28 08:10:46,759 [INFO] ApiDb:274 - Set plugin database path to: /opt/st/stm32cubeide_1.17.0_2/plugins/com.st.stm32cube.common.mx_6.13.0.202411220809//db//plugins/boardmanager/
2026-05-28 08:10:46,759 [INFO] ApiDb:261 - Set plugin images path to: /opt/st/stm32cubeide_1.17.0_2/plugins/com.st.stm32cube.common.mx_6.13.0.202411220809//db//plugins/mcufinder/images/
2026-05-28 08:10:46,759 [WARN] DbFile:41 - Overriding database path with different value: /home/santiago/.stmcufinder/plugins/mcufinder/ => /home/santiago/.stmcufinder/plugins/mcufinder
2026-05-28 08:10:46,760 [INFO] ApiDb:250 - Set database path to: /home/santiago/.stmcufinder/plugins/mcufinder//mcu/
2026-05-28 08:10:46,760 [WARN] DbFile:41 - Overriding database path with different value: /home/santiago/.stmcufinder/plugins/mcufinder/ => /home/santiago/.stmcufinder/plugins/mcufinder
2026-05-28 08:10:46,760 [INFO] DbMcusAds:125 - Set database path to: /home/santiago/.stmcufinder/plugins/mcufinder//mcu/
2026-05-28 08:10:46,761 [WARN] DbFile:41 - Overriding database path with different value: /home/santiago/.stmcufinder/plugins/mcufinder/ => /home/santiago/.stmcufinder/plugins/mcufinder
2026-05-28 08:10:46,761 [WARN] DbFile:41 - Overriding database path with different value: /home/santiago/.stmcufinder/plugins/mcufinder/ => /home/santiago/.stmcufinder/plugins/mcufinder
2026-05-28 08:10:46,761 [INFO] CrossReferenceDbSqlite:203 - Set database path to: /home/santiago/.stmcufinder/plugins/mcufinder//mcu/cs/
2026-05-28 08:10:46,881 [INFO] MainPanel:272 - HeapMemory: 268435456
2026-05-28 08:10:47,087 [INFO] DbMcusXml:78 - Set database path to: /opt/st/stm32cubeide_1.17.0_2/plugins/com.st.stm32cube.common.mx_6.13.0.202411220809//db//mcu/
2026-05-28 08:10:47,087 [INFO] ApiDb:274 - Set plugin database path to: /opt/st/stm32cubeide_1.17.0_2/plugins/com.st.stm32cube.common.mx_6.13.0.202411220809//db//plugins/boardmanager/
2026-05-28 08:10:47,087 [INFO] ApiDb:261 - Set plugin images path to: /opt/st/stm32cubeide_1.17.0_2/plugins/com.st.stm32cube.common.mx_6.13.0.202411220809//db//plugins/mcufinder/images/
2026-05-28 08:10:47,088 [WARN] DbFile:41 - Overriding database path with different value: /home/santiago/.stmcufinder/plugins/mcufinder/ => /home/santiago/.stmcufinder/plugins/mcufinder
2026-05-28 08:10:47,088 [INFO] ApiDb:250 - Set database path to: /home/santiago/.stmcufinder/plugins/mcufinder//mcu/
2026-05-28 08:10:47,088 [WARN] DbFile:41 - Overriding database path with different value: /home/santiago/.stmcufinder/plugins/mcufinder/ => /home/santiago/.stmcufinder/plugins/mcufinder
2026-05-28 08:10:47,088 [INFO] DbMcusAds:125 - Set database path to: /home/santiago/.stmcufinder/plugins/mcufinder//mcu/
2026-05-28 08:10:47,089 [WARN] DbFile:41 - Overriding database path with different value: /home/santiago/.stmcufinder/plugins/mcufinder/ => /home/santiago/.stmcufinder/plugins/mcufinder
2026-05-28 08:10:47,089 [WARN] DbFile:41 - Overriding database path with different value: /home/santiago/.stmcufinder/plugins/mcufinder/ => /home/santiago/.stmcufinder/plugins/mcufinder
2026-05-28 08:10:47,089 [INFO] CrossReferenceDbSqlite:203 - Set database path to: /home/santiago/.stmcufinder/plugins/mcufinder//mcu/cs/
2026-05-28 08:10:47,118 [INFO] ApplicationProperties:184 - Using Application install path: /opt/st/stm32cubeide_1.17.0_2/plugins/com.st.stm32cube.common.mx_6.13.0.202411220809
2026-05-28 08:10:47,121 [INFO] PluginManage:196 - Search for loadable plugins [exclusion list=, ]
2026-05-28 08:10:47,123 [INFO] PluginManage:310 - Check plugin analytics
2026-05-28 08:10:47,454 [INFO] AnalyticsPlugin:253 - Accepted Software Licenses: 
2026-05-28 08:10:47,455 [INFO] AnalyticsPlugin:255 - Accepted CMSIS Pack Licenses: 
2026-05-28 08:10:47,455 [INFO] AnalyticsPlugin:257 - Accepted Firmware Licenses: FW.F4.1.28.0
2026-05-28 08:10:47,459 [INFO] PluginManage:359 - Loaded plugin analytics (category:tool,tabindex:-1)
2026-05-28 08:10:47,460 [INFO] PluginManage:310 - Check plugin cadmodel
2026-05-28 08:10:47,467 [INFO] CADModel:105 - Init CAD model plugin
2026-05-28 08:10:47,467 [INFO] PluginManage:359 - Loaded plugin cadmodel (category:power,tabindex:5)
2026-05-28 08:10:47,468 [INFO] PluginManage:310 - Check plugin clock
2026-05-28 08:10:47,483 [INFO] PluginManage:359 - Loaded plugin clock (category:base,tabindex:2)
2026-05-28 08:10:47,483 [INFO] PluginManage:310 - Check plugin ddr
2026-05-28 08:10:47,487 [INFO] PluginManage:359 - Loaded plugin ddr (category:tool,tabindex:6)
2026-05-28 08:10:47,487 [INFO] PluginManage:310 - Check plugin filemanager
2026-05-28 08:10:47,728 [INFO] PluginManage:359 - Loaded plugin filemanager (category:base,tabindex:10)
2026-05-28 08:10:47,728 [INFO] PluginManage:310 - Check plugin ipmanager
2026-05-28 08:10:47,739 [INFO] PluginManage:359 - Loaded plugin ipmanager (category:base,tabindex:5)
2026-05-28 08:10:47,739 [INFO] PluginManage:310 - Check plugin lpbam
2026-05-28 08:10:47,755 [INFO] PluginManage:359 - Loaded plugin lpbam (category:base,tabindex:0)
2026-05-28 08:10:47,756 [INFO] PluginManage:310 - Check plugin memorymap
2026-05-28 08:10:47,777 [INFO] PluginManage:359 - Loaded plugin memorymap (category:base,tabindex:4)
2026-05-28 08:10:47,777 [INFO] PluginManage:310 - Check plugin pinoutandconfiguration
2026-05-28 08:10:47,792 [INFO] PluginManage:359 - Loaded plugin pinoutandconfiguration (category:base,tabindex:1)
2026-05-28 08:10:47,793 [INFO] PluginManage:310 - Check plugin pinoutconfig
2026-05-28 08:10:47,946 [WARN] SupportedApi:132 - Cannot load RTOS API schema: s4s-elt-must-match.1: The content of 'definitions' must match (annotation?, (simpleType | complexType)?, (unique | key | keyref)*)). A problem was found starting at: attribute.
2026-05-28 08:10:48,221 [INFO] PluginManage:359 - Loaded plugin pinoutconfig (category:base,tabindex:0)
2026-05-28 08:10:48,221 [INFO] PluginManage:310 - Check plugin power
2026-05-28 08:10:48,237 [INFO] PluginManage:359 - Loaded plugin power (category:power,tabindex:4)
2026-05-28 08:10:48,237 [INFO] PluginManage:310 - Check plugin projectmanager
2026-05-28 08:10:48,267 [INFO] PluginManage:359 - Loaded plugin projectmanager (category:projectmanager,tabindex:4)
2026-05-28 08:10:48,267 [INFO] PluginManage:310 - Check plugin rif
2026-05-28 08:10:48,279 [INFO] PluginManage:359 - Loaded plugin rif (category:base,tabindex:3)
2026-05-28 08:10:48,279 [INFO] PluginManage:310 - Check plugin thirdparty
2026-05-28 08:10:48,533 [WARN] IntegrityCheckThread:84 - waiting for thirdparty lock release [integrity check]
2026-05-28 08:10:48,533 [INFO] PluginManage:359 - Loaded plugin thirdparty (category:base,tabindex:-1)
2026-05-28 08:10:48,533 [INFO] IntegrityCheckThread:86 - entering critical section [integrity check]
2026-05-28 08:10:48,534 [INFO] PluginManage:310 - Check plugin tools
2026-05-28 08:10:48,534 [INFO] ThirdPartyUpdaterWithRetryManager:70 - Updater plugin not ready yet. [1/15]
2026-05-28 08:10:48,537 [INFO] PluginManage:359 - Loaded plugin tools (category:base,tabindex:7)
2026-05-28 08:10:48,538 [INFO] PluginManage:310 - Check plugin tutovideos
2026-05-28 08:10:48,966 [INFO] PluginManage:359 - Loaded plugin tutovideos (category:base,tabindex:-1)
2026-05-28 08:10:48,967 [INFO] PluginManage:310 - Check plugin updater
2026-05-28 08:10:49,008 [INFO] PluginManage:359 - Loaded plugin updater (category:base,tabindex:12)
2026-05-28 08:10:49,009 [INFO] PluginManage:310 - Check plugin userauth
2026-05-28 08:10:49,017 [INFO] UserAuth:118 - Init User Auth plugin
2026-05-28 08:10:49,019 [INFO] PluginManage:359 - Loaded plugin userauth (category:base,tabindex:14)
2026-05-28 08:10:49,020 [INFO] PluginManage:283 - PluginManage : Loaded plugins [18]
2026-05-28 08:10:49,362 [INFO] PinOutPanel:1589 - setPackage(No Configuration,No Configuration)
2026-05-28 08:10:49,477 [INFO] CADModel:165 - CPN selected for project level
2026-05-28 08:10:49,478 [INFO] CADModel:114 - Register for checkConnection events
2026-05-28 08:10:49,501 [INFO] IPUIPlugin:80 - create IPUIPlugin
2026-05-28 08:10:49,501 [INFO] PluginManager:220 - loadIPPluginJar : add ipddr
2026-05-28 08:10:49,505 [INFO] IPUIPlugin:80 - create IPUIPlugin
2026-05-28 08:10:49,505 [INFO] PluginManager:220 - loadIPPluginJar : add gtzc
2026-05-28 08:10:49,510 [INFO] IPUIPlugin:80 - create IPUIPlugin
2026-05-28 08:10:49,510 [INFO] PluginManager:220 - loadIPPluginJar : add usbx
2026-05-28 08:10:49,515 [INFO] IPUIPlugin:80 - create IPUIPlugin
2026-05-28 08:10:49,515 [INFO] PluginManager:220 - loadIPPluginJar : add openamp
2026-05-28 08:10:49,519 [INFO] IPUIPlugin:80 - create IPUIPlugin
2026-05-28 08:10:49,519 [INFO] PluginManager:220 - loadIPPluginJar : add can
2026-05-28 08:10:49,533 [INFO] IPUIPlugin:80 - create IPUIPlugin
2026-05-28 08:10:49,533 [INFO] PluginManager:220 - loadIPPluginJar : add linkedlist
2026-05-28 08:10:49,535 [INFO] IPUIPlugin:80 - create IPUIPlugin
2026-05-28 08:10:49,535 [INFO] PluginManager:220 - loadIPPluginJar : add tim
2026-05-28 08:10:49,544 [INFO] IPUIPlugin:80 - create IPUIPlugin
2026-05-28 08:10:49,544 [INFO] PluginManager:220 - loadIPPluginJar : add fmc
2026-05-28 08:10:49,548 [INFO] IPUIPlugin:80 - create IPUIPlugin
2026-05-28 08:10:49,549 [INFO] PluginManager:220 - loadIPPluginJar : add i2s
2026-05-28 08:10:49,552 [INFO] IPUIPlugin:80 - create IPUIPlugin
2026-05-28 08:10:49,552 [INFO] PluginManager:220 - loadIPPluginJar : add cryp
2026-05-28 08:10:49,560 [INFO] IPUIPlugin:80 - create IPUIPlugin
2026-05-28 08:10:49,561 [INFO] PluginManager:220 - loadIPPluginJar : add stm32_wpan
2026-05-28 08:10:49,565 [INFO] IPUIPlugin:80 - create IPUIPlugin
2026-05-28 08:10:49,566 [INFO] PluginManager:220 - loadIPPluginJar : add i3c
2026-05-28 08:10:49,568 [INFO] IPUIPlugin:80 - create IPUIPlugin
2026-05-28 08:10:49,568 [INFO] PluginManager:220 - loadIPPluginJar : add quadspi
2026-05-28 08:10:49,577 [INFO] IPUIPlugin:80 - create IPUIPlugin
2026-05-28 08:10:49,577 [INFO] PluginManager:220 - loadIPPluginJar : add dma
2026-05-28 08:10:49,580 [INFO] IPUIPlugin:80 - create IPUIPlugin
2026-05-28 08:10:49,580 [INFO] PluginManager:220 - loadIPPluginJar : add ltdc
2026-05-28 08:10:49,585 [INFO] IPUIPlugin:80 - create IPUIPlugin
2026-05-28 08:10:49,585 [INFO] PluginManager:220 - loadIPPluginJar : add nvic
2026-05-28 08:10:49,590 [INFO] IPUIPlugin:80 - create IPUIPlugin
2026-05-28 08:10:49,590 [INFO] PluginManager:220 - loadIPPluginJar : add opamp
2026-05-28 08:10:49,599 [INFO] IPUIPlugin:80 - create IPUIPlugin
2026-05-28 08:10:49,600 [INFO] PluginManager:220 - loadIPPluginJar : add freertos
2026-05-28 08:10:49,603 [INFO] IPUIPlugin:80 - create IPUIPlugin
2026-05-28 08:10:49,604 [INFO] PluginManager:220 - loadIPPluginJar : add hash
2026-05-28 08:10:49,608 [INFO] IPUIPlugin:80 - create IPUIPlugin
2026-05-28 08:10:49,608 [INFO] PluginManager:220 - loadIPPluginJar : add touchsensing
2026-05-28 08:10:49,612 [INFO] IPUIPlugin:80 - create IPUIPlugin
2026-05-28 08:10:49,612 [INFO] PluginManager:220 - loadIPPluginJar : add spi
2026-05-28 08:10:49,615 [INFO] IPUIPlugin:80 - create IPUIPlugin
2026-05-28 08:10:49,615 [INFO] PluginManager:220 - loadIPPluginJar : add comp
2026-05-28 08:10:49,618 [INFO] IPUIPlugin:80 - create IPUIPlugin
2026-05-28 08:10:49,619 [INFO] PluginManager:220 - loadIPPluginJar : add ucpd
2026-05-28 08:10:49,623 [INFO] IPUIPlugin:80 - create IPUIPlugin
2026-05-28 08:10:49,623 [INFO] PluginManager:220 - loadIPPluginJar : add ddr_ctrl_phy
2026-05-28 08:10:49,625 [INFO] IPUIPlugin:80 - create IPUIPlugin
2026-05-28 08:10:49,626 [INFO] PluginManager:220 - loadIPPluginJar : add fatfs
2026-05-28 08:10:49,629 [INFO] IPUIPlugin:80 - create IPUIPlugin
2026-05-28 08:10:49,630 [INFO] PluginManager:220 - loadIPPluginJar : add dma3
2026-05-28 08:10:49,634 [INFO] IPUIPlugin:80 - create IPUIPlugin
2026-05-28 08:10:49,635 [INFO] PluginManager:220 - loadIPPluginJar : add sai
2026-05-28 08:10:49,639 [INFO] IPUIPlugin:80 - create IPUIPlugin
2026-05-28 08:10:49,639 [INFO] PluginManager:220 - loadIPPluginJar : add extmemmanager
2026-05-28 08:10:49,643 [INFO] IPUIPlugin:80 - create IPUIPlugin
2026-05-28 08:10:49,643 [INFO] PluginManager:220 - loadIPPluginJar : add i2c
2026-05-28 08:10:49,646 [INFO] IPUIPlugin:80 - create IPUIPlugin
2026-05-28 08:10:49,646 [INFO] PluginManager:220 - loadIPPluginJar : add tracer_emb
2026-05-28 08:10:49,649 [INFO] IPUIPlugin:80 - create IPUIPlugin
2026-05-28 08:10:49,649 [INFO] PluginManager:220 - loadIPPluginJar : add ts
2026-05-28 08:10:49,654 [INFO] IPUIPlugin:80 - create IPUIPlugin
2026-05-28 08:10:49,655 [INFO] PluginManager:220 - loadIPPluginJar : add resmgrutility
2026-05-28 08:10:49,663 [INFO] IPUIPlugin:80 - create IPUIPlugin
2026-05-28 08:10:49,663 [INFO] PluginManager:220 - loadIPPluginJar : add gic
2026-05-28 08:10:49,667 [INFO] IPUIPlugin:80 - create IPUIPlugin
2026-05-28 08:10:49,668 [INFO] PluginManager:220 - loadIPPluginJar : add usart
2026-05-28 08:10:49,670 [INFO] IPUIPlugin:80 - create IPUIPlugin
2026-05-28 08:10:49,670 [INFO] PluginManager:220 - loadIPPluginJar : add tsc
2026-05-28 08:10:49,673 [INFO] IPUIPlugin:80 - create IPUIPlugin
2026-05-28 08:10:49,673 [INFO] PluginManager:220 - loadIPPluginJar : add gfxmmu
2026-05-28 08:10:49,683 [INFO] IPUIPlugin:80 - create IPUIPlugin
2026-05-28 08:10:49,684 [INFO] PluginManager:220 - loadIPPluginJar : add mdma
2026-05-28 08:10:49,687 [INFO] IPUIPlugin:80 - create IPUIPlugin
2026-05-28 08:10:49,687 [INFO] PluginManager:220 - loadIPPluginJar : add lorawan
2026-05-28 08:10:49,700 [INFO] IPUIPlugin:80 - create IPUIPlugin
2026-05-28 08:10:49,700 [INFO] PluginManager:220 - loadIPPluginJar : add adc
2026-05-28 08:10:49,702 [INFO] IPUIPlugin:80 - create IPUIPlugin
2026-05-28 08:10:49,702 [INFO] PluginManager:220 - loadIPPluginJar : add genericplugin
2026-05-28 08:10:49,706 [INFO] IPUIPlugin:80 - create IPUIPlugin
2026-05-28 08:10:49,706 [INFO] PluginManager:220 - loadIPPluginJar : add pdm2pcm
2026-05-28 08:10:49,709 [INFO] IPUIPlugin:80 - create IPUIPlugin
2026-05-28 08:10:49,711 [INFO] PluginManager:220 - loadIPPluginJar : add radio
2026-05-28 08:10:49,716 [INFO] IPUIPlugin:80 - create IPUIPlugin
2026-05-28 08:10:49,716 [INFO] PluginManager:220 - loadIPPluginJar : add aes
2026-05-28 08:10:49,726 [INFO] IPUIPlugin:80 - create IPUIPlugin
2026-05-28 08:10:49,733 [INFO] PluginManager:220 - loadIPPluginJar : add plateformsettings
2026-05-28 08:10:49,741 [INFO] IPUIPlugin:80 - create IPUIPlugin
2026-05-28 08:10:49,741 [INFO] PluginManager:220 - loadIPPluginJar : add gpio
2026-05-28 08:10:49,746 [INFO] IPUIPlugin:80 - create IPUIPlugin
2026-05-28 08:10:49,746 [INFO] PluginManager:220 - loadIPPluginJar : add dfsdm
2026-05-28 08:10:49,882 [FATAL] Updater:351 - Updater called before beeing initialized
2026-05-28 08:10:49,947 [INFO] RulesReader:64 - Compatibility file has been processed (297 Rules)
2026-05-28 08:10:49,976 [INFO] RulesReader:64 - Compatibility file has been processed (297 Rules)
2026-05-28 08:10:49,988 [INFO] CADModel:165 - CPN selected for project level
2026-05-28 08:10:49,988 [INFO] CADModel:114 - Register for checkConnection events
2026-05-28 08:10:49,988 [FATAL] Updater:351 - Updater called before beeing initialized
2026-05-28 08:10:49,988 [ERROR] CADModel:125 - Updater not yet initialized, retry later 
2026-05-28 08:10:50,210 [FATAL] Updater:351 - Updater called before beeing initialized
2026-05-28 08:10:50,213 [INFO] CADModel:165 - CPN selected for project level
2026-05-28 08:10:50,213 [INFO] CADModel:114 - Register for checkConnection events
2026-05-28 08:10:50,213 [FATAL] Updater:351 - Updater called before beeing initialized
2026-05-28 08:10:50,213 [ERROR] CADModel:125 - Updater not yet initialized, retry later 
2026-05-28 08:10:50,219 [FATAL] Updater:351 - Updater called before beeing initialized
2026-05-28 08:10:50,333 [FATAL] Updater:351 - Updater called before beeing initialized
2026-05-28 08:10:50,340 [INFO] DbMcusAds:53 - JSON generation date=Mon Apr 27 03:14:29 COT 2026 (1777277669577)
2026-05-28 08:10:50,340 [FATAL] Updater:351 - Updater called before beeing initialized
2026-05-28 08:10:50,404 [WARN] DetailPanel:346 - Failed to get advertising image, set to default
2026-05-28 08:10:50,942 [FATAL] Updater:351 - Updater called before beeing initialized
2026-05-28 08:10:50,949 [FATAL] Updater:351 - Updater called before beeing initialized
2026-05-28 08:10:50,950 [FATAL] Updater:351 - Updater called before beeing initialized
2026-05-28 08:10:50,950 [WARN] DetailPanel:346 - Failed to get advertising image, set to default
2026-05-28 08:10:50,953 [FATAL] Updater:351 - Updater called before beeing initialized
2026-05-28 08:10:51,018 [ERROR] Updater:1198 - MainUpdater not yet initialized. External WinMGr cannot be set.
2026-05-28 08:10:51,021 [INFO] Updater:1134 - Updater Version found : 6.13.0
2026-05-28 08:10:51,048 [INFO] ApplicationProperties:184 - Using Application install path: /opt/st/stm32cubeide_1.17.0_2/plugins/com.st.stm32cube.common.mx_6.13.0.202411220809
2026-05-28 08:10:51,497 [INFO] MainUpdater:2872 - connection check result : 10
2026-05-28 08:10:51,498 [INFO] MainUpdater:289 - Updater Check For Update Now.
2026-05-28 08:10:51,499 [INFO] MicroXplorer:498 - Change Database Version : DB.6.0.130
2026-05-28 08:10:51,510 [INFO] McuFinderGlobals:63 - Set McuFinder mode to 2 (CubeIDE integrated)
2026-05-28 08:10:51,512 [INFO] UserAuth:486 - Internet connection configuration mode: 1
2026-05-28 08:10:51,535 [WARN] MainUpdater:1193 - Updater busy. Cannot search thirdparties
2026-05-28 08:10:51,535 [INFO] ThirdPartyUpdaterWithRetryManager:96 - Updater plugin is busy. [1/15]
2026-05-28 08:10:51,541 [INFO] JxBrowserEngine:152 - Initiate JxBrowser Engine with user profile folder
2026-05-28 08:10:51,771 [INFO] CheckServerUpdateThread:120 - End of CheckServer Thread
2026-05-28 08:10:53,019 [INFO] WebApp:168 - Instantiating new browser for Auth
2026-05-28 08:10:54,642 [INFO] WebApp:449 - Apply proxy settings
2026-05-28 08:10:54,643 [INFO] WebApp:534 - Chromium requires no authentication
2026-05-28 08:10:54,657 [INFO] WebApp:477 - Direct internet connection detected
2026-05-28 08:10:54,702 [INFO] WebApp:880 - Register for checkConnection events
2026-05-28 08:10:54,703 [INFO] WebApp:449 - Apply proxy settings
2026-05-28 08:10:54,703 [INFO] WebApp:534 - Chromium requires no authentication
2026-05-28 08:10:54,704 [INFO] WebApp:477 - Direct internet connection detected
2026-05-28 08:10:54,929 [WARN] PackLoader:240 - Cannot read IP mode file for STMicroelectronics.X-CUBE-AZRTOS-H7.3.5.0
2026-05-28 08:10:54,948 [WARN] PackLoader:240 - Cannot read IP mode file for STMicroelectronics.FP-SNS-MOTENVWB1.1.4.0
2026-05-28 08:10:54,959 [WARN] PackLoader:240 - Cannot read IP mode file for STMicroelectronics.X-CUBE-SMBUS.2.1.0
2026-05-28 08:10:55,001 [WARN] PackLoader:240 - Cannot read IP mode file for STMicroelectronics.X-CUBE-AZRTOS-F7.1.1.0
2026-05-28 08:10:55,044 [INFO] WebApp:221 - Starting web application
2026-05-28 08:10:55,045 [INFO] WebApp:579 - Web application path used /opt/st/stm32cubeide_1.17.0_2/plugins/com.st.stm32cube.common.mx_6.13.0.202411220809/db/plugins/mcufinder/reactClient1/index.html
2026-05-28 08:10:55,058 [ERROR] Engine:466 - /home/santiago/.stm32cubemx/thirdparties/pdsc/WES.I-CUBE-Cesium.1.4.0.pdsc: PDSC version is not supported
2026-05-28 08:10:55,087 [WARN] PackLoader:240 - Cannot read IP mode file for STMicroelectronics.X-CUBE-DISPLAY.3.0.0
2026-05-28 08:10:55,130 [WARN] PackLoader:240 - Cannot read IP mode file for STMicroelectronics.X-CUBE-GNSS1.7.1.1
2026-05-28 08:10:55,144 [ERROR] Engine:466 - /home/santiago/.stm32cubemx/thirdparties/pdsc/STMicroelectronics.FP-SNS-MOTENVWB1.1.5.0.pdsc: PDSC version is not supported
2026-05-28 08:10:55,152 [WARN] PackLoader:240 - Cannot read IP mode file for wolfSSL.I-CUBE-wolfSSL.5.9.1
2026-05-28 08:10:55,168 [INFO] WebApp:187 - Connection restablished
2026-05-28 08:10:55,179 [WARN] PackLoader:240 - Cannot read IP mode file for STMicroelectronics.X-CUBE-NFC10.1.0.0
2026-05-28 08:10:55,207 [WARN] PackLoader:240 - Cannot read IP mode file for STMicroelectronics.X-CUBE-ST60.1.1.0
2026-05-28 08:10:55,228 [WARN] PackLoader:240 - Cannot read IP mode file for emotas.I-CUBE-CANOPEN.1.3.0
2026-05-28 08:10:55,242 [WARN] PackLoader:240 - Cannot read IP mode file for STMicroelectronics.FP-SNS-SMARTAG2.1.2.0
2026-05-28 08:10:55,275 [INFO] LogOutputStream:77 - [STDOUT_REDIRECT] 1 : Invalid condition id : UX_CORESTACK_Condition cause : null
2026-05-28 08:10:55,276 [INFO] LogOutputStream:77 - [STDOUT_REDIRECT] 1 : Invalid condition id : UX_CORESTACK_Condition cause : null
2026-05-28 08:10:55,276 [INFO] LogOutputStream:77 - [STDOUT_REDIRECT] 1 : Invalid condition id : UX_CORESTACK_Condition cause : null
2026-05-28 08:10:55,277 [INFO] LogOutputStream:77 - [STDOUT_REDIRECT] 1 : Invalid condition id : UX_CORESTACK_Condition cause : null
2026-05-28 08:10:55,277 [INFO] LogOutputStream:77 - [STDOUT_REDIRECT] 1 : Invalid condition id : UX_CORESTACK_Condition cause : null
2026-05-28 08:10:55,291 [WARN] PackLoader:240 - Cannot read IP mode file for STMicroelectronics.X-CUBE-AZRTOS-WL.2.0.0
2026-05-28 08:10:55,361 [INFO] UserAuth:486 - Internet connection configuration mode: 1
2026-05-28 08:10:55,381 [WARN] PackLoader:240 - Cannot read IP mode file for STMicroelectronics.X-CUBE-AZRTOS-H7RS.1.2.0
2026-05-28 08:10:55,424 [WARN] PackLoader:240 - Cannot read IP mode file for STMicroelectronics.X-CUBE-BLE2.3.3.0
2026-05-28 08:10:55,547 [WARN] PackLoader:240 - Cannot read IP mode file for Infineon.AIROC-Wi-Fi-Bluetooth-STM32.1.8.0
2026-05-28 08:10:55,580 [WARN] PackLoader:240 - Cannot read IP mode file for STMicroelectronics.X-CUBE-NFC9.1.0.0
2026-05-28 08:10:55,590 [WARN] PackLoader:240 - Cannot read IP mode file for wolfSSL.I-CUBE-wolfMQTT.1.19.2
2026-05-28 08:10:55,597 [ERROR] Engine:466 - /home/santiago/.stm32cubemx/thirdparties/pdsc/STMicroelectronics.FP-SNS-STAIOTCFT.1.1.0.pdsc: PDSC version is not supported
2026-05-28 08:10:55,646 [WARN] PackLoader:240 - Cannot read IP mode file for STMicroelectronics.X-CUBE-AZRTOS-G0.1.1.0
2026-05-28 08:10:55,666 [WARN] PackLoader:240 - Cannot read IP mode file for STMicroelectronics.X-CUBE-NFC4.3.0.0
2026-05-28 08:10:55,695 [WARN] PackLoader:240 - Cannot read IP mode file for EmbeddedOffice.I-CUBE-FS-RTOS.1.0.1
2026-05-28 08:10:55,706 [WARN] PackLoader:240 - Cannot read IP mode file for wolfSSL.I-CUBE-wolfTPM.3.8.0
2026-05-28 08:10:55,717 [WARN] PackLoader:240 - Cannot read IP mode file for STMicroelectronics.X-CUBE-TCPP.4.2.0
2026-05-28 08:10:55,727 [WARN] PackLoader:240 - Cannot read IP mode file for RealThread.X-CUBE-RT-Thread_Nano.4.1.1
2026-05-28 08:10:55,734 [WARN] PackLoader:240 - Cannot read IP mode file for STMicroelectronics.FP-ATR-SIGFOX1.3.2.0
2026-05-28 08:10:55,741 [ERROR] Engine:466 - /home/santiago/.stm32cubemx/thirdparties/pdsc/STMicroelectronics.X-CUBE-FREERTOS.1.5.0.pdsc: PDSC version is not supported
2026-05-28 08:10:55,754 [WARN] PackLoader:240 - Cannot read IP mode file for ITTIA_DB.I-CUBE-ITTIADB.8.9.0
2026-05-28 08:10:55,758 [WARN] PackLoader:240 - Cannot read IP mode file for Cesanta.I-CUBE-Mongoose.7.21.7
2026-05-28 08:10:55,771 [WARN] PackLoader:240 - Cannot read IP mode file for STMicroelectronics.X-CUBE-NFC6.3.2.0
2026-05-28 08:10:55,893 [WARN] PackLoader:240 - Cannot read IP mode file for STMicroelectronics.X-CUBE-MEMS1.12.1.0
2026-05-28 08:10:56,478 [WARN] PackLoader:240 - Cannot read IP mode file for SEGGER.I-CUBE-embOS.1.3.1
2026-05-28 08:10:56,577 [WARN] PackLoader:240 - Cannot read IP mode file for STMicroelectronics.X-CUBE-ALGOBUILD.1.4.0
2026-05-28 08:10:56,587 [WARN] PackLoader:240 - Cannot read IP mode file for STMicroelectronics.X-CUBE-PM33A1.1.0.0
2026-05-28 08:10:56,631 [WARN] PackLoader:240 - Cannot read IP mode file for STMicroelectronics.X-CUBE-AZRTOS-F4.1.1.0
2026-05-28 08:10:56,648 [WARN] PackLoader:240 - Cannot read IP mode file for STMicroelectronics.X-CUBE-ISPU.2.1.0
2026-05-28 08:10:56,664 [ERROR] Engine:466 - /home/santiago/.stm32cubemx/thirdparties/pdsc/STMicroelectronics.X-CUBE-IPS.3.2.0.pdsc: PDSC version is not supported
2026-05-28 08:10:56,668 [WARN] PackLoader:240 - Cannot read IP mode file for STMicroelectronics.eDS-WB_DPC_TT-BIDIR.2.1.1
2026-05-28 08:10:56,682 [WARN] PackLoader:240 - Cannot read IP mode file for STMicroelectronics.X-CUBE-NFC12.1.0.0
2026-05-28 08:10:56,727 [WARN] PackLoader:240 - Cannot read IP mode file for STMicroelectronics.X-CUBE-AZRTOS-L5.2.0.0
2026-05-28 08:10:56,748 [WARN] PackLoader:240 - Cannot read IP mode file for STMicroelectronics.X-CUBE-ALGOBUILD.1.5.0
2026-05-28 08:10:56,754 [WARN] PackLoader:240 - Cannot read IP mode file for STMicroelectronics.eDS-WB_DPC_VIENNA.1.2.0
2026-05-28 08:10:56,756 [WARN] PackLoader:240 - Cannot read IP mode file for STMicroelectronics.eDS-WB_DPC_3PH2L-BIDIR.1.1.1
2026-05-28 08:10:56,762 [ERROR] Engine:466 - /home/santiago/.stm32cubemx/thirdparties/pdsc/STMicroelectronics.X-CUBE-ST67W61.1.3.0.pdsc: PDSC version is not supported
2026-05-28 08:10:56,773 [WARN] PackLoader:240 - Cannot read IP mode file for STMicroelectronics.X-CUBE-TOUCHGFX.4.26.1
2026-05-28 08:10:56,794 [WARN] PackLoader:240 - Cannot read IP mode file for STMicroelectronics.FP-SNS-STAIOTCFT.1.0.0
2026-05-28 08:10:56,854 [WARN] ConditionMgr:438 - getConditionDescription Invalid condition id : LAN8742 Phy interface Condition cause : null
2026-05-28 08:10:56,855 [WARN] PackLoader:240 - Cannot read IP mode file for STMicroelectronics.X-CUBE-AZRTOS-L4.2.0.0
2026-05-28 08:10:56,858 [WARN] ConditionMgr:1044 - genDependencies : Invalid condition id : LAN8742 Phy interface Condition cause : null
2026-05-28 08:10:56,859 [WARN] ConditionMgr:1044 - genDependencies : Invalid condition id : LAN8742 Phy interface Condition cause : null
2026-05-28 08:10:56,860 [WARN] ConditionMgr:1044 - genDependencies : Invalid condition id : LAN8742 Phy interface Condition cause : null
2026-05-28 08:10:56,874 [WARN] PackLoader:240 - Cannot read IP mode file for STMicroelectronics.X-CUBE-SFXS2LP1.4.0.0
2026-05-28 08:10:56,885 [WARN] PackLoader:240 - Cannot read IP mode file for STMicroelectronics.X-CUBE-WB05N.2.1.0
2026-05-28 08:10:56,922 [WARN] ConditionMgr:438 - getConditionDescription Invalid condition id : UX DEVICE CLASS RTOS Condition cause : null
2026-05-28 08:10:56,923 [WARN] ConditionMgr:438 - getConditionDescription Invalid condition id : UX DEVICE CLASS RTOS Condition cause : null
2026-05-28 08:10:56,928 [WARN] PackLoader:240 - Cannot read IP mode file for STMicroelectronics.X-CUBE-AZRTOS-WB.2.0.0
2026-05-28 08:10:56,930 [WARN] ConditionMgr:1044 - genDependencies : Invalid condition id : UX DEVICE CLASS RTOS Condition cause : null
2026-05-28 08:10:56,931 [WARN] ConditionMgr:1044 - genDependencies : Invalid condition id : UX DEVICE CLASS RTOS Condition cause : null
2026-05-28 08:10:56,932 [WARN] ConditionMgr:1044 - genDependencies : Invalid condition id : UX DEVICE CLASS RTOS Condition cause : null
2026-05-28 08:10:56,933 [WARN] ConditionMgr:1044 - genDependencies : Invalid condition id : UX DEVICE CLASS RTOS Condition cause : null
2026-05-28 08:10:56,933 [WARN] ConditionMgr:1044 - genDependencies : Invalid condition id : UX DEVICE CLASS RTOS Condition cause : null
2026-05-28 08:10:56,940 [WARN] ConditionMgr:438 - getConditionDescription Invalid condition id : Cortex-A Device cause : null
2026-05-28 08:10:56,950 [WARN] ConditionMgr:1044 - genDependencies : Invalid condition id : Cortex-A Device cause : null
2026-05-28 08:10:56,951 [WARN] ConditionMgr:1044 - genDependencies : Invalid condition id : Cortex-A Device cause : null
2026-05-28 08:10:56,951 [WARN] ConditionMgr:1044 - genDependencies : Invalid condition id : Cortex-A Device cause : null
2026-05-28 08:10:56,960 [WARN] PackLoader:240 - Cannot read IP mode file for STMicroelectronics.X-CUBE-STSE01.2.0.0
2026-05-28 08:10:56,981 [WARN] PackLoader:240 - Cannot read IP mode file for STMicroelectronics.X-CUBE-SUBG2.5.0.0
2026-05-28 08:10:57,017 [WARN] PackLoader:240 - Cannot read IP mode file for STMicroelectronics.X-CUBE-AZRTOS-G4.2.0.0
2026-05-28 08:10:57,033 [WARN] PackLoader:240 - Cannot read IP mode file for wolfSSL.I-CUBE-wolfSSH.1.4.20
2026-05-28 08:10:57,039 [WARN] PackLoader:240 - Cannot read IP mode file for STMicroelectronics.X-CUBE-NFC7.2.0.0
2026-05-28 08:10:57,046 [WARN] PackLoader:240 - Cannot read IP mode file for STMicroelectronics.X-CUBE-ALS.1.0.2
2026-05-28 08:10:57,066 [WARN] PackLoader:240 - Cannot read IP mode file for STMicroelectronics.X-CUBE-TOF1.3.4.3
2026-05-28 08:10:57,093 [INFO] ThirdParty:978 - Integrity check success = true
2026-05-28 08:10:57,093 [INFO] IntegrityCheckThread:100 - exiting critical section [integrity check]
2026-05-28 08:10:57,093 [INFO] IntegrityCheckThread:103 - End integrity checks thread
2026-05-28 09:36:15,372 [INFO] WebApp:190 - Connection lost
2026-05-28 09:45:46,608 [ERROR] ConfigurationRetriever:142 - IOException on connection: sw-center.st.com
2026-05-28 09:45:46,614 [ERROR] ConfigurationRetriever:142 - IOException on connection: sw-center.st.com
2026-05-28 09:45:46,615 [ERROR] ConfigurationRetriever:142 - IOException on connection: sw-center.st.com
2026-05-28 09:47:18,013 [ERROR] ConfigurationRetriever:142 - IOException on connection: sw-center.st.com
2026-05-28 09:47:18,017 [ERROR] ConfigurationRetriever:142 - IOException on connection: sw-center.st.com
2026-05-28 09:47:18,020 [ERROR] ConfigurationRetriever:142 - IOException on connection: sw-center.st.com
2026-05-28 09:50:50,369 [ERROR] ConfigurationRetriever:142 - IOException on connection: sw-center.st.com
2026-05-28 09:50:50,372 [ERROR] ConfigurationRetriever:142 - IOException on connection: sw-center.st.com
2026-05-28 09:50:50,374 [ERROR] ConfigurationRetriever:142 - IOException on connection: sw-center.st.com
2026-05-28 09:51:50,953 [ERROR] ConfigurationRetriever:142 - IOException on connection: sw-center.st.com
2026-05-28 09:51:50,957 [ERROR] ConfigurationRetriever:142 - IOException on connection: sw-center.st.com
2026-05-28 09:51:50,958 [ERROR] ConfigurationRetriever:142 - IOException on connection: sw-center.st.com
2026-05-28 09:55:30,459 [ERROR] ConfigurationRetriever:142 - IOException on connection: sw-center.st.com
2026-05-28 09:55:30,462 [ERROR] ConfigurationRetriever:142 - IOException on connection: sw-center.st.com
2026-05-28 09:55:30,464 [ERROR] ConfigurationRetriever:142 - IOException on connection: sw-center.st.com
2026-05-28 09:55:32,108 [ERROR] ConfigurationRetriever:142 - IOException on connection: sw-center.st.com
2026-05-28 09:55:32,109 [ERROR] ConfigurationRetriever:142 - IOException on connection: sw-center.st.com
2026-05-28 09:55:32,110 [ERROR] ConfigurationRetriever:142 - IOException on connection: sw-center.st.com
2026-05-28 09:58:26,730 [ERROR] ConfigurationRetriever:142 - IOException on connection: sw-center.st.com
2026-05-28 09:58:26,737 [ERROR] ConfigurationRetriever:142 - IOException on connection: sw-center.st.com
2026-05-28 09:58:26,739 [ERROR] ConfigurationRetriever:142 - IOException on connection: sw-center.st.com
2026-05-28 09:59:53,586 [ERROR] ConfigurationRetriever:142 - IOException on connection: sw-center.st.com
2026-05-28 09:59:53,587 [ERROR] ConfigurationRetriever:142 - IOException on connection: sw-center.st.com
2026-05-28 09:59:53,609 [ERROR] ConfigurationRetriever:142 - IOException on connection: sw-center.st.com
2026-05-28 10:31:50,210 [ERROR] ConfigurationRetriever:142 - IOException on connection: sw-center.st.com
2026-05-28 10:31:50,212 [ERROR] ConfigurationRetriever:142 - IOException on connection: sw-center.st.com
2026-05-28 10:31:50,213 [ERROR] ConfigurationRetriever:142 - IOException on connection: sw-center.st.com
2026-05-28 10:31:55,685 [ERROR] ConfigurationRetriever:142 - IOException on connection: sw-center.st.com
2026-05-28 10:31:55,686 [ERROR] ConfigurationRetriever:142 - IOException on connection: sw-center.st.com
2026-05-28 10:31:55,687 [ERROR] ConfigurationRetriever:142 - IOException on connection: sw-center.st.com
2026-05-28 10:42:22,957 [ERROR] ConfigurationRetriever:142 - IOException on connection: sw-center.st.com
2026-05-28 10:42:22,962 [ERROR] ConfigurationRetriever:142 - IOException on connection: sw-center.st.com
2026-05-28 10:42:22,964 [ERROR] ConfigurationRetriever:142 - IOException on connection: sw-center.st.com
2026-05-28 11:00:36,438 [ERROR] ConfigurationRetriever:142 - IOException on connection: sw-center.st.com
2026-05-28 11:00:36,439 [ERROR] ConfigurationRetriever:142 - IOException on connection: sw-center.st.com
2026-05-28 11:00:36,440 [ERROR] ConfigurationRetriever:142 - IOException on connection: sw-center.st.com
2026-05-28 11:00:37,595 [ERROR] LogOutputStream:75 - [STDERR_REDIRECT] 
