2026-06-01 22:46:17,283 [INFO] Activator:176 - 


2026-06-01 22:46:17,291 [INFO] Activator:177 - !SESSION log4j initialized
2026-06-01 22:46:25,925 [INFO] LogOutputStream:77 - [STDOUT_REDIRECT] 
2026-06-01 22:46:27,016 [INFO] ApplicationProperties:184 - Using Application install path: /opt/st/stm32cubeide_1.17.0_2/plugins/com.st.stm32cube.common.mx_6.13.0.202411220809
2026-06-01 22:46:27,043 [INFO] DbMcusXml:78 - Set database path to: /opt/st/stm32cubeide_1.17.0_2/plugins/com.st.stm32cube.common.mx_6.13.0.202411220809//db//mcu/
2026-06-01 22:46:27,044 [INFO] ApiDb:274 - Set plugin database path to: /opt/st/stm32cubeide_1.17.0_2/plugins/com.st.stm32cube.common.mx_6.13.0.202411220809//db//plugins/boardmanager/
2026-06-01 22:46:27,044 [WARN] ApiDb:259 - Overriding images path with different value:  => /opt/st/stm32cubeide_1.17.0_2/plugins/com.st.stm32cube.common.mx_6.13.0.202411220809//db//plugins/mcufinder/images/
2026-06-01 22:46:27,058 [INFO] ApiDb:250 - Set database path to: /home/santiago/.stmcufinder/plugins/mcufinder//mcu/
2026-06-01 22:46:27,060 [INFO] DbMcusAds:125 - Set database path to: /home/santiago/.stmcufinder/plugins/mcufinder//mcu/
2026-06-01 22:46:27,064 [INFO] CrossReferenceDbSqlite:203 - Set database path to: /home/santiago/.stmcufinder/plugins/mcufinder//mcu/cs/
2026-06-01 22:46:27,286 [INFO] RulesReader:64 - Compatibility file has been processed (297 Rules)
2026-06-01 22:46:27,383 [INFO] DbMcusXml:78 - Set database path to: /opt/st/stm32cubeide_1.17.0_2/plugins/com.st.stm32cube.common.mx_6.13.0.202411220809//db//mcu/
2026-06-01 22:46:27,384 [INFO] ApiDb:274 - Set plugin database path to: /opt/st/stm32cubeide_1.17.0_2/plugins/com.st.stm32cube.common.mx_6.13.0.202411220809//db//plugins/boardmanager/
2026-06-01 22:46:27,384 [INFO] ApiDb:261 - Set plugin images path to: /opt/st/stm32cubeide_1.17.0_2/plugins/com.st.stm32cube.common.mx_6.13.0.202411220809//db//plugins/mcufinder/images/
2026-06-01 22:46:27,384 [WARN] DbFile:41 - Overriding database path with different value: /home/santiago/.stmcufinder/plugins/mcufinder/ => /home/santiago/.stmcufinder/plugins/mcufinder
2026-06-01 22:46:27,384 [INFO] ApiDb:250 - Set database path to: /home/santiago/.stmcufinder/plugins/mcufinder//mcu/
2026-06-01 22:46:27,385 [WARN] DbFile:41 - Overriding database path with different value: /home/santiago/.stmcufinder/plugins/mcufinder/ => /home/santiago/.stmcufinder/plugins/mcufinder
2026-06-01 22:46:27,385 [INFO] DbMcusAds:125 - Set database path to: /home/santiago/.stmcufinder/plugins/mcufinder//mcu/
2026-06-01 22:46:27,385 [WARN] DbFile:41 - Overriding database path with different value: /home/santiago/.stmcufinder/plugins/mcufinder/ => /home/santiago/.stmcufinder/plugins/mcufinder
2026-06-01 22:46:27,385 [WARN] DbFile:41 - Overriding database path with different value: /home/santiago/.stmcufinder/plugins/mcufinder/ => /home/santiago/.stmcufinder/plugins/mcufinder
2026-06-01 22:46:27,385 [INFO] CrossReferenceDbSqlite:203 - Set database path to: /home/santiago/.stmcufinder/plugins/mcufinder//mcu/cs/
2026-06-01 22:46:27,489 [INFO] MainPanel:272 - HeapMemory: 268435456
2026-06-01 22:46:27,668 [INFO] DbMcusXml:78 - Set database path to: /opt/st/stm32cubeide_1.17.0_2/plugins/com.st.stm32cube.common.mx_6.13.0.202411220809//db//mcu/
2026-06-01 22:46:27,668 [INFO] ApiDb:274 - Set plugin database path to: /opt/st/stm32cubeide_1.17.0_2/plugins/com.st.stm32cube.common.mx_6.13.0.202411220809//db//plugins/boardmanager/
2026-06-01 22:46:27,669 [INFO] ApiDb:261 - Set plugin images path to: /opt/st/stm32cubeide_1.17.0_2/plugins/com.st.stm32cube.common.mx_6.13.0.202411220809//db//plugins/mcufinder/images/
2026-06-01 22:46:27,669 [WARN] DbFile:41 - Overriding database path with different value: /home/santiago/.stmcufinder/plugins/mcufinder/ => /home/santiago/.stmcufinder/plugins/mcufinder
2026-06-01 22:46:27,669 [INFO] ApiDb:250 - Set database path to: /home/santiago/.stmcufinder/plugins/mcufinder//mcu/
2026-06-01 22:46:27,669 [WARN] DbFile:41 - Overriding database path with different value: /home/santiago/.stmcufinder/plugins/mcufinder/ => /home/santiago/.stmcufinder/plugins/mcufinder
2026-06-01 22:46:27,670 [INFO] DbMcusAds:125 - Set database path to: /home/santiago/.stmcufinder/plugins/mcufinder//mcu/
2026-06-01 22:46:27,670 [WARN] DbFile:41 - Overriding database path with different value: /home/santiago/.stmcufinder/plugins/mcufinder/ => /home/santiago/.stmcufinder/plugins/mcufinder
2026-06-01 22:46:27,670 [WARN] DbFile:41 - Overriding database path with different value: /home/santiago/.stmcufinder/plugins/mcufinder/ => /home/santiago/.stmcufinder/plugins/mcufinder
2026-06-01 22:46:27,670 [INFO] CrossReferenceDbSqlite:203 - Set database path to: /home/santiago/.stmcufinder/plugins/mcufinder//mcu/cs/
2026-06-01 22:46:27,704 [INFO] ApplicationProperties:184 - Using Application install path: /opt/st/stm32cubeide_1.17.0_2/plugins/com.st.stm32cube.common.mx_6.13.0.202411220809
2026-06-01 22:46:27,707 [INFO] PluginManage:196 - Search for loadable plugins [exclusion list=, ]
2026-06-01 22:46:27,710 [INFO] PluginManage:310 - Check plugin analytics
2026-06-01 22:46:27,985 [INFO] AnalyticsPlugin:253 - Accepted Software Licenses: 
2026-06-01 22:46:27,986 [INFO] AnalyticsPlugin:255 - Accepted CMSIS Pack Licenses: 
2026-06-01 22:46:27,986 [INFO] AnalyticsPlugin:257 - Accepted Firmware Licenses: FW.F4.1.28.0
2026-06-01 22:46:27,990 [INFO] PluginManage:359 - Loaded plugin analytics (category:tool,tabindex:-1)
2026-06-01 22:46:27,990 [INFO] PluginManage:310 - Check plugin cadmodel
2026-06-01 22:46:27,996 [INFO] CADModel:105 - Init CAD model plugin
2026-06-01 22:46:27,997 [INFO] PluginManage:359 - Loaded plugin cadmodel (category:power,tabindex:5)
2026-06-01 22:46:27,997 [INFO] PluginManage:310 - Check plugin clock
2026-06-01 22:46:28,010 [INFO] PluginManage:359 - Loaded plugin clock (category:base,tabindex:2)
2026-06-01 22:46:28,010 [INFO] PluginManage:310 - Check plugin ddr
2026-06-01 22:46:28,014 [INFO] PluginManage:359 - Loaded plugin ddr (category:tool,tabindex:6)
2026-06-01 22:46:28,014 [INFO] PluginManage:310 - Check plugin filemanager
2026-06-01 22:46:28,246 [INFO] PluginManage:359 - Loaded plugin filemanager (category:base,tabindex:10)
2026-06-01 22:46:28,246 [INFO] PluginManage:310 - Check plugin ipmanager
2026-06-01 22:46:28,255 [INFO] PluginManage:359 - Loaded plugin ipmanager (category:base,tabindex:5)
2026-06-01 22:46:28,255 [INFO] PluginManage:310 - Check plugin lpbam
2026-06-01 22:46:28,268 [INFO] PluginManage:359 - Loaded plugin lpbam (category:base,tabindex:0)
2026-06-01 22:46:28,269 [INFO] PluginManage:310 - Check plugin memorymap
2026-06-01 22:46:28,288 [INFO] PluginManage:359 - Loaded plugin memorymap (category:base,tabindex:4)
2026-06-01 22:46:28,288 [INFO] PluginManage:310 - Check plugin pinoutandconfiguration
2026-06-01 22:46:28,305 [INFO] PluginManage:359 - Loaded plugin pinoutandconfiguration (category:base,tabindex:1)
2026-06-01 22:46:28,306 [INFO] PluginManage:310 - Check plugin pinoutconfig
2026-06-01 22:46:28,456 [WARN] SupportedApi:132 - Cannot load RTOS API schema: s4s-elt-must-match.1: The content of 'definitions' must match (annotation?, (simpleType | complexType)?, (unique | key | keyref)*)). A problem was found starting at: attribute.
2026-06-01 22:46:28,667 [INFO] PluginManage:359 - Loaded plugin pinoutconfig (category:base,tabindex:0)
2026-06-01 22:46:28,667 [INFO] PluginManage:310 - Check plugin power
2026-06-01 22:46:28,680 [INFO] PluginManage:359 - Loaded plugin power (category:power,tabindex:4)
2026-06-01 22:46:28,681 [INFO] PluginManage:310 - Check plugin projectmanager
2026-06-01 22:46:28,704 [INFO] PluginManage:359 - Loaded plugin projectmanager (category:projectmanager,tabindex:4)
2026-06-01 22:46:28,705 [INFO] PluginManage:310 - Check plugin rif
2026-06-01 22:46:28,715 [INFO] PluginManage:359 - Loaded plugin rif (category:base,tabindex:3)
2026-06-01 22:46:28,715 [INFO] PluginManage:310 - Check plugin thirdparty
2026-06-01 22:46:28,902 [INFO] PluginManage:359 - Loaded plugin thirdparty (category:base,tabindex:-1)
2026-06-01 22:46:28,902 [WARN] IntegrityCheckThread:84 - waiting for thirdparty lock release [integrity check]
2026-06-01 22:46:28,902 [INFO] PluginManage:310 - Check plugin tools
2026-06-01 22:46:28,902 [INFO] IntegrityCheckThread:86 - entering critical section [integrity check]
2026-06-01 22:46:28,903 [INFO] ThirdPartyUpdaterWithRetryManager:70 - Updater plugin not ready yet. [1/15]
2026-06-01 22:46:28,906 [INFO] PluginManage:359 - Loaded plugin tools (category:base,tabindex:7)
2026-06-01 22:46:28,906 [INFO] PluginManage:310 - Check plugin tutovideos
2026-06-01 22:46:29,184 [INFO] PluginManage:359 - Loaded plugin tutovideos (category:base,tabindex:-1)
2026-06-01 22:46:29,184 [INFO] PluginManage:310 - Check plugin updater
2026-06-01 22:46:29,227 [INFO] PluginManage:359 - Loaded plugin updater (category:base,tabindex:12)
2026-06-01 22:46:29,227 [INFO] PluginManage:310 - Check plugin userauth
2026-06-01 22:46:29,233 [INFO] UserAuth:118 - Init User Auth plugin
2026-06-01 22:46:29,235 [INFO] PluginManage:359 - Loaded plugin userauth (category:base,tabindex:14)
2026-06-01 22:46:29,235 [INFO] PluginManage:283 - PluginManage : Loaded plugins [18]
2026-06-01 22:46:29,525 [INFO] PinOutPanel:1589 - setPackage(No Configuration,No Configuration)
2026-06-01 22:46:29,637 [INFO] CADModel:165 - CPN selected for project level
2026-06-01 22:46:29,638 [INFO] CADModel:114 - Register for checkConnection events
2026-06-01 22:46:29,657 [INFO] IPUIPlugin:80 - create IPUIPlugin
2026-06-01 22:46:29,658 [INFO] PluginManager:220 - loadIPPluginJar : add ipddr
2026-06-01 22:46:29,661 [INFO] IPUIPlugin:80 - create IPUIPlugin
2026-06-01 22:46:29,661 [INFO] PluginManager:220 - loadIPPluginJar : add gtzc
2026-06-01 22:46:29,665 [INFO] IPUIPlugin:80 - create IPUIPlugin
2026-06-01 22:46:29,666 [INFO] PluginManager:220 - loadIPPluginJar : add usbx
2026-06-01 22:46:29,669 [INFO] IPUIPlugin:80 - create IPUIPlugin
2026-06-01 22:46:29,670 [INFO] PluginManager:220 - loadIPPluginJar : add openamp
2026-06-01 22:46:29,673 [INFO] IPUIPlugin:80 - create IPUIPlugin
2026-06-01 22:46:29,673 [INFO] PluginManager:220 - loadIPPluginJar : add can
2026-06-01 22:46:29,683 [INFO] IPUIPlugin:80 - create IPUIPlugin
2026-06-01 22:46:29,683 [INFO] PluginManager:220 - loadIPPluginJar : add linkedlist
2026-06-01 22:46:29,686 [INFO] IPUIPlugin:80 - create IPUIPlugin
2026-06-01 22:46:29,686 [INFO] PluginManager:220 - loadIPPluginJar : add tim
2026-06-01 22:46:29,695 [INFO] IPUIPlugin:80 - create IPUIPlugin
2026-06-01 22:46:29,695 [INFO] PluginManager:220 - loadIPPluginJar : add fmc
2026-06-01 22:46:29,698 [INFO] IPUIPlugin:80 - create IPUIPlugin
2026-06-01 22:46:29,698 [INFO] PluginManager:220 - loadIPPluginJar : add i2s
2026-06-01 22:46:29,701 [INFO] IPUIPlugin:80 - create IPUIPlugin
2026-06-01 22:46:29,702 [INFO] PluginManager:220 - loadIPPluginJar : add cryp
2026-06-01 22:46:29,709 [INFO] IPUIPlugin:80 - create IPUIPlugin
2026-06-01 22:46:29,710 [INFO] PluginManager:220 - loadIPPluginJar : add stm32_wpan
2026-06-01 22:46:29,713 [INFO] IPUIPlugin:80 - create IPUIPlugin
2026-06-01 22:46:29,713 [INFO] PluginManager:220 - loadIPPluginJar : add i3c
2026-06-01 22:46:29,715 [INFO] IPUIPlugin:80 - create IPUIPlugin
2026-06-01 22:46:29,716 [INFO] PluginManager:220 - loadIPPluginJar : add quadspi
2026-06-01 22:46:29,724 [INFO] IPUIPlugin:80 - create IPUIPlugin
2026-06-01 22:46:29,725 [INFO] PluginManager:220 - loadIPPluginJar : add dma
2026-06-01 22:46:29,726 [INFO] IPUIPlugin:80 - create IPUIPlugin
2026-06-01 22:46:29,727 [INFO] PluginManager:220 - loadIPPluginJar : add ltdc
2026-06-01 22:46:29,732 [INFO] IPUIPlugin:80 - create IPUIPlugin
2026-06-01 22:46:29,732 [INFO] PluginManager:220 - loadIPPluginJar : add nvic
2026-06-01 22:46:29,736 [INFO] IPUIPlugin:80 - create IPUIPlugin
2026-06-01 22:46:29,736 [INFO] PluginManager:220 - loadIPPluginJar : add opamp
2026-06-01 22:46:29,744 [INFO] IPUIPlugin:80 - create IPUIPlugin
2026-06-01 22:46:29,744 [INFO] PluginManager:220 - loadIPPluginJar : add freertos
2026-06-01 22:46:29,749 [INFO] IPUIPlugin:80 - create IPUIPlugin
2026-06-01 22:46:29,749 [INFO] PluginManager:220 - loadIPPluginJar : add hash
2026-06-01 22:46:29,754 [INFO] IPUIPlugin:80 - create IPUIPlugin
2026-06-01 22:46:29,754 [INFO] PluginManager:220 - loadIPPluginJar : add touchsensing
2026-06-01 22:46:29,757 [INFO] IPUIPlugin:80 - create IPUIPlugin
2026-06-01 22:46:29,757 [INFO] PluginManager:220 - loadIPPluginJar : add spi
2026-06-01 22:46:29,759 [INFO] IPUIPlugin:80 - create IPUIPlugin
2026-06-01 22:46:29,760 [INFO] PluginManager:220 - loadIPPluginJar : add comp
2026-06-01 22:46:29,762 [INFO] IPUIPlugin:80 - create IPUIPlugin
2026-06-01 22:46:29,762 [INFO] PluginManager:220 - loadIPPluginJar : add ucpd
2026-06-01 22:46:29,766 [INFO] IPUIPlugin:80 - create IPUIPlugin
2026-06-01 22:46:29,767 [INFO] PluginManager:220 - loadIPPluginJar : add ddr_ctrl_phy
2026-06-01 22:46:29,769 [INFO] IPUIPlugin:80 - create IPUIPlugin
2026-06-01 22:46:29,769 [INFO] PluginManager:220 - loadIPPluginJar : add fatfs
2026-06-01 22:46:29,772 [INFO] IPUIPlugin:80 - create IPUIPlugin
2026-06-01 22:46:29,772 [INFO] PluginManager:220 - loadIPPluginJar : add dma3
2026-06-01 22:46:29,776 [INFO] IPUIPlugin:80 - create IPUIPlugin
2026-06-01 22:46:29,776 [INFO] PluginManager:220 - loadIPPluginJar : add sai
2026-06-01 22:46:29,780 [INFO] IPUIPlugin:80 - create IPUIPlugin
2026-06-01 22:46:29,780 [INFO] PluginManager:220 - loadIPPluginJar : add extmemmanager
2026-06-01 22:46:29,784 [INFO] IPUIPlugin:80 - create IPUIPlugin
2026-06-01 22:46:29,784 [INFO] PluginManager:220 - loadIPPluginJar : add i2c
2026-06-01 22:46:29,786 [INFO] IPUIPlugin:80 - create IPUIPlugin
2026-06-01 22:46:29,787 [INFO] PluginManager:220 - loadIPPluginJar : add tracer_emb
2026-06-01 22:46:29,789 [INFO] IPUIPlugin:80 - create IPUIPlugin
2026-06-01 22:46:29,789 [INFO] PluginManager:220 - loadIPPluginJar : add ts
2026-06-01 22:46:29,794 [INFO] IPUIPlugin:80 - create IPUIPlugin
2026-06-01 22:46:29,794 [INFO] PluginManager:220 - loadIPPluginJar : add resmgrutility
2026-06-01 22:46:29,801 [INFO] IPUIPlugin:80 - create IPUIPlugin
2026-06-01 22:46:29,801 [INFO] PluginManager:220 - loadIPPluginJar : add gic
2026-06-01 22:46:29,804 [INFO] IPUIPlugin:80 - create IPUIPlugin
2026-06-01 22:46:29,805 [INFO] PluginManager:220 - loadIPPluginJar : add usart
2026-06-01 22:46:29,806 [INFO] IPUIPlugin:80 - create IPUIPlugin
2026-06-01 22:46:29,807 [INFO] PluginManager:220 - loadIPPluginJar : add tsc
2026-06-01 22:46:29,809 [INFO] IPUIPlugin:80 - create IPUIPlugin
2026-06-01 22:46:29,810 [INFO] PluginManager:220 - loadIPPluginJar : add gfxmmu
2026-06-01 22:46:29,819 [INFO] IPUIPlugin:80 - create IPUIPlugin
2026-06-01 22:46:29,819 [INFO] PluginManager:220 - loadIPPluginJar : add mdma
2026-06-01 22:46:29,822 [INFO] IPUIPlugin:80 - create IPUIPlugin
2026-06-01 22:46:29,823 [INFO] PluginManager:220 - loadIPPluginJar : add lorawan
2026-06-01 22:46:29,831 [INFO] IPUIPlugin:80 - create IPUIPlugin
2026-06-01 22:46:29,831 [INFO] PluginManager:220 - loadIPPluginJar : add adc
2026-06-01 22:46:29,833 [INFO] IPUIPlugin:80 - create IPUIPlugin
2026-06-01 22:46:29,834 [INFO] PluginManager:220 - loadIPPluginJar : add genericplugin
2026-06-01 22:46:29,837 [INFO] IPUIPlugin:80 - create IPUIPlugin
2026-06-01 22:46:29,837 [INFO] PluginManager:220 - loadIPPluginJar : add pdm2pcm
2026-06-01 22:46:29,839 [INFO] IPUIPlugin:80 - create IPUIPlugin
2026-06-01 22:46:29,840 [INFO] PluginManager:220 - loadIPPluginJar : add radio
2026-06-01 22:46:29,843 [INFO] IPUIPlugin:80 - create IPUIPlugin
2026-06-01 22:46:29,844 [INFO] PluginManager:220 - loadIPPluginJar : add aes
2026-06-01 22:46:29,852 [INFO] IPUIPlugin:80 - create IPUIPlugin
2026-06-01 22:46:29,856 [INFO] PluginManager:220 - loadIPPluginJar : add plateformsettings
2026-06-01 22:46:29,862 [INFO] IPUIPlugin:80 - create IPUIPlugin
2026-06-01 22:46:29,862 [INFO] PluginManager:220 - loadIPPluginJar : add gpio
2026-06-01 22:46:29,865 [INFO] IPUIPlugin:80 - create IPUIPlugin
2026-06-01 22:46:29,865 [INFO] PluginManager:220 - loadIPPluginJar : add dfsdm
2026-06-01 22:46:29,986 [FATAL] Updater:351 - Updater called before beeing initialized
2026-06-01 22:46:30,036 [INFO] RulesReader:64 - Compatibility file has been processed (297 Rules)
2026-06-01 22:46:30,060 [INFO] RulesReader:64 - Compatibility file has been processed (297 Rules)
2026-06-01 22:46:30,071 [INFO] CADModel:165 - CPN selected for project level
2026-06-01 22:46:30,071 [INFO] CADModel:114 - Register for checkConnection events
2026-06-01 22:46:30,071 [FATAL] Updater:351 - Updater called before beeing initialized
2026-06-01 22:46:30,071 [ERROR] CADModel:125 - Updater not yet initialized, retry later 
2026-06-01 22:46:30,272 [FATAL] Updater:351 - Updater called before beeing initialized
2026-06-01 22:46:30,274 [INFO] CADModel:165 - CPN selected for project level
2026-06-01 22:46:30,275 [INFO] CADModel:114 - Register for checkConnection events
2026-06-01 22:46:30,275 [FATAL] Updater:351 - Updater called before beeing initialized
2026-06-01 22:46:30,275 [ERROR] CADModel:125 - Updater not yet initialized, retry later 
2026-06-01 22:46:30,280 [FATAL] Updater:351 - Updater called before beeing initialized
2026-06-01 22:46:30,392 [FATAL] Updater:351 - Updater called before beeing initialized
2026-06-01 22:46:30,398 [INFO] DbMcusAds:53 - JSON generation date=Mon Apr 27 03:14:29 COT 2026 (1777277669577)
2026-06-01 22:46:30,398 [FATAL] Updater:351 - Updater called before beeing initialized
2026-06-01 22:46:30,458 [WARN] DetailPanel:346 - Failed to get advertising image, set to default
2026-06-01 22:46:30,970 [FATAL] Updater:351 - Updater called before beeing initialized
2026-06-01 22:46:30,973 [FATAL] Updater:351 - Updater called before beeing initialized
2026-06-01 22:46:30,973 [FATAL] Updater:351 - Updater called before beeing initialized
2026-06-01 22:46:30,973 [WARN] DetailPanel:346 - Failed to get advertising image, set to default
2026-06-01 22:46:30,975 [FATAL] Updater:351 - Updater called before beeing initialized
2026-06-01 22:46:31,028 [ERROR] Updater:1198 - MainUpdater not yet initialized. External WinMGr cannot be set.
2026-06-01 22:46:31,031 [INFO] Updater:1134 - Updater Version found : 6.13.0
2026-06-01 22:46:31,059 [INFO] ApplicationProperties:184 - Using Application install path: /opt/st/stm32cubeide_1.17.0_2/plugins/com.st.stm32cube.common.mx_6.13.0.202411220809
2026-06-01 22:46:31,479 [INFO] MainUpdater:2872 - connection check result : 10
2026-06-01 22:46:31,479 [INFO] MainUpdater:3566 - Updater definition file requires update
2026-06-01 22:46:31,480 [INFO] MainUpdater:289 - Updater Check For Update Now.
2026-06-01 22:46:31,480 [INFO] MicroXplorer:498 - Change Database Version : DB.6.0.130
2026-06-01 22:46:31,487 [INFO] McuFinderGlobals:63 - Set McuFinder mode to 2 (CubeIDE integrated)
2026-06-01 22:46:31,489 [INFO] UserAuth:486 - Internet connection configuration mode: 1
2026-06-01 22:46:31,509 [INFO] JxBrowserEngine:152 - Initiate JxBrowser Engine with user profile folder
2026-06-01 22:46:31,514 [INFO] ServerAccessManage:473 - Download File updaters.zip
2026-06-01 22:46:31,784 [INFO] FileExtend:240 - Unzip File : updaters.zip
2026-06-01 22:46:31,784 [INFO] FileExtend:255 - Standard Zip Deflate
2026-06-01 22:46:31,904 [WARN] MainUpdater:1193 - Updater busy. Cannot search thirdparties
2026-06-01 22:46:31,928 [INFO] ThirdPartyUpdaterWithRetryManager:96 - Updater plugin is busy. [1/15]
2026-06-01 22:46:32,120 [INFO] ServerAccessManage:473 - Download File PacksControlFlags.xml
2026-06-01 22:46:32,312 [INFO] ServerAccessManage:473 - Download File cubemx.pidx
2026-06-01 22:46:33,205 [INFO] WebApp:168 - Instantiating new browser for Auth
2026-06-01 22:46:34,117 [INFO] ServerAccessManage:473 - Download File STMicroelectronics.X-CUBE-SMBUS.pdsc
2026-06-01 22:46:34,692 [INFO] WebApp:449 - Apply proxy settings
2026-06-01 22:46:34,694 [INFO] WebApp:534 - Chromium requires no authentication
2026-06-01 22:46:34,712 [INFO] WebApp:477 - Direct internet connection detected
2026-06-01 22:46:34,728 [ERROR] ServerAccessManage:1089 - Problem, file not found on Server
2026-06-01 22:46:34,763 [INFO] WebApp:880 - Register for checkConnection events
2026-06-01 22:46:34,764 [INFO] WebApp:449 - Apply proxy settings
2026-06-01 22:46:34,764 [INFO] WebApp:534 - Chromium requires no authentication
2026-06-01 22:46:34,765 [INFO] WebApp:477 - Direct internet connection detected
2026-06-01 22:46:34,929 [WARN] MainUpdater:1193 - Updater busy. Cannot search thirdparties
2026-06-01 22:46:34,929 [INFO] ThirdPartyUpdaterWithRetryManager:96 - Updater plugin is busy. [2/15]
2026-06-01 22:46:35,060 [INFO] WebApp:221 - Starting web application
2026-06-01 22:46:35,060 [INFO] WebApp:579 - Web application path used /opt/st/stm32cubeide_1.17.0_2/plugins/com.st.stm32cube.common.mx_6.13.0.202411220809/db/plugins/mcufinder/reactClient1/index.html
2026-06-01 22:46:35,276 [INFO] UserAuth:486 - Internet connection configuration mode: 1
2026-06-01 22:46:35,386 [INFO] WebApp:187 - Connection restablished
2026-06-01 22:46:36,872 [WARN] PopulateThirdPartyThread:106 - Error when creating pack: /home/santiago/.stm32cubemx/thirdparties/pdsc/STMicroelectronics.X-CUBE-SMBUS.pdsc
2026-06-01 22:46:36,872 [INFO] PopulateThirdPartyThread:66 - Ending populate Thread
2026-06-01 22:46:36,872 [INFO] LoadServerUpdatesThread:375 - End of LoadServerUpdate Thread
2026-06-01 22:46:37,133 [INFO] CheckServerUpdateThread:120 - End of CheckServer Thread
2026-06-01 22:46:38,243 [WARN] PackLoader:240 - Cannot read IP mode file for STMicroelectronics.X-CUBE-AZRTOS-H7.3.5.0
2026-06-01 22:46:38,262 [WARN] PackLoader:240 - Cannot read IP mode file for STMicroelectronics.FP-SNS-MOTENVWB1.1.4.0
2026-06-01 22:46:38,267 [ERROR] Engine:466 - /home/santiago/.stm32cubemx/thirdparties/pdsc/STMicroelectronics.X-CUBE-SMBUS.2.1.1.pdsc: PDSC version is not supported
2026-06-01 22:46:38,271 [WARN] PackLoader:240 - Cannot read IP mode file for STMicroelectronics.X-CUBE-SMBUS.2.1.0
2026-06-01 22:46:38,316 [WARN] PackLoader:240 - Cannot read IP mode file for STMicroelectronics.X-CUBE-AZRTOS-F7.1.1.0
2026-06-01 22:46:38,329 [ERROR] Engine:466 - /home/santiago/.stm32cubemx/thirdparties/pdsc/WES.I-CUBE-Cesium.1.4.0.pdsc: PDSC version is not supported
2026-06-01 22:46:38,342 [WARN] PackLoader:240 - Cannot read IP mode file for STMicroelectronics.X-CUBE-DISPLAY.3.0.0
2026-06-01 22:46:38,364 [WARN] PackLoader:240 - Cannot read IP mode file for STMicroelectronics.X-CUBE-GNSS1.7.1.1
2026-06-01 22:46:38,370 [ERROR] Engine:466 - /home/santiago/.stm32cubemx/thirdparties/pdsc/STMicroelectronics.FP-SNS-MOTENVWB1.1.5.0.pdsc: PDSC version is not supported
2026-06-01 22:46:38,374 [WARN] PackLoader:240 - Cannot read IP mode file for wolfSSL.I-CUBE-wolfSSL.5.9.1
2026-06-01 22:46:38,392 [WARN] PackLoader:240 - Cannot read IP mode file for STMicroelectronics.X-CUBE-NFC10.1.0.0
2026-06-01 22:46:38,403 [WARN] PackLoader:240 - Cannot read IP mode file for STMicroelectronics.X-CUBE-ST60.1.1.0
2026-06-01 22:46:38,415 [WARN] PackLoader:240 - Cannot read IP mode file for emotas.I-CUBE-CANOPEN.1.3.0
2026-06-01 22:46:38,421 [WARN] PackLoader:240 - Cannot read IP mode file for STMicroelectronics.FP-SNS-SMARTAG2.1.2.0
2026-06-01 22:46:38,437 [INFO] LogOutputStream:77 - [STDOUT_REDIRECT] 1 : Invalid condition id : UX_CORESTACK_Condition cause : null
2026-06-01 22:46:38,438 [INFO] LogOutputStream:77 - [STDOUT_REDIRECT] 1 : Invalid condition id : UX_CORESTACK_Condition cause : null
2026-06-01 22:46:38,439 [INFO] LogOutputStream:77 - [STDOUT_REDIRECT] 1 : Invalid condition id : UX_CORESTACK_Condition cause : null
2026-06-01 22:46:38,439 [INFO] LogOutputStream:77 - [STDOUT_REDIRECT] 1 : Invalid condition id : UX_CORESTACK_Condition cause : null
2026-06-01 22:46:38,439 [INFO] LogOutputStream:77 - [STDOUT_REDIRECT] 1 : Invalid condition id : UX_CORESTACK_Condition cause : null
2026-06-01 22:46:38,448 [WARN] PackLoader:240 - Cannot read IP mode file for STMicroelectronics.X-CUBE-AZRTOS-WL.2.0.0
2026-06-01 22:46:38,499 [WARN] PackLoader:240 - Cannot read IP mode file for STMicroelectronics.X-CUBE-AZRTOS-H7RS.1.2.0
2026-06-01 22:46:38,520 [WARN] PackLoader:240 - Cannot read IP mode file for STMicroelectronics.X-CUBE-BLE2.3.3.0
2026-06-01 22:46:38,582 [WARN] PackLoader:240 - Cannot read IP mode file for Infineon.AIROC-Wi-Fi-Bluetooth-STM32.1.8.0
2026-06-01 22:46:38,602 [WARN] PackLoader:240 - Cannot read IP mode file for STMicroelectronics.X-CUBE-NFC9.1.0.0
2026-06-01 22:46:38,610 [WARN] PackLoader:240 - Cannot read IP mode file for wolfSSL.I-CUBE-wolfMQTT.1.19.2
2026-06-01 22:46:38,614 [ERROR] Engine:466 - /home/santiago/.stm32cubemx/thirdparties/pdsc/STMicroelectronics.FP-SNS-STAIOTCFT.1.1.0.pdsc: PDSC version is not supported
2026-06-01 22:46:38,644 [WARN] PackLoader:240 - Cannot read IP mode file for STMicroelectronics.X-CUBE-AZRTOS-G0.1.1.0
2026-06-01 22:46:38,654 [WARN] PackLoader:240 - Cannot read IP mode file for STMicroelectronics.X-CUBE-NFC4.3.0.0
2026-06-01 22:46:38,674 [WARN] PackLoader:240 - Cannot read IP mode file for EmbeddedOffice.I-CUBE-FS-RTOS.1.0.1
2026-06-01 22:46:38,679 [WARN] PackLoader:240 - Cannot read IP mode file for wolfSSL.I-CUBE-wolfTPM.3.8.0
2026-06-01 22:46:38,686 [WARN] PackLoader:240 - Cannot read IP mode file for STMicroelectronics.X-CUBE-TCPP.4.2.0
2026-06-01 22:46:38,695 [WARN] PackLoader:240 - Cannot read IP mode file for RealThread.X-CUBE-RT-Thread_Nano.4.1.1
2026-06-01 22:46:38,700 [WARN] PackLoader:240 - Cannot read IP mode file for STMicroelectronics.FP-ATR-SIGFOX1.3.2.0
2026-06-01 22:46:38,704 [ERROR] Engine:466 - /home/santiago/.stm32cubemx/thirdparties/pdsc/STMicroelectronics.X-CUBE-FREERTOS.1.5.0.pdsc: PDSC version is not supported
2026-06-01 22:46:38,713 [WARN] PackLoader:240 - Cannot read IP mode file for ITTIA_DB.I-CUBE-ITTIADB.8.9.0
2026-06-01 22:46:38,720 [WARN] PackLoader:240 - Cannot read IP mode file for Cesanta.I-CUBE-Mongoose.7.21.7
2026-06-01 22:46:38,731 [WARN] PackLoader:240 - Cannot read IP mode file for STMicroelectronics.X-CUBE-NFC6.3.2.0
2026-06-01 22:46:38,850 [WARN] PackLoader:240 - Cannot read IP mode file for STMicroelectronics.X-CUBE-MEMS1.12.1.0
2026-06-01 22:46:39,168 [WARN] PackLoader:240 - Cannot read IP mode file for SEGGER.I-CUBE-embOS.1.3.1
2026-06-01 22:46:39,267 [WARN] PackLoader:240 - Cannot read IP mode file for STMicroelectronics.X-CUBE-ALGOBUILD.1.4.0
2026-06-01 22:46:39,272 [WARN] PackLoader:240 - Cannot read IP mode file for STMicroelectronics.X-CUBE-PM33A1.1.0.0
2026-06-01 22:46:39,303 [WARN] PackLoader:240 - Cannot read IP mode file for STMicroelectronics.X-CUBE-AZRTOS-F4.1.1.0
2026-06-01 22:46:39,314 [WARN] PackLoader:240 - Cannot read IP mode file for STMicroelectronics.X-CUBE-ISPU.2.1.0
2026-06-01 22:46:39,324 [ERROR] Engine:466 - /home/santiago/.stm32cubemx/thirdparties/pdsc/STMicroelectronics.X-CUBE-IPS.3.2.0.pdsc: PDSC version is not supported
2026-06-01 22:46:39,329 [WARN] PackLoader:240 - Cannot read IP mode file for STMicroelectronics.eDS-WB_DPC_TT-BIDIR.2.1.1
2026-06-01 22:46:39,339 [WARN] PackLoader:240 - Cannot read IP mode file for STMicroelectronics.X-CUBE-NFC12.1.0.0
2026-06-01 22:46:39,388 [WARN] PackLoader:240 - Cannot read IP mode file for STMicroelectronics.X-CUBE-AZRTOS-L5.2.0.0
2026-06-01 22:46:39,412 [WARN] PackLoader:240 - Cannot read IP mode file for STMicroelectronics.X-CUBE-ALGOBUILD.1.5.0
2026-06-01 22:46:39,417 [WARN] PackLoader:240 - Cannot read IP mode file for STMicroelectronics.eDS-WB_DPC_VIENNA.1.2.0
2026-06-01 22:46:39,420 [WARN] PackLoader:240 - Cannot read IP mode file for STMicroelectronics.eDS-WB_DPC_3PH2L-BIDIR.1.1.1
2026-06-01 22:46:39,424 [ERROR] Engine:466 - /home/santiago/.stm32cubemx/thirdparties/pdsc/STMicroelectronics.X-CUBE-ST67W61.1.3.0.pdsc: PDSC version is not supported
2026-06-01 22:46:39,430 [WARN] PackLoader:240 - Cannot read IP mode file for STMicroelectronics.X-CUBE-TOUCHGFX.4.26.1
2026-06-01 22:46:39,437 [WARN] PackLoader:240 - Cannot read IP mode file for STMicroelectronics.FP-SNS-STAIOTCFT.1.0.0
2026-06-01 22:46:39,479 [WARN] ConditionMgr:438 - getConditionDescription Invalid condition id : LAN8742 Phy interface Condition cause : null
2026-06-01 22:46:39,481 [WARN] PackLoader:240 - Cannot read IP mode file for STMicroelectronics.X-CUBE-AZRTOS-L4.2.0.0
2026-06-01 22:46:39,483 [WARN] ConditionMgr:1044 - genDependencies : Invalid condition id : LAN8742 Phy interface Condition cause : null
2026-06-01 22:46:39,484 [WARN] ConditionMgr:1044 - genDependencies : Invalid condition id : LAN8742 Phy interface Condition cause : null
2026-06-01 22:46:39,485 [WARN] ConditionMgr:1044 - genDependencies : Invalid condition id : LAN8742 Phy interface Condition cause : null
2026-06-01 22:46:39,500 [WARN] PackLoader:240 - Cannot read IP mode file for STMicroelectronics.X-CUBE-SFXS2LP1.4.0.0
2026-06-01 22:46:39,514 [WARN] PackLoader:240 - Cannot read IP mode file for STMicroelectronics.X-CUBE-WB05N.2.1.0
2026-06-01 22:46:39,539 [WARN] ConditionMgr:438 - getConditionDescription Invalid condition id : UX DEVICE CLASS RTOS Condition cause : null
2026-06-01 22:46:39,540 [WARN] ConditionMgr:438 - getConditionDescription Invalid condition id : UX DEVICE CLASS RTOS Condition cause : null
2026-06-01 22:46:39,546 [WARN] PackLoader:240 - Cannot read IP mode file for STMicroelectronics.X-CUBE-AZRTOS-WB.2.0.0
2026-06-01 22:46:39,547 [WARN] ConditionMgr:1044 - genDependencies : Invalid condition id : UX DEVICE CLASS RTOS Condition cause : null
2026-06-01 22:46:39,547 [WARN] ConditionMgr:1044 - genDependencies : Invalid condition id : UX DEVICE CLASS RTOS Condition cause : null
2026-06-01 22:46:39,548 [WARN] ConditionMgr:1044 - genDependencies : Invalid condition id : UX DEVICE CLASS RTOS Condition cause : null
2026-06-01 22:46:39,549 [WARN] ConditionMgr:1044 - genDependencies : Invalid condition id : UX DEVICE CLASS RTOS Condition cause : null
2026-06-01 22:46:39,549 [WARN] ConditionMgr:1044 - genDependencies : Invalid condition id : UX DEVICE CLASS RTOS Condition cause : null
2026-06-01 22:46:39,554 [WARN] ConditionMgr:438 - getConditionDescription Invalid condition id : Cortex-A Device cause : null
2026-06-01 22:46:39,562 [WARN] ConditionMgr:1044 - genDependencies : Invalid condition id : Cortex-A Device cause : null
2026-06-01 22:46:39,562 [WARN] ConditionMgr:1044 - genDependencies : Invalid condition id : Cortex-A Device cause : null
2026-06-01 22:46:39,562 [WARN] ConditionMgr:1044 - genDependencies : Invalid condition id : Cortex-A Device cause : null
2026-06-01 22:46:39,573 [WARN] PackLoader:240 - Cannot read IP mode file for STMicroelectronics.X-CUBE-STSE01.2.0.0
2026-06-01 22:46:39,596 [WARN] PackLoader:240 - Cannot read IP mode file for STMicroelectronics.X-CUBE-SUBG2.5.0.0
2026-06-01 22:46:39,638 [WARN] PackLoader:240 - Cannot read IP mode file for STMicroelectronics.X-CUBE-AZRTOS-G4.2.0.0
2026-06-01 22:46:39,647 [WARN] PackLoader:240 - Cannot read IP mode file for wolfSSL.I-CUBE-wolfSSH.1.4.20
2026-06-01 22:46:39,652 [WARN] PackLoader:240 - Cannot read IP mode file for STMicroelectronics.X-CUBE-NFC7.2.0.0
2026-06-01 22:46:39,660 [WARN] PackLoader:240 - Cannot read IP mode file for STMicroelectronics.X-CUBE-ALS.1.0.2
2026-06-01 22:46:39,681 [WARN] PackLoader:240 - Cannot read IP mode file for STMicroelectronics.X-CUBE-TOF1.3.4.3
2026-06-01 22:46:39,719 [INFO] ThirdParty:978 - Integrity check success = true
2026-06-01 22:46:39,719 [INFO] IntegrityCheckThread:100 - exiting critical section [integrity check]
2026-06-01 22:46:39,719 [INFO] IntegrityCheckThread:103 - End integrity checks thread
2026-06-01 23:01:25,692 [INFO] WebApp:190 - Connection lost
2026-06-01 23:01:25,987 [INFO] WebApp:187 - Connection restablished
2026-06-01 23:01:38,665 [INFO] WebApp:190 - Connection lost
2026-06-01 23:01:39,124 [INFO] WebApp:187 - Connection restablished
2026-06-01 23:17:49,272 [INFO] WebApp:190 - Connection lost
2026-06-01 23:17:50,170 [INFO] WebApp:187 - Connection restablished
2026-06-01 23:18:03,392 [INFO] WebApp:190 - Connection lost
2026-06-01 23:18:03,838 [INFO] WebApp:187 - Connection restablished
2026-06-01 23:18:25,254 [INFO] WebApp:190 - Connection lost
2026-06-01 23:18:26,313 [INFO] WebApp:187 - Connection restablished
2026-06-01 23:20:52,566 [INFO] WebApp:190 - Connection lost
2026-06-01 23:20:53,238 [INFO] WebApp:187 - Connection restablished
2026-06-01 23:25:19,563 [INFO] WebApp:190 - Connection lost
2026-06-01 23:25:20,439 [INFO] WebApp:187 - Connection restablished
2026-06-01 23:25:42,751 [INFO] WebApp:190 - Connection lost
2026-06-01 23:25:43,178 [INFO] WebApp:187 - Connection restablished
2026-06-01 23:27:04,596 [INFO] WebApp:190 - Connection lost
2026-06-01 23:27:05,470 [INFO] WebApp:187 - Connection restablished
2026-06-01 23:27:18,849 [INFO] WebApp:190 - Connection lost
2026-06-01 23:27:19,096 [INFO] WebApp:187 - Connection restablished
2026-06-01 23:27:43,732 [INFO] WebApp:190 - Connection lost
2026-06-01 23:27:44,600 [INFO] WebApp:187 - Connection restablished
2026-06-01 23:27:57,985 [INFO] WebApp:190 - Connection lost
2026-06-01 23:27:58,431 [INFO] WebApp:187 - Connection restablished
2026-06-01 23:44:29,920 [INFO] WebApp:190 - Connection lost
2026-06-01 23:44:35,407 [INFO] WebApp:187 - Connection restablished
2026-06-01 23:46:56,558 [INFO] WebApp:190 - Connection lost
2026-06-01 23:46:57,322 [INFO] WebApp:187 - Connection restablished
