2026-05-21 09:46:20,142 [INFO] Activator:176 - 


2026-05-21 09:46:20,148 [INFO] Activator:177 - !SESSION log4j initialized
2026-05-21 09:46:23,900 [INFO] LogOutputStream:77 - [STDOUT_REDIRECT] 
2026-05-21 09:46:24,535 [INFO] ApplicationProperties:184 - Using Application install path: /opt/st/stm32cubeide_1.17.0_2/plugins/com.st.stm32cube.common.mx_6.13.0.202411220809
2026-05-21 09:46:24,562 [INFO] DbMcusXml:78 - Set database path to: /opt/st/stm32cubeide_1.17.0_2/plugins/com.st.stm32cube.common.mx_6.13.0.202411220809//db//mcu/
2026-05-21 09:46:24,562 [INFO] ApiDb:274 - Set plugin database path to: /opt/st/stm32cubeide_1.17.0_2/plugins/com.st.stm32cube.common.mx_6.13.0.202411220809//db//plugins/boardmanager/
2026-05-21 09:46:24,562 [WARN] ApiDb:259 - Overriding images path with different value:  => /opt/st/stm32cubeide_1.17.0_2/plugins/com.st.stm32cube.common.mx_6.13.0.202411220809//db//plugins/mcufinder/images/
2026-05-21 09:46:24,572 [INFO] ApiDb:250 - Set database path to: /home/santiago/.stmcufinder/plugins/mcufinder//mcu/
2026-05-21 09:46:24,573 [INFO] DbMcusAds:125 - Set database path to: /home/santiago/.stmcufinder/plugins/mcufinder//mcu/
2026-05-21 09:46:24,576 [INFO] CrossReferenceDbSqlite:203 - Set database path to: /home/santiago/.stmcufinder/plugins/mcufinder//mcu/cs/
2026-05-21 09:46:24,685 [INFO] RulesReader:64 - Compatibility file has been processed (297 Rules)
2026-05-21 09:46:24,739 [INFO] DbMcusXml:78 - Set database path to: /opt/st/stm32cubeide_1.17.0_2/plugins/com.st.stm32cube.common.mx_6.13.0.202411220809//db//mcu/
2026-05-21 09:46:24,739 [INFO] ApiDb:274 - Set plugin database path to: /opt/st/stm32cubeide_1.17.0_2/plugins/com.st.stm32cube.common.mx_6.13.0.202411220809//db//plugins/boardmanager/
2026-05-21 09:46:24,739 [INFO] ApiDb:261 - Set plugin images path to: /opt/st/stm32cubeide_1.17.0_2/plugins/com.st.stm32cube.common.mx_6.13.0.202411220809//db//plugins/mcufinder/images/
2026-05-21 09:46:24,739 [WARN] DbFile:41 - Overriding database path with different value: /home/santiago/.stmcufinder/plugins/mcufinder/ => /home/santiago/.stmcufinder/plugins/mcufinder
2026-05-21 09:46:24,739 [INFO] ApiDb:250 - Set database path to: /home/santiago/.stmcufinder/plugins/mcufinder//mcu/
2026-05-21 09:46:24,739 [WARN] DbFile:41 - Overriding database path with different value: /home/santiago/.stmcufinder/plugins/mcufinder/ => /home/santiago/.stmcufinder/plugins/mcufinder
2026-05-21 09:46:24,739 [INFO] DbMcusAds:125 - Set database path to: /home/santiago/.stmcufinder/plugins/mcufinder//mcu/
2026-05-21 09:46:24,739 [WARN] DbFile:41 - Overriding database path with different value: /home/santiago/.stmcufinder/plugins/mcufinder/ => /home/santiago/.stmcufinder/plugins/mcufinder
2026-05-21 09:46:24,739 [WARN] DbFile:41 - Overriding database path with different value: /home/santiago/.stmcufinder/plugins/mcufinder/ => /home/santiago/.stmcufinder/plugins/mcufinder
2026-05-21 09:46:24,740 [INFO] CrossReferenceDbSqlite:203 - Set database path to: /home/santiago/.stmcufinder/plugins/mcufinder//mcu/cs/
2026-05-21 09:46:24,804 [INFO] MainPanel:272 - HeapMemory: 268435456
2026-05-21 09:46:24,915 [INFO] DbMcusXml:78 - Set database path to: /opt/st/stm32cubeide_1.17.0_2/plugins/com.st.stm32cube.common.mx_6.13.0.202411220809//db//mcu/
2026-05-21 09:46:24,915 [INFO] ApiDb:274 - Set plugin database path to: /opt/st/stm32cubeide_1.17.0_2/plugins/com.st.stm32cube.common.mx_6.13.0.202411220809//db//plugins/boardmanager/
2026-05-21 09:46:24,915 [INFO] ApiDb:261 - Set plugin images path to: /opt/st/stm32cubeide_1.17.0_2/plugins/com.st.stm32cube.common.mx_6.13.0.202411220809//db//plugins/mcufinder/images/
2026-05-21 09:46:24,915 [WARN] DbFile:41 - Overriding database path with different value: /home/santiago/.stmcufinder/plugins/mcufinder/ => /home/santiago/.stmcufinder/plugins/mcufinder
2026-05-21 09:46:24,915 [INFO] ApiDb:250 - Set database path to: /home/santiago/.stmcufinder/plugins/mcufinder//mcu/
2026-05-21 09:46:24,915 [WARN] DbFile:41 - Overriding database path with different value: /home/santiago/.stmcufinder/plugins/mcufinder/ => /home/santiago/.stmcufinder/plugins/mcufinder
2026-05-21 09:46:24,916 [INFO] DbMcusAds:125 - Set database path to: /home/santiago/.stmcufinder/plugins/mcufinder//mcu/
2026-05-21 09:46:24,916 [WARN] DbFile:41 - Overriding database path with different value: /home/santiago/.stmcufinder/plugins/mcufinder/ => /home/santiago/.stmcufinder/plugins/mcufinder
2026-05-21 09:46:24,916 [WARN] DbFile:41 - Overriding database path with different value: /home/santiago/.stmcufinder/plugins/mcufinder/ => /home/santiago/.stmcufinder/plugins/mcufinder
2026-05-21 09:46:24,916 [INFO] CrossReferenceDbSqlite:203 - Set database path to: /home/santiago/.stmcufinder/plugins/mcufinder//mcu/cs/
2026-05-21 09:46:24,929 [INFO] ApplicationProperties:184 - Using Application install path: /opt/st/stm32cubeide_1.17.0_2/plugins/com.st.stm32cube.common.mx_6.13.0.202411220809
2026-05-21 09:46:24,931 [INFO] PluginManage:196 - Search for loadable plugins [exclusion list=, ]
2026-05-21 09:46:24,932 [INFO] PluginManage:310 - Check plugin analytics
2026-05-21 09:46:25,140 [INFO] AnalyticsPlugin:253 - Accepted Software Licenses: 
2026-05-21 09:46:25,140 [INFO] AnalyticsPlugin:255 - Accepted CMSIS Pack Licenses: 
2026-05-21 09:46:25,140 [INFO] AnalyticsPlugin:257 - Accepted Firmware Licenses: FW.F4.1.28.0
2026-05-21 09:46:25,142 [INFO] PluginManage:359 - Loaded plugin analytics (category:tool,tabindex:-1)
2026-05-21 09:46:25,142 [INFO] PluginManage:310 - Check plugin cadmodel
2026-05-21 09:46:25,146 [INFO] CADModel:105 - Init CAD model plugin
2026-05-21 09:46:25,147 [INFO] PluginManage:359 - Loaded plugin cadmodel (category:power,tabindex:5)
2026-05-21 09:46:25,147 [INFO] PluginManage:310 - Check plugin clock
2026-05-21 09:46:25,155 [INFO] PluginManage:359 - Loaded plugin clock (category:base,tabindex:2)
2026-05-21 09:46:25,155 [INFO] PluginManage:310 - Check plugin ddr
2026-05-21 09:46:25,157 [INFO] PluginManage:359 - Loaded plugin ddr (category:tool,tabindex:6)
2026-05-21 09:46:25,157 [INFO] PluginManage:310 - Check plugin filemanager
2026-05-21 09:46:25,301 [INFO] PluginManage:359 - Loaded plugin filemanager (category:base,tabindex:10)
2026-05-21 09:46:25,302 [INFO] PluginManage:310 - Check plugin ipmanager
2026-05-21 09:46:25,310 [INFO] PluginManage:359 - Loaded plugin ipmanager (category:base,tabindex:5)
2026-05-21 09:46:25,310 [INFO] PluginManage:310 - Check plugin lpbam
2026-05-21 09:46:25,317 [INFO] PluginManage:359 - Loaded plugin lpbam (category:base,tabindex:0)
2026-05-21 09:46:25,317 [INFO] PluginManage:310 - Check plugin memorymap
2026-05-21 09:46:25,327 [INFO] PluginManage:359 - Loaded plugin memorymap (category:base,tabindex:4)
2026-05-21 09:46:25,327 [INFO] PluginManage:310 - Check plugin pinoutandconfiguration
2026-05-21 09:46:25,334 [INFO] PluginManage:359 - Loaded plugin pinoutandconfiguration (category:base,tabindex:1)
2026-05-21 09:46:25,334 [INFO] PluginManage:310 - Check plugin pinoutconfig
2026-05-21 09:46:25,410 [WARN] SupportedApi:132 - Cannot load RTOS API schema: s4s-elt-must-match.1: The content of 'definitions' must match (annotation?, (simpleType | complexType)?, (unique | key | keyref)*)). A problem was found starting at: attribute.
2026-05-21 09:46:25,537 [INFO] PluginManage:359 - Loaded plugin pinoutconfig (category:base,tabindex:0)
2026-05-21 09:46:25,537 [INFO] PluginManage:310 - Check plugin power
2026-05-21 09:46:25,546 [INFO] PluginManage:359 - Loaded plugin power (category:power,tabindex:4)
2026-05-21 09:46:25,546 [INFO] PluginManage:310 - Check plugin projectmanager
2026-05-21 09:46:25,560 [INFO] PluginManage:359 - Loaded plugin projectmanager (category:projectmanager,tabindex:4)
2026-05-21 09:46:25,560 [INFO] PluginManage:310 - Check plugin rif
2026-05-21 09:46:25,566 [INFO] PluginManage:359 - Loaded plugin rif (category:base,tabindex:3)
2026-05-21 09:46:25,566 [INFO] PluginManage:310 - Check plugin thirdparty
2026-05-21 09:46:25,671 [WARN] IntegrityCheckThread:84 - waiting for thirdparty lock release [integrity check]
2026-05-21 09:46:25,671 [INFO] PluginManage:359 - Loaded plugin thirdparty (category:base,tabindex:-1)
2026-05-21 09:46:25,671 [INFO] IntegrityCheckThread:86 - entering critical section [integrity check]
2026-05-21 09:46:25,671 [INFO] PluginManage:310 - Check plugin tools
2026-05-21 09:46:25,672 [INFO] ThirdPartyUpdaterWithRetryManager:70 - Updater plugin not ready yet. [1/15]
2026-05-21 09:46:25,674 [INFO] PluginManage:359 - Loaded plugin tools (category:base,tabindex:7)
2026-05-21 09:46:25,674 [INFO] PluginManage:310 - Check plugin tutovideos
2026-05-21 09:46:25,828 [INFO] PluginManage:359 - Loaded plugin tutovideos (category:base,tabindex:-1)
2026-05-21 09:46:25,828 [INFO] PluginManage:310 - Check plugin updater
2026-05-21 09:46:25,849 [INFO] PluginManage:359 - Loaded plugin updater (category:base,tabindex:12)
2026-05-21 09:46:25,849 [INFO] PluginManage:310 - Check plugin userauth
2026-05-21 09:46:25,853 [INFO] UserAuth:118 - Init User Auth plugin
2026-05-21 09:46:25,854 [INFO] PluginManage:359 - Loaded plugin userauth (category:base,tabindex:14)
2026-05-21 09:46:25,855 [INFO] PluginManage:283 - PluginManage : Loaded plugins [18]
2026-05-21 09:46:26,024 [INFO] PinOutPanel:1589 - setPackage(No Configuration,No Configuration)
2026-05-21 09:46:26,079 [INFO] CADModel:165 - CPN selected for project level
2026-05-21 09:46:26,080 [INFO] CADModel:114 - Register for checkConnection events
2026-05-21 09:46:26,091 [INFO] IPUIPlugin:80 - create IPUIPlugin
2026-05-21 09:46:26,091 [INFO] PluginManager:220 - loadIPPluginJar : add ipddr
2026-05-21 09:46:26,093 [INFO] IPUIPlugin:80 - create IPUIPlugin
2026-05-21 09:46:26,094 [INFO] PluginManager:220 - loadIPPluginJar : add gtzc
2026-05-21 09:46:26,096 [INFO] IPUIPlugin:80 - create IPUIPlugin
2026-05-21 09:46:26,096 [INFO] PluginManager:220 - loadIPPluginJar : add usbx
2026-05-21 09:46:26,098 [INFO] IPUIPlugin:80 - create IPUIPlugin
2026-05-21 09:46:26,099 [INFO] PluginManager:220 - loadIPPluginJar : add openamp
2026-05-21 09:46:26,100 [INFO] IPUIPlugin:80 - create IPUIPlugin
2026-05-21 09:46:26,101 [INFO] PluginManager:220 - loadIPPluginJar : add can
2026-05-21 09:46:26,108 [INFO] IPUIPlugin:80 - create IPUIPlugin
2026-05-21 09:46:26,108 [INFO] PluginManager:220 - loadIPPluginJar : add linkedlist
2026-05-21 09:46:26,110 [INFO] IPUIPlugin:80 - create IPUIPlugin
2026-05-21 09:46:26,110 [INFO] PluginManager:220 - loadIPPluginJar : add tim
2026-05-21 09:46:26,117 [INFO] IPUIPlugin:80 - create IPUIPlugin
2026-05-21 09:46:26,117 [INFO] PluginManager:220 - loadIPPluginJar : add fmc
2026-05-21 09:46:26,120 [INFO] IPUIPlugin:80 - create IPUIPlugin
2026-05-21 09:46:26,120 [INFO] PluginManager:220 - loadIPPluginJar : add i2s
2026-05-21 09:46:26,123 [INFO] IPUIPlugin:80 - create IPUIPlugin
2026-05-21 09:46:26,123 [INFO] PluginManager:220 - loadIPPluginJar : add cryp
2026-05-21 09:46:26,130 [INFO] IPUIPlugin:80 - create IPUIPlugin
2026-05-21 09:46:26,130 [INFO] PluginManager:220 - loadIPPluginJar : add stm32_wpan
2026-05-21 09:46:26,134 [INFO] IPUIPlugin:80 - create IPUIPlugin
2026-05-21 09:46:26,134 [INFO] PluginManager:220 - loadIPPluginJar : add i3c
2026-05-21 09:46:26,136 [INFO] IPUIPlugin:80 - create IPUIPlugin
2026-05-21 09:46:26,137 [INFO] PluginManager:220 - loadIPPluginJar : add quadspi
2026-05-21 09:46:26,143 [INFO] IPUIPlugin:80 - create IPUIPlugin
2026-05-21 09:46:26,144 [INFO] PluginManager:220 - loadIPPluginJar : add dma
2026-05-21 09:46:26,149 [INFO] IPUIPlugin:80 - create IPUIPlugin
2026-05-21 09:46:26,149 [INFO] PluginManager:220 - loadIPPluginJar : add ltdc
2026-05-21 09:46:26,152 [INFO] IPUIPlugin:80 - create IPUIPlugin
2026-05-21 09:46:26,152 [INFO] PluginManager:220 - loadIPPluginJar : add nvic
2026-05-21 09:46:26,154 [INFO] IPUIPlugin:80 - create IPUIPlugin
2026-05-21 09:46:26,154 [INFO] PluginManager:220 - loadIPPluginJar : add opamp
2026-05-21 09:46:26,159 [INFO] IPUIPlugin:80 - create IPUIPlugin
2026-05-21 09:46:26,159 [INFO] PluginManager:220 - loadIPPluginJar : add freertos
2026-05-21 09:46:26,161 [INFO] IPUIPlugin:80 - create IPUIPlugin
2026-05-21 09:46:26,161 [INFO] PluginManager:220 - loadIPPluginJar : add hash
2026-05-21 09:46:26,164 [INFO] IPUIPlugin:80 - create IPUIPlugin
2026-05-21 09:46:26,165 [INFO] PluginManager:220 - loadIPPluginJar : add touchsensing
2026-05-21 09:46:26,166 [INFO] IPUIPlugin:80 - create IPUIPlugin
2026-05-21 09:46:26,166 [INFO] PluginManager:220 - loadIPPluginJar : add spi
2026-05-21 09:46:26,168 [INFO] IPUIPlugin:80 - create IPUIPlugin
2026-05-21 09:46:26,168 [INFO] PluginManager:220 - loadIPPluginJar : add comp
2026-05-21 09:46:26,169 [INFO] IPUIPlugin:80 - create IPUIPlugin
2026-05-21 09:46:26,169 [INFO] PluginManager:220 - loadIPPluginJar : add ucpd
2026-05-21 09:46:26,172 [INFO] IPUIPlugin:80 - create IPUIPlugin
2026-05-21 09:46:26,172 [INFO] PluginManager:220 - loadIPPluginJar : add ddr_ctrl_phy
2026-05-21 09:46:26,174 [INFO] IPUIPlugin:80 - create IPUIPlugin
2026-05-21 09:46:26,174 [INFO] PluginManager:220 - loadIPPluginJar : add fatfs
2026-05-21 09:46:26,176 [INFO] IPUIPlugin:80 - create IPUIPlugin
2026-05-21 09:46:26,176 [INFO] PluginManager:220 - loadIPPluginJar : add dma3
2026-05-21 09:46:26,178 [INFO] IPUIPlugin:80 - create IPUIPlugin
2026-05-21 09:46:26,179 [INFO] PluginManager:220 - loadIPPluginJar : add sai
2026-05-21 09:46:26,181 [INFO] IPUIPlugin:80 - create IPUIPlugin
2026-05-21 09:46:26,181 [INFO] PluginManager:220 - loadIPPluginJar : add extmemmanager
2026-05-21 09:46:26,183 [INFO] IPUIPlugin:80 - create IPUIPlugin
2026-05-21 09:46:26,183 [INFO] PluginManager:220 - loadIPPluginJar : add i2c
2026-05-21 09:46:26,185 [INFO] IPUIPlugin:80 - create IPUIPlugin
2026-05-21 09:46:26,185 [INFO] PluginManager:220 - loadIPPluginJar : add tracer_emb
2026-05-21 09:46:26,186 [INFO] IPUIPlugin:80 - create IPUIPlugin
2026-05-21 09:46:26,187 [INFO] PluginManager:220 - loadIPPluginJar : add ts
2026-05-21 09:46:26,189 [INFO] IPUIPlugin:80 - create IPUIPlugin
2026-05-21 09:46:26,190 [INFO] PluginManager:220 - loadIPPluginJar : add resmgrutility
2026-05-21 09:46:26,194 [INFO] IPUIPlugin:80 - create IPUIPlugin
2026-05-21 09:46:26,194 [INFO] PluginManager:220 - loadIPPluginJar : add gic
2026-05-21 09:46:26,196 [INFO] IPUIPlugin:80 - create IPUIPlugin
2026-05-21 09:46:26,196 [INFO] PluginManager:220 - loadIPPluginJar : add usart
2026-05-21 09:46:26,197 [INFO] IPUIPlugin:80 - create IPUIPlugin
2026-05-21 09:46:26,197 [INFO] PluginManager:220 - loadIPPluginJar : add tsc
2026-05-21 09:46:26,199 [INFO] IPUIPlugin:80 - create IPUIPlugin
2026-05-21 09:46:26,199 [INFO] PluginManager:220 - loadIPPluginJar : add gfxmmu
2026-05-21 09:46:26,205 [INFO] IPUIPlugin:80 - create IPUIPlugin
2026-05-21 09:46:26,205 [INFO] PluginManager:220 - loadIPPluginJar : add mdma
2026-05-21 09:46:26,207 [INFO] IPUIPlugin:80 - create IPUIPlugin
2026-05-21 09:46:26,207 [INFO] PluginManager:220 - loadIPPluginJar : add lorawan
2026-05-21 09:46:26,213 [INFO] IPUIPlugin:80 - create IPUIPlugin
2026-05-21 09:46:26,213 [INFO] PluginManager:220 - loadIPPluginJar : add adc
2026-05-21 09:46:26,214 [INFO] IPUIPlugin:80 - create IPUIPlugin
2026-05-21 09:46:26,214 [INFO] PluginManager:220 - loadIPPluginJar : add genericplugin
2026-05-21 09:46:26,217 [INFO] IPUIPlugin:80 - create IPUIPlugin
2026-05-21 09:46:26,217 [INFO] PluginManager:220 - loadIPPluginJar : add pdm2pcm
2026-05-21 09:46:26,218 [INFO] IPUIPlugin:80 - create IPUIPlugin
2026-05-21 09:46:26,219 [INFO] PluginManager:220 - loadIPPluginJar : add radio
2026-05-21 09:46:26,221 [INFO] IPUIPlugin:80 - create IPUIPlugin
2026-05-21 09:46:26,221 [INFO] PluginManager:220 - loadIPPluginJar : add aes
2026-05-21 09:46:26,226 [INFO] IPUIPlugin:80 - create IPUIPlugin
2026-05-21 09:46:26,228 [INFO] PluginManager:220 - loadIPPluginJar : add plateformsettings
2026-05-21 09:46:26,232 [INFO] IPUIPlugin:80 - create IPUIPlugin
2026-05-21 09:46:26,233 [INFO] PluginManager:220 - loadIPPluginJar : add gpio
2026-05-21 09:46:26,235 [INFO] IPUIPlugin:80 - create IPUIPlugin
2026-05-21 09:46:26,235 [INFO] PluginManager:220 - loadIPPluginJar : add dfsdm
2026-05-21 09:46:26,338 [FATAL] Updater:351 - Updater called before beeing initialized
2026-05-21 09:46:26,361 [INFO] RulesReader:64 - Compatibility file has been processed (297 Rules)
2026-05-21 09:46:26,370 [INFO] RulesReader:64 - Compatibility file has been processed (297 Rules)
2026-05-21 09:46:26,380 [INFO] CADModel:165 - CPN selected for project level
2026-05-21 09:46:26,380 [INFO] CADModel:114 - Register for checkConnection events
2026-05-21 09:46:26,380 [FATAL] Updater:351 - Updater called before beeing initialized
2026-05-21 09:46:26,380 [ERROR] CADModel:125 - Updater not yet initialized, retry later 
2026-05-21 09:46:26,489 [FATAL] Updater:351 - Updater called before beeing initialized
2026-05-21 09:46:26,490 [INFO] CADModel:165 - CPN selected for project level
2026-05-21 09:46:26,491 [INFO] CADModel:114 - Register for checkConnection events
2026-05-21 09:46:26,491 [FATAL] Updater:351 - Updater called before beeing initialized
2026-05-21 09:46:26,491 [ERROR] CADModel:125 - Updater not yet initialized, retry later 
2026-05-21 09:46:26,493 [FATAL] Updater:351 - Updater called before beeing initialized
2026-05-21 09:46:26,551 [FATAL] Updater:351 - Updater called before beeing initialized
2026-05-21 09:46:26,554 [INFO] DbMcusAds:53 - JSON generation date=Mon Apr 27 03:14:29 COT 2026 (1777277669577)
2026-05-21 09:46:26,554 [FATAL] Updater:351 - Updater called before beeing initialized
2026-05-21 09:46:26,585 [WARN] DetailPanel:346 - Failed to get advertising image, set to default
2026-05-21 09:46:26,837 [FATAL] Updater:351 - Updater called before beeing initialized
2026-05-21 09:46:26,839 [FATAL] Updater:351 - Updater called before beeing initialized
2026-05-21 09:46:26,839 [FATAL] Updater:351 - Updater called before beeing initialized
2026-05-21 09:46:26,839 [WARN] DetailPanel:346 - Failed to get advertising image, set to default
2026-05-21 09:46:26,840 [FATAL] Updater:351 - Updater called before beeing initialized
2026-05-21 09:46:26,868 [ERROR] Updater:1198 - MainUpdater not yet initialized. External WinMGr cannot be set.
2026-05-21 09:46:26,870 [INFO] Updater:1134 - Updater Version found : 6.13.0
2026-05-21 09:46:26,884 [INFO] ApplicationProperties:184 - Using Application install path: /opt/st/stm32cubeide_1.17.0_2/plugins/com.st.stm32cube.common.mx_6.13.0.202411220809
2026-05-21 09:46:27,134 [INFO] MainUpdater:2872 - connection check result : 10
2026-05-21 09:46:27,135 [INFO] MainUpdater:289 - Updater Check For Update Now.
2026-05-21 09:46:27,135 [INFO] MicroXplorer:498 - Change Database Version : DB.6.0.130
2026-05-21 09:46:27,140 [INFO] McuFinderGlobals:63 - Set McuFinder mode to 2 (CubeIDE integrated)
2026-05-21 09:46:27,142 [INFO] UserAuth:486 - Internet connection configuration mode: 1
2026-05-21 09:46:27,159 [INFO] JxBrowserEngine:152 - Initiate JxBrowser Engine with user profile folder
2026-05-21 09:46:27,339 [INFO] CheckServerUpdateThread:120 - End of CheckServer Thread
2026-05-21 09:46:28,098 [INFO] WebApp:168 - Instantiating new browser for Auth
2026-05-21 09:46:28,970 [WARN] PackLoader:240 - Cannot read IP mode file for STMicroelectronics.X-CUBE-AZRTOS-H7.3.5.0
2026-05-21 09:46:28,984 [INFO] WebApp:449 - Apply proxy settings
2026-05-21 09:46:28,984 [INFO] WebApp:534 - Chromium requires no authentication
2026-05-21 09:46:28,993 [WARN] PackLoader:240 - Cannot read IP mode file for STMicroelectronics.FP-SNS-MOTENVWB1.1.4.0
2026-05-21 09:46:28,995 [INFO] WebApp:477 - Direct internet connection detected
2026-05-21 09:46:29,005 [WARN] PackLoader:240 - Cannot read IP mode file for STMicroelectronics.X-CUBE-SMBUS.2.1.0
2026-05-21 09:46:29,022 [INFO] WebApp:880 - Register for checkConnection events
2026-05-21 09:46:29,022 [INFO] WebApp:449 - Apply proxy settings
2026-05-21 09:46:29,023 [INFO] WebApp:534 - Chromium requires no authentication
2026-05-21 09:46:29,023 [INFO] WebApp:477 - Direct internet connection detected
2026-05-21 09:46:29,056 [WARN] PackLoader:240 - Cannot read IP mode file for STMicroelectronics.X-CUBE-AZRTOS-F7.1.1.0
2026-05-21 09:46:29,072 [ERROR] Engine:466 - /home/santiago/.stm32cubemx/thirdparties/pdsc/WES.I-CUBE-Cesium.1.4.0.pdsc: PDSC version is not supported
2026-05-21 09:46:29,084 [WARN] PackLoader:240 - Cannot read IP mode file for STMicroelectronics.X-CUBE-DISPLAY.3.0.0
2026-05-21 09:46:29,102 [WARN] PackLoader:240 - Cannot read IP mode file for STMicroelectronics.X-CUBE-GNSS1.7.1.1
2026-05-21 09:46:29,107 [ERROR] Engine:466 - /home/santiago/.stm32cubemx/thirdparties/pdsc/STMicroelectronics.FP-SNS-MOTENVWB1.1.5.0.pdsc: PDSC version is not supported
2026-05-21 09:46:29,111 [WARN] PackLoader:240 - Cannot read IP mode file for wolfSSL.I-CUBE-wolfSSL.5.9.1
2026-05-21 09:46:29,119 [WARN] PackLoader:240 - Cannot read IP mode file for STMicroelectronics.X-CUBE-NFC10.1.0.0
2026-05-21 09:46:29,127 [WARN] PackLoader:240 - Cannot read IP mode file for STMicroelectronics.X-CUBE-ST60.1.1.0
2026-05-21 09:46:29,133 [WARN] PackLoader:240 - Cannot read IP mode file for emotas.I-CUBE-CANOPEN.1.3.0
2026-05-21 09:46:29,138 [WARN] PackLoader:240 - Cannot read IP mode file for STMicroelectronics.FP-SNS-SMARTAG2.1.2.0
2026-05-21 09:46:29,149 [INFO] LogOutputStream:77 - [STDOUT_REDIRECT] 1 : Invalid condition id : UX_CORESTACK_Condition cause : null
2026-05-21 09:46:29,150 [INFO] LogOutputStream:77 - [STDOUT_REDIRECT] 1 : Invalid condition id : UX_CORESTACK_Condition cause : null
2026-05-21 09:46:29,150 [INFO] LogOutputStream:77 - [STDOUT_REDIRECT] 1 : Invalid condition id : UX_CORESTACK_Condition cause : null
2026-05-21 09:46:29,150 [INFO] LogOutputStream:77 - [STDOUT_REDIRECT] 1 : Invalid condition id : UX_CORESTACK_Condition cause : null
2026-05-21 09:46:29,150 [INFO] LogOutputStream:77 - [STDOUT_REDIRECT] 1 : Invalid condition id : UX_CORESTACK_Condition cause : null
2026-05-21 09:46:29,154 [WARN] PackLoader:240 - Cannot read IP mode file for STMicroelectronics.X-CUBE-AZRTOS-WL.2.0.0
2026-05-21 09:46:29,178 [WARN] PackLoader:240 - Cannot read IP mode file for STMicroelectronics.X-CUBE-AZRTOS-H7RS.1.2.0
2026-05-21 09:46:29,185 [WARN] PackLoader:240 - Cannot read IP mode file for STMicroelectronics.X-CUBE-BLE2.3.3.0
2026-05-21 09:46:29,201 [INFO] WebApp:221 - Starting web application
2026-05-21 09:46:29,201 [INFO] WebApp:579 - Web application path used /opt/st/stm32cubeide_1.17.0_2/plugins/com.st.stm32cube.common.mx_6.13.0.202411220809/db/plugins/mcufinder/reactClient1/index.html
2026-05-21 09:46:29,256 [WARN] PackLoader:240 - Cannot read IP mode file for Infineon.AIROC-Wi-Fi-Bluetooth-STM32.1.8.0
2026-05-21 09:46:29,273 [WARN] PackLoader:240 - Cannot read IP mode file for STMicroelectronics.X-CUBE-NFC9.1.0.0
2026-05-21 09:46:29,278 [WARN] PackLoader:240 - Cannot read IP mode file for wolfSSL.I-CUBE-wolfMQTT.1.19.2
2026-05-21 09:46:29,281 [ERROR] Engine:466 - /home/santiago/.stm32cubemx/thirdparties/pdsc/STMicroelectronics.FP-SNS-STAIOTCFT.1.1.0.pdsc: PDSC version is not supported
2026-05-21 09:46:29,298 [WARN] PackLoader:240 - Cannot read IP mode file for STMicroelectronics.X-CUBE-AZRTOS-G0.1.1.0
2026-05-21 09:46:29,305 [WARN] PackLoader:240 - Cannot read IP mode file for STMicroelectronics.X-CUBE-NFC4.3.0.0
2026-05-21 09:46:29,318 [WARN] PackLoader:240 - Cannot read IP mode file for EmbeddedOffice.I-CUBE-FS-RTOS.1.0.1
2026-05-21 09:46:29,322 [WARN] PackLoader:240 - Cannot read IP mode file for wolfSSL.I-CUBE-wolfTPM.3.8.0
2026-05-21 09:46:29,329 [WARN] PackLoader:240 - Cannot read IP mode file for STMicroelectronics.X-CUBE-TCPP.4.2.0
2026-05-21 09:46:29,335 [WARN] PackLoader:240 - Cannot read IP mode file for RealThread.X-CUBE-RT-Thread_Nano.4.1.1
2026-05-21 09:46:29,339 [WARN] PackLoader:240 - Cannot read IP mode file for STMicroelectronics.FP-ATR-SIGFOX1.3.2.0
2026-05-21 09:46:29,343 [ERROR] Engine:466 - /home/santiago/.stm32cubemx/thirdparties/pdsc/STMicroelectronics.X-CUBE-FREERTOS.1.5.0.pdsc: PDSC version is not supported
2026-05-21 09:46:29,349 [WARN] PackLoader:240 - Cannot read IP mode file for ITTIA_DB.I-CUBE-ITTIADB.8.9.0
2026-05-21 09:46:29,360 [WARN] PackLoader:240 - Cannot read IP mode file for STMicroelectronics.X-CUBE-NFC6.3.2.0
2026-05-21 09:46:29,381 [INFO] UserAuth:486 - Internet connection configuration mode: 1
2026-05-21 09:46:29,504 [INFO] WebApp:187 - Connection restablished
2026-05-21 09:46:29,508 [WARN] PackLoader:240 - Cannot read IP mode file for STMicroelectronics.X-CUBE-MEMS1.12.1.0
2026-05-21 09:46:29,724 [WARN] PackLoader:240 - Cannot read IP mode file for SEGGER.I-CUBE-embOS.1.3.1
2026-05-21 09:46:29,843 [WARN] PackLoader:240 - Cannot read IP mode file for STMicroelectronics.X-CUBE-ALGOBUILD.1.4.0
2026-05-21 09:46:29,849 [WARN] PackLoader:240 - Cannot read IP mode file for STMicroelectronics.X-CUBE-PM33A1.1.0.0
2026-05-21 09:46:29,884 [WARN] PackLoader:240 - Cannot read IP mode file for STMicroelectronics.X-CUBE-AZRTOS-F4.1.1.0
2026-05-21 09:46:29,899 [WARN] PackLoader:240 - Cannot read IP mode file for STMicroelectronics.X-CUBE-ISPU.2.1.0
2026-05-21 09:46:29,912 [ERROR] Engine:466 - /home/santiago/.stm32cubemx/thirdparties/pdsc/STMicroelectronics.X-CUBE-IPS.3.2.0.pdsc: PDSC version is not supported
2026-05-21 09:46:29,916 [WARN] PackLoader:240 - Cannot read IP mode file for STMicroelectronics.eDS-WB_DPC_TT-BIDIR.2.1.1
2026-05-21 09:46:29,925 [WARN] PackLoader:240 - Cannot read IP mode file for STMicroelectronics.X-CUBE-NFC12.1.0.0
2026-05-21 09:46:29,961 [WARN] PackLoader:240 - Cannot read IP mode file for STMicroelectronics.X-CUBE-AZRTOS-L5.2.0.0
2026-05-21 09:46:29,969 [WARN] PackLoader:240 - Cannot read IP mode file for STMicroelectronics.eDS-WB_DPC_VIENNA.1.2.0
2026-05-21 09:46:29,972 [WARN] PackLoader:240 - Cannot read IP mode file for STMicroelectronics.eDS-WB_DPC_3PH2L-BIDIR.1.1.1
2026-05-21 09:46:29,980 [ERROR] Engine:466 - /home/santiago/.stm32cubemx/thirdparties/pdsc/STMicroelectronics.X-CUBE-ST67W61.1.3.0.pdsc: PDSC version is not supported
2026-05-21 09:46:29,984 [WARN] PackLoader:240 - Cannot read IP mode file for STMicroelectronics.X-CUBE-TOUCHGFX.4.26.1
2026-05-21 09:46:29,990 [WARN] PackLoader:240 - Cannot read IP mode file for STMicroelectronics.FP-SNS-STAIOTCFT.1.0.0
2026-05-21 09:46:30,020 [WARN] ConditionMgr:438 - getConditionDescription Invalid condition id : LAN8742 Phy interface Condition cause : null
2026-05-21 09:46:30,021 [WARN] PackLoader:240 - Cannot read IP mode file for STMicroelectronics.X-CUBE-AZRTOS-L4.2.0.0
2026-05-21 09:46:30,022 [WARN] ConditionMgr:1044 - genDependencies : Invalid condition id : LAN8742 Phy interface Condition cause : null
2026-05-21 09:46:30,022 [WARN] ConditionMgr:1044 - genDependencies : Invalid condition id : LAN8742 Phy interface Condition cause : null
2026-05-21 09:46:30,024 [WARN] ConditionMgr:1044 - genDependencies : Invalid condition id : LAN8742 Phy interface Condition cause : null
2026-05-21 09:46:30,034 [WARN] PackLoader:240 - Cannot read IP mode file for STMicroelectronics.X-CUBE-SFXS2LP1.4.0.0
2026-05-21 09:46:30,043 [WARN] PackLoader:240 - Cannot read IP mode file for STMicroelectronics.X-CUBE-WB05N.2.1.0
2026-05-21 09:46:30,065 [WARN] ConditionMgr:438 - getConditionDescription Invalid condition id : UX DEVICE CLASS RTOS Condition cause : null
2026-05-21 09:46:30,066 [WARN] ConditionMgr:438 - getConditionDescription Invalid condition id : UX DEVICE CLASS RTOS Condition cause : null
2026-05-21 09:46:30,070 [WARN] PackLoader:240 - Cannot read IP mode file for STMicroelectronics.X-CUBE-AZRTOS-WB.2.0.0
2026-05-21 09:46:30,072 [WARN] ConditionMgr:1044 - genDependencies : Invalid condition id : UX DEVICE CLASS RTOS Condition cause : null
2026-05-21 09:46:30,072 [WARN] ConditionMgr:1044 - genDependencies : Invalid condition id : UX DEVICE CLASS RTOS Condition cause : null
2026-05-21 09:46:30,073 [WARN] ConditionMgr:1044 - genDependencies : Invalid condition id : UX DEVICE CLASS RTOS Condition cause : null
2026-05-21 09:46:30,075 [WARN] ConditionMgr:1044 - genDependencies : Invalid condition id : UX DEVICE CLASS RTOS Condition cause : null
2026-05-21 09:46:30,076 [WARN] ConditionMgr:1044 - genDependencies : Invalid condition id : UX DEVICE CLASS RTOS Condition cause : null
2026-05-21 09:46:30,082 [WARN] ConditionMgr:438 - getConditionDescription Invalid condition id : Cortex-A Device cause : null
2026-05-21 09:46:30,096 [WARN] ConditionMgr:1044 - genDependencies : Invalid condition id : Cortex-A Device cause : null
2026-05-21 09:46:30,096 [WARN] ConditionMgr:1044 - genDependencies : Invalid condition id : Cortex-A Device cause : null
2026-05-21 09:46:30,096 [WARN] ConditionMgr:1044 - genDependencies : Invalid condition id : Cortex-A Device cause : null
2026-05-21 09:46:30,108 [WARN] PackLoader:240 - Cannot read IP mode file for STMicroelectronics.X-CUBE-STSE01.2.0.0
2026-05-21 09:46:30,121 [WARN] PackLoader:240 - Cannot read IP mode file for STMicroelectronics.X-CUBE-SUBG2.5.0.0
2026-05-21 09:46:30,149 [WARN] PackLoader:240 - Cannot read IP mode file for STMicroelectronics.X-CUBE-AZRTOS-G4.2.0.0
2026-05-21 09:46:30,153 [WARN] PackLoader:240 - Cannot read IP mode file for wolfSSL.I-CUBE-wolfSSH.1.4.20
2026-05-21 09:46:30,160 [WARN] PackLoader:240 - Cannot read IP mode file for STMicroelectronics.X-CUBE-NFC7.2.0.0
2026-05-21 09:46:30,165 [WARN] PackLoader:240 - Cannot read IP mode file for STMicroelectronics.X-CUBE-ALS.1.0.2
2026-05-21 09:46:30,183 [WARN] PackLoader:240 - Cannot read IP mode file for STMicroelectronics.X-CUBE-TOF1.3.4.3
2026-05-21 09:46:30,204 [INFO] ThirdParty:978 - Integrity check success = true
2026-05-21 09:46:30,204 [INFO] IntegrityCheckThread:100 - exiting critical section [integrity check]
2026-05-21 09:46:30,204 [INFO] IntegrityCheckThread:103 - End integrity checks thread
2026-05-21 11:52:18,347 [ERROR] LogOutputStream:75 - [STDERR_REDIRECT] 
